Loading Zephyr default modules (Zephyr base).
CMake Warning at /home/sinis/zephyrproject/zephyr/subsys/usb/device/CMakeLists.txt:22 (message):
  CONFIG_USB_DEVICE_VID has default value 0x2FE3.

  This value is only for testing and MUST be configured for USB products.


CMake Warning at /home/sinis/zephyrproject/zephyr/CMakeLists.txt:1022 (message):
  No SOURCES given to Zephyr library: drivers__led

  Excluding target from build.


