-- west build: making build dir /home/sinis/zephyrproject/zephyr/sinis/test/build pristine
-- west build: generating a build system
-- Application: /home/sinis/zephyrproject/zephyr/sinis/test
-- CMake version: 4.0.0
-- Found Python3: /home/sinis/zephyrproject/.venv/bin/python3 (found suitable version "3.12.3", minimum required is "3.10") found components: Interpreter
-- Cache files will be written to: /home/sinis/.cache/zephyr
-- Zephyr version: 4.1.99 (/home/sinis/zephyrproject/zephyr)
-- Found west (found suitable version "1.3.0", minimum required is "0.14.0")
-- Board: atlas_nrf52833, qualifiers: nrf52833
-- ZEPHYR_TOOLCHAIN_VARIANT not set, trying to locate Zephyr SDK
-- Found host-tools: zephyr 0.17.0 (/home/sinis/zephyr-sdk-0.17.0)
-- Found toolchain: zephyr 0.17.0 (/home/sinis/zephyr-sdk-0.17.0)
-- Found Dtc: /home/sinis/zephyr-sdk-0.17.0/sysroots/x86_64-pokysdk-linux/usr/bin/dtc (found suitable version "1.6.0", minimum required is "1.4.6")
-- Found BOARD.dts: /home/sinis/zephyrproject/zephyr/boards/sinis/atlas_nrf52833/atlas_nrf52833.dts
-- Found devicetree overlay: /home/sinis/zephyrproject/zephyr/sinis/test/app.overlay
-- Generated zephyr.dts: /home/sinis/zephyrproject/zephyr/sinis/test/build/zephyr/zephyr.dts
-- Generated pickled edt: /home/sinis/zephyrproject/zephyr/sinis/test/build/zephyr/edt.pickle
-- Generated devicetree_generated.h: /home/sinis/zephyrproject/zephyr/sinis/test/build/zephyr/include/generated/zephyr/devicetree_generated.h
-- Including generated dts.cmake file: /home/sinis/zephyrproject/zephyr/sinis/test/build/zephyr/dts.cmake
Parsing /home/sinis/zephyrproject/zephyr/Kconfig
Loaded configuration '/home/sinis/zephyrproject/zephyr/boards/sinis/atlas_nrf52833/atlas_nrf52833_defconfig'
Merged configuration '/home/sinis/zephyrproject/zephyr/sinis/test/prj.conf'
Configuration saved to '/home/sinis/zephyrproject/zephyr/sinis/test/build/zephyr/.config'
Kconfig header saved to '/home/sinis/zephyrproject/zephyr/sinis/test/build/zephyr/include/generated/zephyr/autoconf.h'
-- Found GnuLd: /home/sinis/zephyr-sdk-0.17.0/arm-zephyr-eabi/arm-zephyr-eabi/bin/ld.bfd (found version "2.38")
-- The C compiler identification is GNU 12.2.0
-- The CXX compiler identification is GNU 12.2.0
-- The ASM compiler identification is GNU
-- Found assembler: /home/sinis/zephyr-sdk-0.17.0/arm-zephyr-eabi/bin/arm-zephyr-eabi-gcc
-- Using ccache: /usr/bin/ccache
-- Configuring done (2.0s)
-- Generating done (0.0s)
-- Build files have been written to: /home/sinis/zephyrproject/zephyr/sinis/test/build
-- west build: building application
[1/164] Preparing syscall dependency handling

[2/164] Generating include/generated/zephyr/version.h
-- Zephyr version: 4.1.99 (/home/sinis/zephyrproject/zephyr), build: v4.1.0-1511-g19c6240b6865
[3/164] Generating misc/generated/syscalls_subdirs.trigger
[4/164] Generating misc/generated/syscalls.json, misc/generated/struct_tags.json
[5/164] Generating include/generated/device-api-sections.ld, include/generated/device-api-sections.cmake
[6/164] Generating include/generated/zephyr/syscall_dispatch.c, include/generated/zephyr/syscall_exports_llext.c, syscall_weakdefs_llext.c, include/generated/zephyr/syscall_list.h
[7/164] Generating include/generated/zephyr/driver-validation.h
[8/164] Generating include/generated/zephyr/kobj-types-enum.h, include/generated/zephyr/otype-to-str.h, include/generated/zephyr/otype-to-size.h
[9/164] Building C object zephyr/CMakeFiles/offsets.dir/arch/arm/core/offsets/offsets.c.obj
[10/164] Generating include/generated/zephyr/offsets.h
[11/164] Building C object zephyr/CMakeFiles/zephyr.dir/misc/generated/configs.c.obj
[12/164] Building C object zephyr/CMakeFiles/zephyr.dir/lib/utils/dec.c.obj
[13/164] Building C object zephyr/CMakeFiles/zephyr.dir/lib/utils/timeutil.c.obj
[14/164] Building C object zephyr/CMakeFiles/zephyr.dir/lib/utils/hex.c.obj
[15/164] Building C object zephyr/CMakeFiles/zephyr.dir/lib/utils/ring_buffer.c.obj
[16/164] Building C object zephyr/CMakeFiles/zephyr.dir/subsys/mem_mgmt/mem_attr.c.obj
[17/164] Building C object zephyr/CMakeFiles/zephyr.dir/lib/os/sem.c.obj
[18/164] Building C object zephyr/CMakeFiles/zephyr.dir/lib/os/assert.c.obj
[19/164] Building C object zephyr/CMakeFiles/zephyr.dir/lib/utils/notify.c.obj
[20/164] Building C object zephyr/CMakeFiles/zephyr.dir/subsys/logging/log_cache.c.obj
[21/164] Building C object zephyr/CMakeFiles/zephyr.dir/lib/os/printk.c.obj
[22/164] Building C object zephyr/CMakeFiles/zephyr.dir/subsys/tracing/tracing_none.c.obj
[23/164] Building ASM object zephyr/arch/arch/arm/core/CMakeFiles/arch__arm__core.dir/nmi_on_reset.S.obj
[24/164] Building C object zephyr/CMakeFiles/zephyr.dir/subsys/logging/backends/log_backend_uart.c.obj
[25/164] Building C object zephyr/CMakeFiles/zephyr.dir/lib/os/thread_entry.c.obj
[26/164] Generating linker_zephyr_pre0.cmd
[27/164] Building C object CMakeFiles/app.dir/src/main.c.obj
/home/sinis/zephyrproject/zephyr/sinis/test/src/main.c: In function 'main':
/home/sinis/zephyrproject/zephyr/sinis/test/src/main.c:66:32: warning: missing braces around initializer [-Wmissing-braces]
   66 |     struct spi_config config = {
      |                                ^
[28/164] Building ASM object zephyr/arch/arch/arm/core/cortex_m/CMakeFiles/arch__arm__core__cortex_m.dir/fault_s.S.obj
[29/164] Building C object zephyr/CMakeFiles/zephyr_pre0.dir/misc/empty_file.c.obj
[30/164] Linking C static library app/libapp.a
[31/164] Building C object zephyr/CMakeFiles/zephyr.dir/subsys/logging/log_msg.c.obj
[32/164] Building C object zephyr/CMakeFiles/zephyr.dir/subsys/logging/log_output.c.obj
[33/164] Building C object zephyr/arch/common/CMakeFiles/arch__common.dir/sw_isr_common.c.obj
[34/164] Building C object zephyr/arch/common/CMakeFiles/isr_tables.dir/isr_tables.c.obj
[35/164] Building C object zephyr/CMakeFiles/zephyr.dir/lib/heap/heap.c.obj
[36/164] Building C object zephyr/CMakeFiles/zephyr.dir/subsys/usb/device/usb_work_q.c.obj
[37/164] Building C object zephyr/CMakeFiles/zephyr.dir/lib/utils/onoff.c.obj
[38/164] Building C object zephyr/CMakeFiles/zephyr.dir/lib/utils/bitarray.c.obj
[39/164] Building C object zephyr/CMakeFiles/zephyr.dir/lib/utils/rb.c.obj
[40/164] Building ASM object zephyr/arch/arch/arm/core/cortex_m/CMakeFiles/arch__arm__core__cortex_m.dir/reset.S.obj
[41/164] Linking C static library zephyr/arch/common/libisr_tables.a
[42/164] Building C object zephyr/CMakeFiles/zephyr.dir/subsys/logging/log_mgmt.c.obj
[43/164] Building C object zephyr/CMakeFiles/zephyr.dir/lib/os/cbprintf_complete.c.obj
[44/164] Building ASM object zephyr/arch/arch/arm/core/cortex_m/CMakeFiles/arch__arm__core__cortex_m.dir/vector_table.S.obj
[45/164] Building ASM object zephyr/arch/arch/arm/core/cortex_m/CMakeFiles/arch__arm__core__cortex_m.dir/__aeabi_read_tp.S.obj
[46/164] Building C object zephyr/arch/arch/arm/core/CMakeFiles/arch__arm__core.dir/nmi.c.obj
[47/164] Building C object zephyr/CMakeFiles/zephyr.dir/lib/os/mpsc_pbuf.c.obj
[48/164] Building C object zephyr/CMakeFiles/zephyr.dir/lib/os/cbprintf_packaged.c.obj
[49/164] Building ASM object zephyr/arch/arch/arm/core/cortex_m/CMakeFiles/arch__arm__core__cortex_m.dir/swap_helper.S.obj
[50/164] Linking C static library zephyr/arch/common/libarch__common.a
[51/164] Building C object zephyr/arch/arch/arm/core/CMakeFiles/arch__arm__core.dir/tls.c.obj
[52/164] Building C object zephyr/CMakeFiles/zephyr.dir/subsys/logging/log_core.c.obj
[53/164] Building C object zephyr/arch/arch/arm/core/cortex_m/CMakeFiles/arch__arm__core__cortex_m.dir/exc_exit.c.obj
[54/164] Building C object zephyr/arch/arch/arm/core/cortex_m/CMakeFiles/arch__arm__core__cortex_m.dir/thread_abort.c.obj
[55/164] Building C object zephyr/arch/arch/arm/core/CMakeFiles/arch__arm__core.dir/fatal.c.obj
[56/164] Building C object zephyr/arch/arch/arm/core/cortex_m/CMakeFiles/arch__arm__core__cortex_m.dir/fpu.c.obj
[57/164] Building C object zephyr/arch/arch/arm/core/cortex_m/CMakeFiles/arch__arm__core__cortex_m.dir/scb.c.obj
[58/164] Building C object zephyr/arch/arch/arm/core/cortex_m/CMakeFiles/arch__arm__core__cortex_m.dir/prep_c.c.obj
[59/164] Building C object zephyr/arch/arch/arm/core/mpu/CMakeFiles/arch__arm__core__mpu.dir/arm_mpu_regions.c.obj
[60/164] Linking C static library zephyr/arch/arch/arm/core/libarch__arm__core.a
[61/164] Building C object zephyr/arch/arch/arm/core/cortex_m/CMakeFiles/arch__arm__core__cortex_m.dir/irq_init.c.obj
[62/164] Building C object zephyr/arch/arch/arm/core/cortex_m/CMakeFiles/arch__arm__core__cortex_m.dir/irq_manage.c.obj
[63/164] Building C object zephyr/arch/arch/arm/core/cortex_m/CMakeFiles/arch__arm__core__cortex_m.dir/isr_wrapper.c.obj
[64/164] Building C object zephyr/arch/arch/arm/core/cortex_m/CMakeFiles/arch__arm__core__cortex_m.dir/thread.c.obj
[65/164] Building C object zephyr/arch/arch/arm/core/cortex_m/CMakeFiles/arch__arm__core__cortex_m.dir/cpu_idle.c.obj
[66/164] Building C object zephyr/arch/arch/arm/core/mpu/CMakeFiles/arch__arm__core__mpu.dir/arm_core_mpu.c.obj
[67/164] Building C object zephyr/lib/libc/picolibc/CMakeFiles/lib__libc__picolibc.dir/errno_wrap.c.obj
[68/164] Building C object zephyr/lib/libc/picolibc/CMakeFiles/lib__libc__picolibc.dir/assert.c.obj
[69/164] Building C object zephyr/lib/libc/picolibc/CMakeFiles/lib__libc__picolibc.dir/cbprintf.c.obj
[70/164] Building C object zephyr/lib/libc/picolibc/CMakeFiles/lib__libc__picolibc.dir/chk_fail.c.obj
[71/164] Building C object zephyr/CMakeFiles/zephyr.dir/subsys/usb/device/usb_transfer.c.obj
[72/164] Building C object zephyr/soc/soc/nrf52833/CMakeFiles/soc__nordic.dir/validate_binding_headers.c.obj
[73/164] Building C object zephyr/lib/libc/picolibc/CMakeFiles/lib__libc__picolibc.dir/locks.c.obj
[74/164] Building C object zephyr/lib/libc/common/CMakeFiles/lib__libc__common.dir/source/stdlib/abort.c.obj
[75/164] Building C object zephyr/drivers/serial/CMakeFiles/drivers__serial.dir/home/sinis/zephyrproject/zephyr/misc/empty_file.c.obj
[76/164] Building C object zephyr/lib/libc/picolibc/CMakeFiles/lib__libc__picolibc.dir/exit.c.obj
[77/164] Building C object zephyr/soc/soc/nrf52833/CMakeFiles/soc__nordic.dir/validate_enabled_instances.c.obj
[78/164] Linking C static library zephyr/drivers/serial/libdrivers__serial.a
[79/164] Building C object zephyr/lib/libc/common/CMakeFiles/lib__libc__common.dir/source/stdlib/malloc.c.obj
[80/164] Building C object zephyr/lib/libc/picolibc/CMakeFiles/lib__libc__picolibc.dir/stdio.c.obj
[81/164] Linking C static library zephyr/lib/libc/common/liblib__libc__common.a
[82/164] Linking C static library zephyr/lib/libc/picolibc/liblib__libc__picolibc.a
[83/164] Building C object zephyr/soc/soc/nrf52833/CMakeFiles/soc__nordic.dir/validate_base_addresses.c.obj
[84/164] Building C object zephyr/drivers/pinctrl/CMakeFiles/drivers__pinctrl.dir/common.c.obj
[85/164] Building C object zephyr/drivers/console/CMakeFiles/drivers__console.dir/uart_console.c.obj
[86/164] Building C object modules/hal_nordic/nrfx/CMakeFiles/modules__hal_nordic__nrfx.dir/home/sinis/zephyrproject/modules/hal/nordic/nrfx/mdk/system_nrf52833.c.obj
[87/164] Building C object zephyr/arch/arch/arm/core/mpu/CMakeFiles/arch__arm__core__mpu.dir/arm_mpu.c.obj
[88/164] Building C object zephyr/soc/soc/nrf52833/CMakeFiles/soc__nordic.dir/nrf52/soc.c.obj
[89/164] Building C object zephyr/drivers/hwinfo/CMakeFiles/drivers__hwinfo.dir/hwinfo_weak_impl.c.obj
[90/164] Linking C static library zephyr/arch/arch/arm/core/mpu/libarch__arm__core__mpu.a
[91/164] Linking C static library zephyr/drivers/console/libdrivers__console.a
[92/164] Linking C static library zephyr/soc/soc/nrf52833/libsoc__nordic.a
[93/164] Building C object zephyr/CMakeFiles/zephyr.dir/subsys/usb/device/usb_descriptor.c.obj
[94/164] Building C object zephyr/drivers/hwinfo/CMakeFiles/drivers__hwinfo.dir/hwinfo_nrf.c.obj
[95/164] Building C object zephyr/drivers/timer/CMakeFiles/drivers__timer.dir/sys_clock_init.c.obj
[96/164] Building C object modules/hal_nordic/nrfx/CMakeFiles/modules__hal_nordic__nrfx.dir/home/sinis/zephyrproject/modules/hal/nordic/nrfx/helpers/nrfx_flag32_allocator.c.obj
[97/164] Building C object zephyr/arch/arch/arm/core/cortex_m/CMakeFiles/arch__arm__core__cortex_m.dir/fault.c.obj
[98/164] Linking C static library zephyr/drivers/hwinfo/libdrivers__hwinfo.a
[99/164] Building C object zephyr/drivers/led/CMakeFiles/drivers__led.dir/led_gpio.c.obj
[100/164] Building C object modules/hal_nordic/nrfx/CMakeFiles/modules__hal_nordic__nrfx.dir/nrfx_glue.c.obj
[101/164] Linking C static library zephyr/arch/arch/arm/core/cortex_m/libarch__arm__core__cortex_m.a
[102/164] Linking C static library zephyr/drivers/led/libdrivers__led.a
[103/164] Building C object zephyr/kernel/CMakeFiles/kernel.dir/device.c.obj
[104/164] Building C object zephyr/kernel/CMakeFiles/kernel.dir/init_static.c.obj
[105/164] Building C object zephyr/drivers/clock_control/CMakeFiles/drivers__clock_control.dir/clock_control_nrf.c.obj
[106/164] Building C object zephyr/kernel/CMakeFiles/kernel.dir/main_weak.c.obj
[107/164] Building C object modules/hal_nordic/nrfx/CMakeFiles/modules__hal_nordic__nrfx.dir/home/sinis/zephyrproject/modules/hal/nordic/nrfx/helpers/nrfx_ram_ctrl.c.obj
[108/164] Building C object zephyr/kernel/CMakeFiles/kernel.dir/version.c.obj
[109/164] Linking C static library zephyr/drivers/clock_control/libdrivers__clock_control.a
[110/164] Building C object zephyr/kernel/CMakeFiles/kernel.dir/busy_wait.c.obj
[111/164] Building C object zephyr/drivers/timer/CMakeFiles/drivers__timer.dir/nrf_rtc_timer.c.obj
[112/164] Building C object zephyr/kernel/CMakeFiles/kernel.dir/errno.c.obj
[113/164] Building C object modules/hal_nordic/nrfx/CMakeFiles/modules__hal_nordic__nrfx.dir/home/sinis/zephyrproject/modules/hal/nordic/nrfx/drivers/src/nrfx_power.c.obj
[114/164] Building C object zephyr/kernel/CMakeFiles/kernel.dir/banner.c.obj
[115/164] Linking C static library zephyr/drivers/timer/libdrivers__timer.a
[116/164] Building C object zephyr/CMakeFiles/zephyr.dir/subsys/usb/device/class/cdc_acm.c.obj
/home/sinis/zephyrproject/zephyr/subsys/usb/device/class/cdc_acm.c:65:2: warning: #warning "USB_CDC_ACM_LOG_LEVEL forced to LOG_LEVEL_NONE" [-Wcpp]
   65 | #warning "USB_CDC_ACM_LOG_LEVEL forced to LOG_LEVEL_NONE"
      |  ^~~~~~~
[117/164] Building C object modules/hal_nordic/nrfx/CMakeFiles/modules__hal_nordic__nrfx.dir/home/sinis/zephyrproject/modules/hal/nordic/nrfx/drivers/src/nrfx_clock.c.obj
[118/164] Building C object zephyr/drivers/pinctrl/CMakeFiles/drivers__pinctrl.dir/pinctrl_nrf.c.obj
[119/164] Building C object zephyr/kernel/CMakeFiles/kernel.dir/float.c.obj
[120/164] Linking C static library zephyr/drivers/pinctrl/libdrivers__pinctrl.a
[121/164] Building C object zephyr/kernel/CMakeFiles/kernel.dir/kheap.c.obj
[122/164] Building C object zephyr/kernel/CMakeFiles/kernel.dir/idle.c.obj
[123/164] Building C object zephyr/kernel/CMakeFiles/kernel.dir/init.c.obj
[124/164] Building C object zephyr/kernel/CMakeFiles/kernel.dir/mem_slab.c.obj
[125/164] Building C object zephyr/drivers/spi/CMakeFiles/drivers__spi.dir/spi_nrfx_common.c.obj
[126/164] Building C object zephyr/kernel/CMakeFiles/kernel.dir/system_work_q.c.obj
[127/164] Building C object zephyr/kernel/CMakeFiles/kernel.dir/fatal.c.obj
[128/164] Building C object zephyr/drivers/gpio/CMakeFiles/drivers__gpio.dir/gpio_nrfx.c.obj
[129/164] Building C object zephyr/kernel/CMakeFiles/kernel.dir/sem.c.obj
[130/164] Building C object zephyr/kernel/CMakeFiles/kernel.dir/mailbox.c.obj
[131/164] Linking C static library zephyr/drivers/gpio/libdrivers__gpio.a
[132/164] Building C object zephyr/kernel/CMakeFiles/kernel.dir/condvar.c.obj
[133/164] Building C object zephyr/kernel/CMakeFiles/kernel.dir/xip.c.obj
[134/164] Building C object zephyr/kernel/CMakeFiles/kernel.dir/msg_q.c.obj
[135/164] Building C object zephyr/kernel/CMakeFiles/kernel.dir/stack.c.obj
[136/164] Building C object zephyr/kernel/CMakeFiles/kernel.dir/queue.c.obj
[137/164] Building C object zephyr/kernel/CMakeFiles/kernel.dir/mempool.c.obj
[138/164] Building C object zephyr/kernel/CMakeFiles/kernel.dir/dynamic_disabled.c.obj
[139/164] Building C object zephyr/kernel/CMakeFiles/kernel.dir/timeslicing.c.obj
[140/164] Building C object zephyr/drivers/usb/common/nrf_usbd_common/CMakeFiles/drivers__usb__common__nrf_usbd_common.dir/nrf_usbd_common.c.obj
[141/164] Building C object zephyr/kernel/CMakeFiles/kernel.dir/thread.c.obj
[142/164] Linking C static library zephyr/drivers/usb/common/nrf_usbd_common/libdrivers__usb__common__nrf_usbd_common.a
[143/164] Building C object zephyr/kernel/CMakeFiles/kernel.dir/pipe.c.obj
[144/164] Building C object zephyr/kernel/CMakeFiles/kernel.dir/timer.c.obj
[145/164] Building C object zephyr/kernel/CMakeFiles/kernel.dir/mutex.c.obj
[146/164] Building C object zephyr/kernel/CMakeFiles/kernel.dir/timeout.c.obj
[147/164] Building C object zephyr/kernel/CMakeFiles/kernel.dir/work.c.obj
[148/164] Building C object zephyr/CMakeFiles/zephyr.dir/subsys/usb/device/usb_device.c.obj
[149/164] Linking C static library zephyr/libzephyr.a
[150/164] Building C object modules/hal_nordic/nrfx/CMakeFiles/modules__hal_nordic__nrfx.dir/home/sinis/zephyrproject/modules/hal/nordic/nrfx/drivers/src/nrfx_spim.c.obj
[151/164] Building C object zephyr/drivers/spi/CMakeFiles/drivers__spi.dir/spi_nrfx_spim.c.obj
[152/164] Building C object zephyr/kernel/CMakeFiles/kernel.dir/sched.c.obj
[153/164] Linking C static library zephyr/drivers/spi/libdrivers__spi.a
[154/164] Linking C static library zephyr/kernel/libkernel.a
[155/164] Building C object zephyr/drivers/usb/device/CMakeFiles/drivers__usb__device.dir/usb_dc_nrfx.c.obj
[156/164] Linking C static library zephyr/drivers/usb/device/libdrivers__usb__device.a
[157/164] Building C object modules/hal_nordic/nrfx/CMakeFiles/modules__hal_nordic__nrfx.dir/home/sinis/zephyrproject/modules/hal/nordic/nrfx/drivers/src/nrfx_gpiote.c.obj
[158/164] Linking C static library modules/hal_nordic/nrfx/libmodules__hal_nordic__nrfx.a
[159/164] Linking C executable zephyr/zephyr_pre0.elf
[160/164] Generating linker.cmd
[161/164] Generating isr_tables.c, isr_tables_vt.ld, isr_tables_swi.ld
[162/164] Building C object zephyr/CMakeFiles/zephyr_final.dir/misc/empty_file.c.obj
[163/164] Building C object zephyr/CMakeFiles/zephyr_final.dir/isr_tables.c.obj
[164/164] Linking C executable zephyr/zephyr.elf
Memory region         Used Size  Region Size  %age Used
           FLASH:       54340 B       512 KB     10.36%
             RAM:       17024 B       128 KB     12.99%
        IDT_LIST:          0 GB        32 KB      0.00%
Generating files from /home/sinis/zephyrproject/zephyr/sinis/test/build/zephyr/zephyr.elf for board: atlas_nrf52833
