Archive member included to satisfy reference by file (symbol)

app/libapp.a(main.c.obj)      (--whole-archive)
app/libapp.a(config_options.c.obj)
                              (--whole-archive)
app/libapp.a(ds_twr_initiator_sts.c.obj)
                              (--whole-archive)
app/libapp.a(deca_device.c.obj)
                              (--whole-archive)
app/libapp.a(port.c.obj)      (--whole-archive)
app/libapp.a(deca_sleep.c.obj)
                              (--whole-archive)
app/libapp.a(deca_spi.c.obj)  (--whole-archive)
app/libapp.a(shared_functions.c.obj)
                              (--whole-archive)
zephyr/libzephyr.a(heap.c.obj)
                              (--whole-archive)
zephyr/libzephyr.a(cbprintf_packaged.c.obj)
                              (--whole-archive)
zephyr/libzephyr.a(printk.c.obj)
                              (--whole-archive)
zephyr/libzephyr.a(sem.c.obj)
                              (--whole-archive)
zephyr/libzephyr.a(thread_entry.c.obj)
                              (--whole-archive)
zephyr/libzephyr.a(cbprintf_complete.c.obj)
                              (--whole-archive)
zephyr/libzephyr.a(assert.c.obj)
                              (--whole-archive)
zephyr/libzephyr.a(mpsc_pbuf.c.obj)
                              (--whole-archive)
zephyr/libzephyr.a(dec.c.obj)
                              (--whole-archive)
zephyr/libzephyr.a(hex.c.obj)
                              (--whole-archive)
zephyr/libzephyr.a(rb.c.obj)  (--whole-archive)
zephyr/libzephyr.a(timeutil.c.obj)
                              (--whole-archive)
zephyr/libzephyr.a(bitarray.c.obj)
                              (--whole-archive)
zephyr/libzephyr.a(onoff.c.obj)
                              (--whole-archive)
zephyr/libzephyr.a(notify.c.obj)
                              (--whole-archive)
zephyr/libzephyr.a(ring_buffer.c.obj)
                              (--whole-archive)
zephyr/libzephyr.a(configs.c.obj)
                              (--whole-archive)
zephyr/libzephyr.a(log_core.c.obj)
                              (--whole-archive)
zephyr/libzephyr.a(log_mgmt.c.obj)
                              (--whole-archive)
zephyr/libzephyr.a(log_cache.c.obj)
                              (--whole-archive)
zephyr/libzephyr.a(log_msg.c.obj)
                              (--whole-archive)
zephyr/libzephyr.a(log_output.c.obj)
                              (--whole-archive)
zephyr/libzephyr.a(log_backend_rtt.c.obj)
                              (--whole-archive)
zephyr/libzephyr.a(log_backend_uart.c.obj)
                              (--whole-archive)
zephyr/libzephyr.a(mem_attr.c.obj)
                              (--whole-archive)
zephyr/libzephyr.a(tracing_none.c.obj)
                              (--whole-archive)
zephyr/libzephyr.a(usb_device.c.obj)
                              (--whole-archive)
zephyr/libzephyr.a(usb_descriptor.c.obj)
                              (--whole-archive)
zephyr/libzephyr.a(usb_transfer.c.obj)
                              (--whole-archive)
zephyr/libzephyr.a(cdc_acm.c.obj)
                              (--whole-archive)
zephyr/libzephyr.a(usb_work_q.c.obj)
                              (--whole-archive)
zephyr/arch/common/libarch__common.a(sw_isr_common.c.obj)
                              (--whole-archive)
zephyr/arch/arch/arm/core/libarch__arm__core.a(fatal.c.obj)
                              (--whole-archive)
zephyr/arch/arch/arm/core/libarch__arm__core.a(nmi.c.obj)
                              (--whole-archive)
zephyr/arch/arch/arm/core/libarch__arm__core.a(nmi_on_reset.S.obj)
                              (--whole-archive)
zephyr/arch/arch/arm/core/libarch__arm__core.a(tls.c.obj)
                              (--whole-archive)
zephyr/arch/arch/arm/core/cortex_m/libarch__arm__core__cortex_m.a(exc_exit.c.obj)
                              (--whole-archive)
zephyr/arch/arch/arm/core/cortex_m/libarch__arm__core__cortex_m.a(fault.c.obj)
                              (--whole-archive)
zephyr/arch/arch/arm/core/cortex_m/libarch__arm__core__cortex_m.a(fault_s.S.obj)
                              (--whole-archive)
zephyr/arch/arch/arm/core/cortex_m/libarch__arm__core__cortex_m.a(fpu.c.obj)
                              (--whole-archive)
zephyr/arch/arch/arm/core/cortex_m/libarch__arm__core__cortex_m.a(reset.S.obj)
                              (--whole-archive)
zephyr/arch/arch/arm/core/cortex_m/libarch__arm__core__cortex_m.a(scb.c.obj)
                              (--whole-archive)
zephyr/arch/arch/arm/core/cortex_m/libarch__arm__core__cortex_m.a(thread_abort.c.obj)
                              (--whole-archive)
zephyr/arch/arch/arm/core/cortex_m/libarch__arm__core__cortex_m.a(vector_table.S.obj)
                              (--whole-archive)
zephyr/arch/arch/arm/core/cortex_m/libarch__arm__core__cortex_m.a(swap_helper.S.obj)
                              (--whole-archive)
zephyr/arch/arch/arm/core/cortex_m/libarch__arm__core__cortex_m.a(irq_manage.c.obj)
[...]
Memory Configuration

Name             Origin             Length             Attributes
FLASH            0x0000000000000000 0x0000000000080000 xr
RAM              0x0000000020000000 0x0000000000020000 xw
IDT_LIST         0x00000000ffff7fff 0x0000000000008000 xw
*default*        0x0000000000000000 0xffffffffffffffff

Linker script and memory map

                0x000000000001c134                vfprintf = __l_vfprintf
                0x0000000000000000                vfscanf = __l_vfscanf
LOAD zephyr/CMakeFiles/zephyr_pre0.dir/misc/empty_file.c.obj
LOAD zephyr/CMakeFiles/offsets.dir/./arch/arm/core/offsets/offsets.c.obj
LOAD app/libapp.a
LOAD zephyr/libzephyr.a
LOAD zephyr/arch/common/libarch__common.a
LOAD zephyr/arch/arch/arm/core/libarch__arm__core.a
LOAD zephyr/arch/arch/arm/core/cortex_m/libarch__arm__core__cortex_m.a
LOAD zephyr/arch/arch/arm/core/mpu/libarch__arm__core__mpu.a
LOAD zephyr/lib/libc/picolibc/liblib__libc__picolibc.a
LOAD zephyr/lib/libc/common/liblib__libc__common.a
LOAD zephyr/lib/net_buf/liblib__net_buf.a
LOAD zephyr/soc/soc/nrf52833/libsoc__nordic.a
LOAD zephyr/subsys/random/libsubsys__random.a
LOAD zephyr/subsys/bluetooth/common/libsubsys__bluetooth__common.a
LOAD zephyr/subsys/bluetooth/host/libsubsys__bluetooth__host.a
LOAD zephyr/subsys/bluetooth/controller/libsubsys__bluetooth__controller.a
LOAD zephyr/subsys/bluetooth/controller/ll_sw/nordic/libsubsys__bluetooth__controller__ll_sw__nordic.a
LOAD zephyr/drivers/usb/device/libdrivers__usb__device.a
LOAD zephyr/drivers/usb/common/nrf_usbd_common/libdrivers__usb__common__nrf_usbd_common.a
LOAD zephyr/drivers/clock_control/libdrivers__clock_control.a
LOAD zephyr/drivers/console/libdrivers__console.a
LOAD zephyr/drivers/entropy/libdrivers__entropy.a
LOAD zephyr/drivers/gpio/libdrivers__gpio.a
LOAD zephyr/drivers/hwinfo/libdrivers__hwinfo.a
LOAD zephyr/drivers/i2c/libdrivers__i2c.a
LOAD zephyr/drivers/led/libdrivers__led.a
LOAD zephyr/drivers/pinctrl/libdrivers__pinctrl.a
LOAD zephyr/drivers/serial/libdrivers__serial.a
LOAD zephyr/drivers/spi/libdrivers__spi.a
LOAD zephyr/drivers/timer/libdrivers__timer.a
LOAD modules/hal_nordic/nrfx/libmodules__hal_nordic__nrfx.a
LOAD modules/segger/libmodules__segger.a
LOAD zephyr/kernel/libkernel.a
LOAD zephyr/arch/common/libisr_tables.a
LOAD /home/sinis/zephyr-sdk-0.17.0/arm-zephyr-eabi/bin/../lib/gcc/../../picolibc/arm-zephyr-eabi/lib/thumb/v7e-m/nofp/libc.a
LOAD /home/sinis/zephyr-sdk-0.17.0/arm-zephyr-eabi/bin/../lib/gcc/arm-zephyr-eabi/12.2.0/thumb/v7e-m/nofp/libgcc.a
                0x0000000000000020                _region_min_align = 0x20

.rel.plt        0x0000000000000000        0x0
 *(SORT_BY_ALIGNMENT(.rel.plt))
                [!provide]                        PROVIDE (__rel_iplt_start = .)
 *(SORT_BY_ALIGNMENT(.rel.iplt))
 .rel.iplt      0x0000000000000000        0x0 app/libapp.a(main.c.obj)
                [!provide]                        PROVIDE (__rel_iplt_end = .)

.rela.plt       0x0000000000000000        0x0
 *(SORT_BY_ALIGNMENT(.rela.plt))
                [!provide]                        PROVIDE (__rela_iplt_start = .)
 *(SORT_BY_ALIGNMENT(.rela.iplt))
                [!provide]                        PROVIDE (__rela_iplt_end = .)

.rel.dyn
 *(SORT_BY_ALIGNMENT(.rel.*))

.rela.dyn
 *(SORT_BY_ALIGNMENT(.rela.*))

/DISCARD/
 *(SORT_BY_ALIGNMENT(.plt))

/DISCARD/
 *(SORT_BY_ALIGNMENT(.iplt))
                0x0000000000000000                __rom_region_start = 0x0

rom_start       0x0000000000000000      0x100
                0x0000000000000000                __rom_start_address = .
 FILL mask 0x00
                0x0000000000000000                . = (. + (0x0 - (. - __rom_start_address)))
                0x0000000000000000                . = ALIGN (0x4)
                0x0000000000000000                . = ALIGN (0x80)
                0x0000000000000000                . = ALIGN (0x100)
                0x0000000000000000                _vector_start = .
 *(SORT_BY_ALIGNMENT(.exc_vector_table))
 *(SORT_BY_ALIGNMENT(.exc_vector_table.*))
 .exc_vector_table._vector_table_section
                0x0000000000000000       0x40 zephyr/arch/arch/arm/core/cortex_m/libarch__arm__core__cortex_m.a(vector_table.S.obj)
                0x0000000000000000                _vector_table
 *(SORT_BY_ALIGNMENT(.vectors))
                0x0000000000000100                _vector_end = .
                0x0000000000000040                . = ALIGN (0x4)
 *(SORT_BY_ALIGNMENT(.gnu.linkonce.irq_vector_table*))
 .gnu.linkonce.irq_vector_table
                0x0000000000000040       0xc0 zephyr/arch/common/libisr_tables.a(isr_tables.c.obj)
                0x0000000000000040                _irq_vector_table
                0x0000000000000100                _vector_end = .

text            0x0000000000000100    0x1ff38
                0x0000000000000100                __text_region_start = .
 *(SORT_BY_ALIGNMENT(.text))
 .text          0x0000000000000100       0x30 /home/sinis/zephyr-sdk-0.17.0/arm-zephyr-eabi/bin/../lib/gcc/arm-zephyr-eabi/12.2.0/thumb/v7e-m/nofp/libgcc.a(_aeabi_uldivmod.o)
                0x0000000000000100                __aeabi_uldivmod
 .text          0x0000000000000130        0x4 /home/sinis/zephyr-sdk-0.17.0/arm-zephyr-eabi/bin/../lib/gcc/arm-zephyr-eabi/12.2.0/thumb/v7e-m/nofp/libgcc.a(_dvmd_tls.o)
                0x0000000000000130                __aeabi_ldiv0
                0x0000000000000130                __aeabi_idiv0
 .text          0x0000000000000134       0x14 /home/sinis/zephyr-sdk-0.17.0/arm-zephyr-eabi/bin/../lib/gcc/../../picolibc/arm-zephyr-eabi/lib/thumb/v7e-m/nofp/libc.a(strcmp.S.o)
                0x0000000000000134                strcmp
 .text          0x0000000000000148       0x10 /home/sinis/zephyr-sdk-0.17.0/arm-zephyr-eabi/bin/../lib/gcc/../../picolibc/arm-zephyr-eabi/lib/thumb/v7e-m/nofp/libc.a(strcpy.S.o)
                0x0000000000000148                strcpy
 .text          0x0000000000000158       0x10 /home/sinis/zephyr-sdk-0.17.0/arm-zephyr-eabi/bin/../lib/gcc/../../picolibc/arm-zephyr-eabi/lib/thumb/v7e-m/nofp/libc.a(strlen.S.o)
                0x0000000000000158                strlen
 .text          0x0000000000000168      0x2a0 /home/sinis/zephyr-sdk-0.17.0/arm-zephyr-eabi/bin/../lib/gcc/arm-zephyr-eabi/12.2.0/thumb/v7e-m/nofp/libgcc.a(_udivmoddi4.o)
                0x0000000000000168                __udivmoddi4
 *(SORT_BY_ALIGNMENT(.text.*))
 .text.ull_drift_ticks_get
                0x0000000000000408       0x90 zephyr/subsys/bluetooth/controller/libsubsys__bluetooth__controller.a(ull.c.obj)
                0x0000000000000408                ull_drift_ticks_get
 .text.ll_adv_enable
                0x0000000000000498      0x338 zephyr/subsys/bluetooth/controller/libsubsys__bluetooth__controller.a(ull_adv.c.obj)
                0x0000000000000498                ll_adv_enable
 .text.ull_adv_time_update
                0x00000000000007d0       0xbc zephyr/subsys/bluetooth/controller/libsubsys__bluetooth__controller.a(ull_adv.c.obj)
                0x00000000000007d0                ull_adv_time_update
 *fill*         0x000000000000088c        0x4 
 .text.ull_conn_update_ticker.constprop.0
                0x0000000000000890      0x134 zephyr/subsys/bluetooth/controller/libsubsys__bluetooth__controller.a(ull_conn.c.obj)
 *fill*         0x00000000000009c4        0x4 
 .text.ull_conn_done
                0x00000000000009c8      0x410 zephyr/subsys/bluetooth/controller/libsubsys__bluetooth__controller.a(ull_conn.c.obj)
                0x00000000000009c8                ull_conn_done
 .text.ull_conn_update_parameters
                0x0000000000000dd8      0x2c0 zephyr/subsys/bluetooth/controller/libsubsys__bluetooth__controller.a(ull_conn.c.obj)
                0x0000000000000dd8                ull_conn_update_parameters
 .text.ull_periph_setup
                0x0000000000001098      0x438 zephyr/subsys/bluetooth/controller/libsubsys__bluetooth__controller.a(ull_peripheral.c.obj)
                0x0000000000001098                ull_periph_setup
 .text.prepare_cb
                0x00000000000014d0      0x14c zephyr/subsys/bluetooth/controller/ll_sw/nordic/libsubsys__bluetooth__controller__ll_sw__nordic.a(lll_adv.c.obj)
 *fill*         0x000000000000161c        0x4 
 .text.prepare_cb
                0x0000000000001620      0x260 zephyr/subsys/bluetooth/controller/ll_sw/nordic/libsubsys__bluetooth__controller__ll_sw__nordic.a(lll_peripheral.c.obj)
 .text.main_thread
                0x0000000000001880       0x54 app/libapp.a(main.c.obj)
                0x0000000000001880                main_thread
 .text.setup_DW3000RSTnIRQPro.part.0
                0x00000000000018d4       0x24 app/libapp.a(ds_twr_initiator_sts.c.obj)
 .text.app_main
                0x00000000000018f8      0x228 app/libapp.a(ds_twr_initiator_sts.c.obj)
                0x00000000000018f8                app_main
 .text.peripherals_init
                0x0000000000001b20      0x220 app/libapp.a(port.c.obj)
                0x0000000000001b20                peripherals_init
 .text.openspi  0x0000000000001d40      0x154 app/libapp.a(deca_spi.c.obj)
                0x0000000000001d40                openspi
 .text.set_spi_speed_fast
                0x0000000000001e94       0x44 app/libapp.a(deca_spi.c.obj)
                0x0000000000001e94                set_spi_speed_fast
 .text.cbvprintf_package
                0x0000000000001ed8      0x3a4 zephyr/libzephyr.a(cbprintf_packaged.c.obj)
                0x0000000000001ed8                cbvprintf_package
 .text.cbprintf_package_convert
                0x000000000000227c      0x3cc zephyr/libzephyr.a(cbprintf_packaged.c.obj)
                0x000000000000227c                cbprintf_package_convert
 .text.__printk_hook_install
                0x0000000000002648        0xc zephyr/libzephyr.a(printk.c.obj)
                0x0000000000002648                __printk_hook_install
 .text.z_thread_entry
                0x0000000000002654       0x34 zephyr/libzephyr.a(thread_entry.c.obj)
                0x0000000000002654                z_thread_entry
 .text.process_event
                0x0000000000002688      0x21c zephyr/libzephyr.a(onoff.c.obj)
 .text.activate_foreach_backend
                0x00000000000028a4       0x64 zephyr/libzephyr.a(log_core.c.obj)
 .text.enable_logger
                0x0000000000002908       0x5c zephyr/libzephyr.a(log_core.c.obj)
 .text.log_process_thread_timer_expiry_fn
                0x0000000000002964        0xc zephyr/libzephyr.a(log_core.c.obj)
 .text.z_log_init
                0x0000000000002970       0x98 zephyr/libzephyr.a(log_core.c.obj)
 .text.log_format_func_t_get
                0x0000000000002a08        0xc zephyr/libzephyr.a(log_core.c.obj)
                0x0000000000002a08                log_format_func_t_get
 .text.log_set_timestamp_func
                0x0000000000002a14       0x20 zephyr/libzephyr.a(log_core.c.obj)
                0x0000000000002a14                log_set_timestamp_func
 .text.z_log_notify_backend_enabled
                0x0000000000002a34       0x1c zephyr/libzephyr.a(log_core.c.obj)
                0x0000000000002a34                z_log_notify_backend_enabled
 .text.z_log_dropped
                0x0000000000002a50       0x44 zephyr/libzephyr.a(log_core.c.obj)
                0x0000000000002a50                z_log_dropped
 .text.z_log_dropped_read_and_clear
                0x0000000000002a94       0x20 zephyr/libzephyr.a(log_core.c.obj)
                0x0000000000002a94                z_log_dropped_read_and_clear
 .text.dropped_notify
                0x0000000000002ab4       0x30 zephyr/libzephyr.a(log_core.c.obj)
                0x0000000000002ab4                dropped_notify
 .text.z_log_msg_init
                0x0000000000002ae4       0x20 zephyr/libzephyr.a(log_core.c.obj)
                0x0000000000002ae4                z_log_msg_init
 .text.log_core_init
                0x0000000000002b04       0x50 zephyr/libzephyr.a(log_core.c.obj)
                0x0000000000002b04                log_core_init
 .text.z_log_msg_alloc
                0x0000000000002b54       0x10 zephyr/libzephyr.a(log_core.c.obj)
                0x0000000000002b54                z_log_msg_alloc
 .text.z_log_msg_local_claim
                0x0000000000002b64        0xc zephyr/libzephyr.a(log_core.c.obj)
                0x0000000000002b64                z_log_msg_local_claim
 .text.z_log_msg_free
                0x0000000000002b70       0x10 zephyr/libzephyr.a(log_core.c.obj)
                0x0000000000002b70                z_log_msg_free
 .text.z_log_msg_pending
                0x0000000000002b80        0xc zephyr/libzephyr.a(log_core.c.obj)
                0x0000000000002b80                z_log_msg_pending
 .text.z_impl_log_process
                0x0000000000002b8c       0xc0 zephyr/libzephyr.a(log_core.c.obj)
                0x0000000000002b8c                z_impl_log_process
 .text.z_impl_log_panic
                0x0000000000002c4c       0x44 zephyr/libzephyr.a(log_core.c.obj)
                0x0000000000002c4c                z_impl_log_panic
 .text.log_process_thread_func
                0x0000000000002c90       0xa4 zephyr/libzephyr.a(log_core.c.obj)
 .text.z_log_msg_post_finalize
                0x0000000000002d34       0x78 zephyr/libzephyr.a(log_core.c.obj)
 .text.z_log_msg_commit
                0x0000000000002dac       0x24 zephyr/libzephyr.a(log_core.c.obj)
                0x0000000000002dac                z_log_msg_commit
 .text.log_source_name_get
                0x0000000000002dd0       0x1c zephyr/libzephyr.a(log_mgmt.c.obj)
                0x0000000000002dd0                log_source_name_get
 .text.z_impl_z_log_msg_static_create
                0x0000000000002dec      0x108 zephyr/libzephyr.a(log_msg.c.obj)
                0x0000000000002dec                z_impl_z_log_msg_static_create
 .text.z_log_msg_runtime_vcreate
                0x0000000000002ef4       0xa0 zephyr/libzephyr.a(log_msg.c.obj)
                0x0000000000002ef4                z_log_msg_runtime_vcreate
 .text.log_msg_get_source_id
                0x0000000000002f94       0x18 zephyr/libzephyr.a(log_msg.c.obj)
                0x0000000000002f94                log_msg_get_source_id
 .text.print_formatted
                0x0000000000002fac       0x24 zephyr/libzephyr.a(log_output.c.obj)
 .text.newline_print
                0x0000000000002fd0       0x1c zephyr/libzephyr.a(log_output.c.obj)
 .text.log_output_process
                0x0000000000002fec      0x2d4 zephyr/libzephyr.a(log_output.c.obj)
                0x0000000000002fec                log_output_process
 .text.log_output_dropped_process
                0x00000000000032c0       0x58 zephyr/libzephyr.a(log_output.c.obj)
                0x00000000000032c0                log_output_dropped_process
 .text.log_output_timestamp_freq_set
                0x0000000000003318       0x2c zephyr/libzephyr.a(log_output.c.obj)
                0x0000000000003318                log_output_timestamp_freq_set
 .text.log_backend_rtt_init
                0x0000000000003344        0xc zephyr/libzephyr.a(log_backend_rtt.c.obj)
 .text.format_set
                0x0000000000003350        0xc zephyr/libzephyr.a(log_backend_rtt.c.obj)
 .text.dropped  0x000000000000335c        0xc zephyr/libzephyr.a(log_backend_rtt.c.obj)
 .text.process  0x0000000000003368       0x24 zephyr/libzephyr.a(log_backend_rtt.c.obj)
 .text.panic    0x000000000000338c       0x34 zephyr/libzephyr.a(log_backend_rtt.c.obj)
 .text.on_failed_write
                0x00000000000033c0       0x28 zephyr/libzephyr.a(log_backend_rtt.c.obj)
 .text.data_out
                0x00000000000033e8       0x88 zephyr/libzephyr.a(log_backend_rtt.c.obj)
 .text.char_out
                0x0000000000003470       0x24 zephyr/libzephyr.a(log_backend_uart.c.obj)
 .text.mem_attr_get_regions
                0x0000000000003494        0xc zephyr/libzephyr.a(mem_attr.c.obj)
                0x0000000000003494                mem_attr_get_regions
 .text.class_handler
                0x00000000000034a0       0x40 zephyr/libzephyr.a(usb_device.c.obj)
 .text.custom_handler
                0x00000000000034e0       0x60 zephyr/libzephyr.a(usb_device.c.obj)
 .text.vendor_handler
                0x0000000000003540       0x3c zephyr/libzephyr.a(usb_device.c.obj)
 .text.usb_reset_alt_setting
                0x000000000000357c       0x10 zephyr/libzephyr.a(usb_device.c.obj)
 .text.is_ep_valid.part.0
                0x000000000000358c       0x38 zephyr/libzephyr.a(usb_device.c.obj)
 .text.get_ep_bm_from_addr.part.0
                0x00000000000035c4       0x1c zephyr/libzephyr.a(usb_device.c.obj)
 .text.disable_endpoint
                0x00000000000035e0       0x58 zephyr/libzephyr.a(usb_device.c.obj)
 .text.usb_handle_request.constprop.0
                0x0000000000003638       0x2c zephyr/libzephyr.a(usb_device.c.obj)
 .text.forward_status_cb
                0x0000000000003664       0xb0 zephyr/libzephyr.a(usb_device.c.obj)
 .text.usb_halt_endpoint_req.isra.0
                0x0000000000003714       0x78 zephyr/libzephyr.a(usb_device.c.obj)
 .text.set_endpoint
                0x000000000000378c       0xcc zephyr/libzephyr.a(usb_device.c.obj)
 .text.usb_handle_standard_request
                0x0000000000003858      0x2ec zephyr/libzephyr.a(usb_device.c.obj)
 .text.usb_write
                0x0000000000003b44       0x4c zephyr/libzephyr.a(usb_device.c.obj)
                0x0000000000003b44                usb_write
 .text.usb_data_to_host
                0x0000000000003b90       0x60 zephyr/libzephyr.a(usb_device.c.obj)
 .text.usb_handle_control_transfer
                0x0000000000003bf0       0xf4 zephyr/libzephyr.a(usb_device.c.obj)
 .text.usb_set_config
                0x0000000000003ce4       0x2c zephyr/libzephyr.a(usb_device.c.obj)
                0x0000000000003ce4                usb_set_config
 .text.usb_enable
                0x0000000000003d10      0x160 zephyr/libzephyr.a(usb_device.c.obj)
                0x0000000000003d10                usb_enable
 .text.usb_update_sn_string_descriptor
                0x0000000000003e70       0x88 zephyr/libzephyr.a(usb_descriptor.c.obj)
                0x0000000000003e70                usb_update_sn_string_descriptor
 .text.usb_get_device_descriptor
                0x0000000000003ef8      0x260 zephyr/libzephyr.a(usb_descriptor.c.obj)
                0x0000000000003ef8                usb_get_device_descriptor
 .text.usb_ep_get_transfer
                0x0000000000004158       0x2c zephyr/libzephyr.a(usb_transfer.c.obj)
 .text.usb_transfer_work
                0x0000000000004184      0x118 zephyr/libzephyr.a(usb_transfer.c.obj)
 .text.usb_transfer_ep_callback
                0x000000000000429c       0x6c zephyr/libzephyr.a(usb_transfer.c.obj)
                0x000000000000429c                usb_transfer_ep_callback
 .text.usb_transfer
                0x0000000000004308      0x114 zephyr/libzephyr.a(usb_transfer.c.obj)
                0x0000000000004308                usb_transfer
 .text.usb_cancel_transfer
                0x000000000000441c       0x3c zephyr/libzephyr.a(usb_transfer.c.obj)
                0x000000000000441c                usb_cancel_transfer
 .text.usb_cancel_transfers
                0x0000000000004458       0x44 zephyr/libzephyr.a(usb_transfer.c.obj)
                0x0000000000004458                usb_cancel_transfers
 .text.usb_transfer_init
                0x000000000000449c       0x34 zephyr/libzephyr.a(usb_transfer.c.obj)
                0x000000000000449c                usb_transfer_init
 .text.cdc_acm_irq_rx_enable
                0x00000000000044d0       0x20 zephyr/libzephyr.a(cdc_acm.c.obj)
 .text.cdc_acm_irq_tx_enable
                0x00000000000044f0       0x20 zephyr/libzephyr.a(cdc_acm.c.obj)
 .text.cdc_acm_fifo_fill
                0x0000000000004510       0x3c zephyr/libzephyr.a(cdc_acm.c.obj)
 .text.cdc_acm_write_cb
                0x000000000000454c       0x54 zephyr/libzephyr.a(cdc_acm.c.obj)
 .text.cdc_acm_class_handle_req
                0x00000000000045a0       0x64 zephyr/libzephyr.a(cdc_acm.c.obj)
                0x00000000000045a0                cdc_acm_class_handle_req
 .text.cdc_acm_int_in
                0x0000000000004604       0x18 zephyr/libzephyr.a(cdc_acm.c.obj)
 .text.cdc_acm_reset_port
                0x000000000000461c       0x3c zephyr/libzephyr.a(cdc_acm.c.obj)
 .text.cdc_acm_init
                0x0000000000004658       0x48 zephyr/libzephyr.a(cdc_acm.c.obj)
 .text.cdc_acm_send_notification.isra.0
                0x00000000000046a0       0x44 zephyr/libzephyr.a(cdc_acm.c.obj)
 .text.cdc_acm_poll_out
                0x00000000000046e4       0x70 zephyr/libzephyr.a(cdc_acm.c.obj)
 .text.tx_work_handler
                0x0000000000004754       0x78 zephyr/libzephyr.a(cdc_acm.c.obj)
 .text.cdc_acm_read_cb
                0x00000000000047cc       0x74 zephyr/libzephyr.a(cdc_acm.c.obj)
 .text.cdc_acm_dev_status_cb
                0x0000000000004840       0x84 zephyr/libzephyr.a(cdc_acm.c.obj)
 .text.z_usb_work_q_init
                0x00000000000048c4       0x34 zephyr/libzephyr.a(usb_work_q.c.obj)
 .text.z_arm_fatal_error
                0x00000000000048f8       0xb8 zephyr/arch/arch/arm/core/libarch__arm__core.a(fatal.c.obj)
                0x00000000000048f8                z_arm_fatal_error
 .text.z_SysNmiOnReset
                0x00000000000049b0        0x8 zephyr/arch/arch/arm/core/libarch__arm__core.a(nmi_on_reset.S.obj)
                0x00000000000049b0                z_SysNmiOnReset
 .text.arch_tls_stack_setup
                0x00000000000049b8       0x40 zephyr/arch/arch/arm/core/libarch__arm__core.a(tls.c.obj)
                0x00000000000049b8                arch_tls_stack_setup
 .text._HandlerModeExit
                0x00000000000049f8       0x20 zephyr/arch/arch/arm/core/cortex_m/libarch__arm__core__cortex_m.a(exc_exit.c.obj)
                0x00000000000049f8                z_arm_exc_exit
                0x00000000000049f8                z_arm_int_exit
 .text.bus_fault.constprop.0
                0x0000000000004a18       0xd0 zephyr/arch/arch/arm/core/cortex_m/libarch__arm__core__cortex_m.a(fault.c.obj)
 .text.usage_fault.constprop.0
                0x0000000000004ae8       0xa8 zephyr/arch/arch/arm/core/cortex_m/libarch__arm__core__cortex_m.a(fault.c.obj)
 .text.mem_manage_fault
                0x0000000000004b90      0x104 zephyr/arch/arch/arm/core/cortex_m/libarch__arm__core__cortex_m.a(fault.c.obj)
 .text.z_arm_fault
                0x0000000000004c94      0x1d4 zephyr/arch/arch/arm/core/cortex_m/libarch__arm__core__cortex_m.a(fault.c.obj)
                0x0000000000004c94                z_arm_fault
 .text.z_arm_fault_init
                0x0000000000004e68       0x18 zephyr/arch/arch/arm/core/cortex_m/libarch__arm__core__cortex_m.a(fault.c.obj)
                0x0000000000004e68                z_arm_fault_init
 .text.__fault  0x0000000000004e80       0x14 zephyr/arch/arch/arm/core/cortex_m/libarch__arm__core__cortex_m.a(fault_s.S.obj)
                0x0000000000004e80                z_arm_bus_fault
                0x0000000000004e80                z_arm_usage_fault
                0x0000000000004e80                z_arm_mpu_fault
                0x0000000000004e80                z_arm_exc_spurious
                0x0000000000004e80                z_arm_debug_monitor
                0x0000000000004e80                z_arm_hard_fault
 .text._reset_section
                0x0000000000004e94       0x38 zephyr/arch/arch/arm/core/cortex_m/libarch__arm__core__cortex_m.a(reset.S.obj)
                0x0000000000004e94                z_arm_reset
                0x0000000000004e94                __start
 .text.z_impl_k_thread_abort
                0x0000000000004ecc       0x2c zephyr/arch/arch/arm/core/cortex_m/libarch__arm__core__cortex_m.a(thread_abort.c.obj)
                0x0000000000004ecc                z_impl_k_thread_abort
 .text.z_arm_pendsv
                0x0000000000004ef8       0x60 zephyr/arch/arch/arm/core/cortex_m/libarch__arm__core__cortex_m.a(swap_helper.S.obj)
                0x0000000000004ef8                z_arm_pendsv
 .text.z_arm_svc
                0x0000000000004f58       0x24 zephyr/arch/arch/arm/core/cortex_m/libarch__arm__core__cortex_m.a(swap_helper.S.obj)
                0x0000000000004f58                z_arm_svc
 .text.arm_irq_enable
                0x0000000000004f7c       0x1c zephyr/arch/arch/arm/core/cortex_m/libarch__arm__core__cortex_m.a(irq_manage.c.obj)
                0x0000000000004f7c                arm_irq_enable
 .text.arm_irq_disable
                0x0000000000004f98       0x28 zephyr/arch/arch/arm/core/cortex_m/libarch__arm__core__cortex_m.a(irq_manage.c.obj)
                0x0000000000004f98                arm_irq_disable
 .text.arm_irq_is_enabled
                0x0000000000004fc0       0x1c zephyr/arch/arch/arm/core/cortex_m/libarch__arm__core__cortex_m.a(irq_manage.c.obj)
                0x0000000000004fc0                arm_irq_is_enabled
 .text.arm_irq_priority_set
                0x0000000000004fdc       0x30 zephyr/arch/arch/arm/core/cortex_m/libarch__arm__core__cortex_m.a(irq_manage.c.obj)
                0x0000000000004fdc                arm_irq_priority_set
 .text.z_prep_c
                0x000000000000500c       0x48 zephyr/arch/arch/arm/core/cortex_m/libarch__arm__core__cortex_m.a(prep_c.c.obj)
                0x000000000000500c                z_prep_c
 .text.arch_new_thread
                0x0000000000005054       0x38 zephyr/arch/arch/arm/core/cortex_m/libarch__arm__core__cortex_m.a(thread.c.obj)
                0x0000000000005054                arch_new_thread
 .text.z_check_thread_stack_fail
                0x000000000000508c       0x2c zephyr/arch/arch/arm/core/cortex_m/libarch__arm__core__cortex_m.a(thread.c.obj)
                0x000000000000508c                z_check_thread_stack_fail
 .text.arch_switch_to_main_thread
                0x00000000000050b8       0x3c zephyr/arch/arch/arm/core/cortex_m/libarch__arm__core__cortex_m.a(thread.c.obj)
                0x00000000000050b8                arch_switch_to_main_thread
 .text.z_arm_cpu_idle_init
                0x00000000000050f4        0xc zephyr/arch/arch/arm/core/cortex_m/libarch__arm__core__cortex_m.a(cpu_idle.c.obj)
                0x00000000000050f4                z_arm_cpu_idle_init
 .text.z_arm_interrupt_init
                0x0000000000005100       0x18 zephyr/arch/arch/arm/core/cortex_m/libarch__arm__core__cortex_m.a(irq_init.c.obj)
                0x0000000000005100                z_arm_interrupt_init
 .text._isr_wrapper
                0x0000000000005118       0x24 zephyr/arch/arch/arm/core/cortex_m/libarch__arm__core__cortex_m.a(isr_wrapper.c.obj)
                0x0000000000005118                _isr_wrapper
 .text.z_arm_configure_static_mpu_regions
                0x000000000000513c       0x18 zephyr/arch/arch/arm/core/mpu/libarch__arm__core__mpu.a(arm_core_mpu.c.obj)
                0x000000000000513c                z_arm_configure_static_mpu_regions
 .text.z_arm_configure_dynamic_mpu_regions
                0x0000000000005154       0x20 zephyr/arch/arch/arm/core/mpu/libarch__arm__core__mpu.a(arm_core_mpu.c.obj)
                0x0000000000005154                z_arm_configure_dynamic_mpu_regions
 .text.region_allocate_and_init
                0x0000000000005174       0x54 zephyr/arch/arch/arm/core/mpu/libarch__arm__core__mpu.a(arm_mpu.c.obj)
 .text.mpu_configure_regions
                0x00000000000051c8       0x68 zephyr/arch/arch/arm/core/mpu/libarch__arm__core__mpu.a(arm_mpu.c.obj)
 .text.arm_core_mpu_enable
                0x0000000000005230       0x18 zephyr/arch/arch/arm/core/mpu/libarch__arm__core__mpu.a(arm_mpu.c.obj)
                0x0000000000005230                arm_core_mpu_enable
 .text.arm_core_mpu_disable
                0x0000000000005248       0x14 zephyr/arch/arch/arm/core/mpu/libarch__arm__core__mpu.a(arm_mpu.c.obj)
                0x0000000000005248                arm_core_mpu_disable
 .text.arm_core_mpu_configure_static_mpu_regions
                0x000000000000525c       0x14 zephyr/arch/arch/arm/core/mpu/libarch__arm__core__mpu.a(arm_mpu.c.obj)
                0x000000000000525c                arm_core_mpu_configure_static_mpu_regions
 .text.arm_core_mpu_configure_dynamic_mpu_regions
                0x0000000000005270       0x38 zephyr/arch/arch/arm/core/mpu/libarch__arm__core__mpu.a(arm_mpu.c.obj)
                0x0000000000005270                arm_core_mpu_configure_dynamic_mpu_regions
 .text.z_arm_mpu_init
                0x00000000000052a8      0x17c zephyr/arch/arch/arm/core/mpu/libarch__arm__core__mpu.a(arm_mpu.c.obj)
                0x00000000000052a8                z_arm_mpu_init
 .text.cbvprintf
                0x0000000000005424       0x38 zephyr/lib/libc/picolibc/liblib__libc__picolibc.a(cbprintf.c.obj)
                0x0000000000005424                cbvprintf
 .text.z_impl_zephyr_fputc
                0x000000000000545c       0x10 zephyr/lib/libc/picolibc/liblib__libc__picolibc.a(stdio.c.obj)
                0x000000000000545c                z_impl_zephyr_fputc
 .text.__stdout_hook_install
                0x000000000000546c       0x18 zephyr/lib/libc/picolibc/liblib__libc__picolibc.a(stdio.c.obj)
                0x000000000000546c                __stdout_hook_install
 .text.malloc_prepare
                0x0000000000005484       0x24 zephyr/lib/libc/common/liblib__libc__common.a(malloc.c.obj)
 .text.net_buf_destroy
                0x00000000000054a8       0x38 zephyr/lib/net_buf/liblib__net_buf.a(buf.c.obj)
 .text.net_buf_pool_get
                0x00000000000054e0       0x10 zephyr/lib/net_buf/liblib__net_buf.a(buf.c.obj)
                0x00000000000054e0                net_buf_pool_get
 .text.net_buf_id
                0x00000000000054f0       0x20 zephyr/lib/net_buf/liblib__net_buf.a(buf.c.obj)
                0x00000000000054f0                net_buf_id
 .text.fixed_data_alloc
                0x0000000000005510       0x24 zephyr/lib/net_buf/liblib__net_buf.a(buf.c.obj)
 .text.net_buf_alloc_len
                0x0000000000005534       0xfc zephyr/lib/net_buf/liblib__net_buf.a(buf.c.obj)
                0x0000000000005534                net_buf_alloc_len
 .text.net_buf_unref
                0x0000000000005630       0x38 zephyr/lib/net_buf/liblib__net_buf.a(buf.c.obj)
                0x0000000000005630                net_buf_unref
 .text.nordicsemi_nrf52_init
                0x0000000000005668       0x10 zephyr/soc/soc/nrf52833/libsoc__nordic.a(soc.c.obj)
 .text.arch_busy_wait
                0x0000000000005678       0x14 zephyr/soc/soc/nrf52833/libsoc__nordic.a(soc.c.obj)
                0x0000000000005678                arch_busy_wait
 .text.xoshiro128_initialize
                0x000000000000568c       0x18 zephyr/subsys/random/libsubsys__random.a(random_xoshiro128.c.obj)
 .text.bt_addr_le_str
                0x00000000000056a4       0x7c zephyr/subsys/bluetooth/common/libsubsys__bluetooth__common.a(bt_str.c.obj)
                0x00000000000056a4                bt_addr_le_str
 .text.uuid_to_uuid128
                0x0000000000005720       0x78 zephyr/subsys/bluetooth/host/libsubsys__bluetooth__host.a(uuid.c.obj)
 .text.hci_rx_pool_destroy
                0x0000000000005798       0x20 zephyr/subsys/bluetooth/host/libsubsys__bluetooth__host.a(buf.c.obj)
 .text.bt_buf_get_rx
                0x00000000000057b8       0x20 zephyr/subsys/bluetooth/host/libsubsys__bluetooth__host.a(buf.c.obj)
                0x00000000000057b8                bt_buf_get_rx
 .text.bt_buf_get_evt
                0x00000000000057d8       0x40 zephyr/subsys/bluetooth/host/libsubsys__bluetooth__host.a(buf.c.obj)
                0x00000000000057d8                bt_buf_get_evt
 .text.hci_cmd_done.part.0
                0x0000000000005818      0x148 zephyr/subsys/bluetooth/host/libsubsys__bluetooth__host.a(hci_core.c.obj)
 .text.hci_reset_complete
                0x0000000000005960       0x2c zephyr/subsys/bluetooth/host/libsubsys__bluetooth__host.a(hci_core.c.obj)
 .text.bt_hci_cmd_state_set_init
                0x000000000000598c       0x24 zephyr/subsys/bluetooth/host/libsubsys__bluetooth__host.a(hci_core.c.obj)
                0x000000000000598c                bt_hci_cmd_state_set_init
 .text.bt_hci_cmd_create
                0x00000000000059b0       0x78 zephyr/subsys/bluetooth/host/libsubsys__bluetooth__host.a(hci_core.c.obj)
                0x00000000000059b0                bt_hci_cmd_create
 .text.bt_hci_get_ver_str
                0x0000000000005a28       0x3c zephyr/subsys/bluetooth/host/libsubsys__bluetooth__host.a(hci_core.c.obj)
                0x0000000000005a28                bt_hci_get_ver_str
 .text.bt_send  0x0000000000005a64       0x14 zephyr/subsys/bluetooth/host/libsubsys__bluetooth__host.a(hci_core.c.obj)
                0x0000000000005a64                bt_send
 .text.bt_finalize_init
                0x0000000000005a78      0x134 zephyr/subsys/bluetooth/host/libsubsys__bluetooth__host.a(hci_core.c.obj)
                0x0000000000005a78                bt_finalize_init
 .text.bt_get_name
                0x0000000000005bac        0x8 zephyr/subsys/bluetooth/host/libsubsys__bluetooth__host.a(hci_core.c.obj)
                0x0000000000005bac                bt_get_name
 .text.bt_tx_irq_raise
                0x0000000000005bb4        0xc zephyr/subsys/bluetooth/host/libsubsys__bluetooth__host.a(hci_core.c.obj)
                0x0000000000005bb4                bt_tx_irq_raise
 .text.process_pending_cmd
                0x0000000000005bc0       0xd8 zephyr/subsys/bluetooth/host/libsubsys__bluetooth__host.a(hci_core.c.obj)
 .text.bt_hci_cmd_send_sync
                0x0000000000005c98      0x1b0 zephyr/subsys/bluetooth/host/libsubsys__bluetooth__host.a(hci_core.c.obj)
                0x0000000000005c98                bt_hci_cmd_send_sync
 .text.bt_init  0x0000000000005e48      0x43c zephyr/subsys/bluetooth/host/libsubsys__bluetooth__host.a(hci_core.c.obj)
 .text.init_work
                0x0000000000006284       0x18 zephyr/subsys/bluetooth/host/libsubsys__bluetooth__host.a(hci_core.c.obj)
 .text.bt_hci_le_rand
                0x000000000000629c       0x58 zephyr/subsys/bluetooth/host/libsubsys__bluetooth__host.a(hci_core.c.obj)
                0x000000000000629c                bt_hci_le_rand
 .text.bt_hci_evt_create
                0x00000000000062f4       0x50 zephyr/subsys/bluetooth/host/libsubsys__bluetooth__host.a(hci_common.c.obj)
                0x00000000000062f4                bt_hci_evt_create
 .text.id_find  0x0000000000006344       0x30 zephyr/subsys/bluetooth/host/libsubsys__bluetooth__host.a(id.c.obj)
 .text.set_random_address
                0x0000000000006374       0x74 zephyr/subsys/bluetooth/host/libsubsys__bluetooth__host.a(id.c.obj)
 .text.id_create.constprop.0
                0x00000000000063e8       0x74 zephyr/subsys/bluetooth/host/libsubsys__bluetooth__host.a(id.c.obj)
 .text.bt_id_create
                0x000000000000645c       0x9c zephyr/subsys/bluetooth/host/libsubsys__bluetooth__host.a(id.c.obj)
                0x000000000000645c                bt_id_create
 .text.bt_id_read_public_addr
                0x00000000000064f8       0x88 zephyr/subsys/bluetooth/host/libsubsys__bluetooth__host.a(id.c.obj)
                0x00000000000064f8                bt_id_read_public_addr
 .text.bt_setup_public_id_addr
                0x0000000000006580       0x20 zephyr/subsys/bluetooth/host/libsubsys__bluetooth__host.a(id.c.obj)
                0x0000000000006580                bt_setup_public_id_addr
 .text.bt_setup_random_id_addr
                0x00000000000065a0       0xd8 zephyr/subsys/bluetooth/host/libsubsys__bluetooth__host.a(id.c.obj)
                0x00000000000065a0                bt_setup_random_id_addr
 .text.bt_id_set_adv_own_addr
                0x0000000000006678       0xe0 zephyr/subsys/bluetooth/host/libsubsys__bluetooth__host.a(id.c.obj)
                0x0000000000006678                bt_id_set_adv_own_addr
 .text.bt_id_init
                0x0000000000006758       0x54 zephyr/subsys/bluetooth/host/libsubsys__bluetooth__host.a(id.c.obj)
                0x0000000000006758                bt_id_init
 .text.adv_is_directed
                0x00000000000067ac       0x18 zephyr/subsys/bluetooth/host/libsubsys__bluetooth__host.a(adv.c.obj)
 .text.le_adv_start_add_conn
                0x00000000000067c4       0x60 zephyr/subsys/bluetooth/host/libsubsys__bluetooth__host.a(adv.c.obj)
 .text.bt_le_adv_resume
                0x0000000000006824       0xe8 zephyr/subsys/bluetooth/host/libsubsys__bluetooth__host.a(adv.c.obj)
                0x0000000000006824                bt_le_adv_resume
 .text.notify_connected
                0x000000000000690c       0x40 zephyr/subsys/bluetooth/host/libsubsys__bluetooth__host.a(conn.c.obj)
 .text.frag_destroy
                0x000000000000694c       0x20 zephyr/subsys/bluetooth/host/libsubsys__bluetooth__host.a(conn.c.obj)
                0x000000000000694c                frag_destroy
 .text.conn_tx_destroy
                0x000000000000696c       0x2c zephyr/subsys/bluetooth/host/libsubsys__bluetooth__host.a(conn.c.obj)
 .text.get_data_frag
                0x0000000000006998       0x38 zephyr/subsys/bluetooth/host/libsubsys__bluetooth__host.a(conn.c.obj)
 .text.recycled_work_handler
                0x00000000000069d0       0x54 zephyr/subsys/bluetooth/host/libsubsys__bluetooth__host.a(conn.c.obj)
 .text.tx_notify_process
                0x0000000000006a24       0x60 zephyr/subsys/bluetooth/host/libsubsys__bluetooth__host.a(conn.c.obj)
 .text.bt_conn_tx_notify
                0x0000000000006a84       0x44 zephyr/subsys/bluetooth/host/libsubsys__bluetooth__host.a(conn.c.obj)
                0x0000000000006a84                bt_conn_tx_notify
 .text.bt_conn_new
                0x0000000000006ac8       0x64 zephyr/subsys/bluetooth/host/libsubsys__bluetooth__host.a(conn.c.obj)
                0x0000000000006ac8                bt_conn_new
 .text.bt_conn_data_ready
                0x0000000000006b2c       0x54 zephyr/subsys/bluetooth/host/libsubsys__bluetooth__host.a(conn.c.obj)
                0x0000000000006b2c                bt_conn_data_ready
 .text.get_conn_ready
                0x0000000000006b80      0x100 zephyr/subsys/bluetooth/host/libsubsys__bluetooth__host.a(conn.c.obj)
                0x0000000000006b80                get_conn_ready
 .text.bt_conn_unref
                0x0000000000006c80       0x54 zephyr/subsys/bluetooth/host/libsubsys__bluetooth__host.a(conn.c.obj)
                0x0000000000006c80                bt_conn_unref
 .text.bt_conn_set_state
                0x0000000000006cd4      0x1c0 zephyr/subsys/bluetooth/host/libsubsys__bluetooth__host.a(conn.c.obj)
                0x0000000000006cd4                bt_conn_set_state
 .text.bt_conn_index
                0x0000000000006e94       0x18 zephyr/subsys/bluetooth/host/libsubsys__bluetooth__host.a(conn.c.obj)
                0x0000000000006e94                bt_conn_index
 .text.bt_conn_create_pdu_timeout
                0x0000000000006eac       0x6c zephyr/subsys/bluetooth/host/libsubsys__bluetooth__host.a(conn.c.obj)
                0x0000000000006eac                bt_conn_create_pdu_timeout
 .text.bt_conn_tx_processor
                0x0000000000006f18      0x244 zephyr/subsys/bluetooth/host/libsubsys__bluetooth__host.a(conn.c.obj)
                0x0000000000006f18                bt_conn_tx_processor
 .text.bt_conn_add_le
                0x000000000000715c       0x54 zephyr/subsys/bluetooth/host/libsubsys__bluetooth__host.a(conn.c.obj)
                0x000000000000715c                bt_conn_add_le
 .text.bt_conn_lookup_addr_le
                0x00000000000071b0       0x34 zephyr/subsys/bluetooth/host/libsubsys__bluetooth__host.a(conn.c.obj)
                0x00000000000071b0                bt_conn_lookup_addr_le
 .text.bt_conn_exists_le
                0x00000000000071e4       0x70 zephyr/subsys/bluetooth/host/libsubsys__bluetooth__host.a(conn.c.obj)
                0x00000000000071e4                bt_conn_exists_le
 .text.bt_conn_lookup_state_le
                0x0000000000007254       0x44 zephyr/subsys/bluetooth/host/libsubsys__bluetooth__host.a(conn.c.obj)
                0x0000000000007254                bt_conn_lookup_state_le
 .text.send_conn_le_param_update
                0x0000000000007298       0x68 zephyr/subsys/bluetooth/host/libsubsys__bluetooth__host.a(conn.c.obj)
 .text.deferred_work
                0x0000000000007300      0x11c zephyr/subsys/bluetooth/host/libsubsys__bluetooth__host.a(conn.c.obj)
 .text.bt_conn_init
                0x000000000000741c       0x44 zephyr/subsys/bluetooth/host/libsubsys__bluetooth__host.a(conn.c.obj)
                0x000000000000741c                bt_conn_init
 .text.l2cap_create_le_sig_pdu.part.0
                0x0000000000007460       0x1c zephyr/subsys/bluetooth/host/libsubsys__bluetooth__host.a(l2cap.c.obj)
 .text.l2cap_accept.part.0
                0x000000000000747c       0x30 zephyr/subsys/bluetooth/host/libsubsys__bluetooth__host.a(l2cap.c.obj)
 .text.l2cap_accept
                0x00000000000074ac       0x1c zephyr/subsys/bluetooth/host/libsubsys__bluetooth__host.a(l2cap.c.obj)
 .text.bt_l2cap_create_pdu_timeout
                0x00000000000074c8       0x30 zephyr/subsys/bluetooth/host/libsubsys__bluetooth__host.a(l2cap.c.obj)
                0x00000000000074c8                bt_l2cap_create_pdu_timeout
 .text.bt_l2cap_send_pdu
                0x00000000000074f8       0x50 zephyr/subsys/bluetooth/host/libsubsys__bluetooth__host.a(l2cap.c.obj)
                0x00000000000074f8                bt_l2cap_send_pdu
 .text.l2cap_data_pull
                0x0000000000007548       0xfc zephyr/subsys/bluetooth/host/libsubsys__bluetooth__host.a(l2cap.c.obj)
                0x0000000000007548                l2cap_data_pull
 .text.l2cap_recv.part.0
                0x0000000000007644       0x9c zephyr/subsys/bluetooth/host/libsubsys__bluetooth__host.a(l2cap.c.obj)
 .text.l2cap_recv
                0x00000000000076e0       0x24 zephyr/subsys/bluetooth/host/libsubsys__bluetooth__host.a(l2cap.c.obj)
 .text.bt_l2cap_update_conn_param
                0x0000000000007704       0x50 zephyr/subsys/bluetooth/host/libsubsys__bluetooth__host.a(l2cap.c.obj)
                0x0000000000007704                bt_l2cap_update_conn_param
 .text.att_op_get_type
                0x0000000000007754       0x74 zephyr/subsys/bluetooth/host/libsubsys__bluetooth__host.a(att.c.obj)
 .text.bt_att_released
                0x00000000000077c8        0xc zephyr/subsys/bluetooth/host/libsubsys__bluetooth__host.a(att.c.obj)
 .text.bt_att_connected
                0x00000000000077d4       0x40 zephyr/subsys/bluetooth/host/libsubsys__bluetooth__host.a(att.c.obj)
 .text.bt_addr_le_to_str.constprop.0.isra.0
                0x0000000000007814       0x78 zephyr/subsys/bluetooth/host/libsubsys__bluetooth__host.a(att.c.obj)
 .text.read_group_cb
                0x000000000000788c       0xb8 zephyr/subsys/bluetooth/host/libsubsys__bluetooth__host.a(att.c.obj)
 .text.bt_att_accept
                0x0000000000007944      0x128 zephyr/subsys/bluetooth/host/libsubsys__bluetooth__host.a(att.c.obj)
 .text.read_type_cb
                0x0000000000007a6c       0xac zephyr/subsys/bluetooth/host/libsubsys__bluetooth__host.a(att.c.obj)
 .text.bt_att_chan_create_pdu
                0x0000000000007b18       0xb8 zephyr/subsys/bluetooth/host/libsubsys__bluetooth__host.a(att.c.obj)
 .text.find_type_cb
                0x0000000000007bd0      0x164 zephyr/subsys/bluetooth/host/libsubsys__bluetooth__host.a(att.c.obj)
 .text.chan_send
                0x0000000000007d34       0xe0 zephyr/subsys/bluetooth/host/libsubsys__bluetooth__host.a(att.c.obj)
 .text.att_tx_destroy
                0x0000000000007e14      0x110 zephyr/subsys/bluetooth/host/libsubsys__bluetooth__host.a(att.c.obj)
 .text.bt_att_recv
                0x0000000000007f24       0xc8 zephyr/subsys/bluetooth/host/libsubsys__bluetooth__host.a(att.c.obj)
 .text.att_write_rsp.constprop.0
                0x0000000000007fec       0xc0 zephyr/subsys/bluetooth/host/libsubsys__bluetooth__host.a(att.c.obj)
 .text.att_get  0x00000000000080ac       0x4c zephyr/subsys/bluetooth/host/libsubsys__bluetooth__host.a(att.c.obj)
 .text.bt_att_create_pdu
                0x00000000000080f8       0x64 zephyr/subsys/bluetooth/host/libsubsys__bluetooth__host.a(att.c.obj)
                0x00000000000080f8                bt_att_create_pdu
 .text.bt_att_create_rsp_pdu
                0x000000000000815c       0x60 zephyr/subsys/bluetooth/host/libsubsys__bluetooth__host.a(att.c.obj)
                0x000000000000815c                bt_att_create_rsp_pdu
 .text.att_read_group_req
                0x00000000000081bc       0xf0 zephyr/subsys/bluetooth/host/libsubsys__bluetooth__host.a(att.c.obj)
 .text.att_read_mult_vl_req
                0x00000000000082ac       0x9c zephyr/subsys/bluetooth/host/libsubsys__bluetooth__host.a(att.c.obj)
 .text.att_read_mult_req
                0x0000000000008348       0x9c zephyr/subsys/bluetooth/host/libsubsys__bluetooth__host.a(att.c.obj)
 .text.att_read_rsp
                0x00000000000083e4       0x90 zephyr/subsys/bluetooth/host/libsubsys__bluetooth__host.a(att.c.obj)
 .text.att_read_type_req
                0x0000000000008474      0x114 zephyr/subsys/bluetooth/host/libsubsys__bluetooth__host.a(att.c.obj)
 .text.att_find_type_req
                0x0000000000008588       0xc0 zephyr/subsys/bluetooth/host/libsubsys__bluetooth__host.a(att.c.obj)
 .text.att_find_info_req
                0x0000000000008648       0x6c zephyr/subsys/bluetooth/host/libsubsys__bluetooth__host.a(att.c.obj)
 .text.bt_att_req_alloc
                0x00000000000086b4       0x50 zephyr/subsys/bluetooth/host/libsubsys__bluetooth__host.a(att.c.obj)
                0x00000000000086b4                bt_att_req_alloc
 .text.bt_att_req_free
                0x0000000000008704       0x20 zephyr/subsys/bluetooth/host/libsubsys__bluetooth__host.a(att.c.obj)
                0x0000000000008704                bt_att_req_free
 .text.att_handle_rsp
                0x0000000000008724       0x84 zephyr/subsys/bluetooth/host/libsubsys__bluetooth__host.a(att.c.obj)
 .text.bt_att_disconnected
                0x00000000000087a8       0xc8 zephyr/subsys/bluetooth/host/libsubsys__bluetooth__host.a(att.c.obj)
 .text.att_disconnect
                0x0000000000008870       0x40 zephyr/subsys/bluetooth/host/libsubsys__bluetooth__host.a(att.c.obj)
 .text.att_timeout
                0x00000000000088b0       0x58 zephyr/subsys/bluetooth/host/libsubsys__bluetooth__host.a(att.c.obj)
 .text.bt_att_set_tx_meta_data
                0x0000000000008908       0x24 zephyr/subsys/bluetooth/host/libsubsys__bluetooth__host.a(att.c.obj)
                0x0000000000008908                bt_att_set_tx_meta_data
 .text.find_sc_cfg
                0x000000000000892c       0x24 zephyr/subsys/bluetooth/host/libsubsys__bluetooth__host.a(gatt.c.obj)
 .text.sc_save  0x0000000000008950       0x68 zephyr/subsys/bluetooth/host/libsubsys__bluetooth__host.a(gatt.c.obj)
 .text.sc_indicate_rsp
                0x00000000000089b8       0x38 zephyr/subsys/bluetooth/host/libsubsys__bluetooth__host.a(gatt.c.obj)
 .text.bt_gatt_attr_read.part.0
                0x00000000000089f0       0x1c zephyr/subsys/bluetooth/host/libsubsys__bluetooth__host.a(gatt.c.obj)
 .text.read_ppcp
                0x0000000000008a0c       0x28 zephyr/subsys/bluetooth/host/libsubsys__bluetooth__host.a(gatt.c.obj)
 .text.disconnected_cb
                0x0000000000008a34       0xb4 zephyr/subsys/bluetooth/host/libsubsys__bluetooth__host.a(gatt.c.obj)
 .text.find_ccc_cfg
                0x0000000000008ae8       0x2c zephyr/subsys/bluetooth/host/libsubsys__bluetooth__host.a(gatt.c.obj)
 .text.bt_gatt_attr_write_ccc
                0x0000000000008b14       0xd0 zephyr/subsys/bluetooth/host/libsubsys__bluetooth__host.a(gatt.c.obj)
                0x0000000000008b14                bt_gatt_attr_write_ccc
 .text.bt_gatt_init
                0x0000000000008be4       0x80 zephyr/subsys/bluetooth/host/libsubsys__bluetooth__host.a(gatt.c.obj)
                0x0000000000008be4                bt_gatt_init
 .text.bt_gatt_attr_get_handle
                0x0000000000008c64       0x60 zephyr/subsys/bluetooth/host/libsubsys__bluetooth__host.a(gatt.c.obj)
                0x0000000000008c64                bt_gatt_attr_get_handle
 .text.bt_gatt_foreach_attr_type
                0x0000000000008cc4       0xb4 zephyr/subsys/bluetooth/host/libsubsys__bluetooth__host.a(gatt.c.obj)
                0x0000000000008cc4                bt_gatt_foreach_attr_type
 .text.bt_gatt_attr_next
                0x0000000000008d78       0x24 zephyr/subsys/bluetooth/host/libsubsys__bluetooth__host.a(gatt.c.obj)
                0x0000000000008d78                bt_gatt_attr_next
 .text.bt_gatt_is_subscribed
                0x0000000000008d9c      0x17c zephyr/subsys/bluetooth/host/libsubsys__bluetooth__host.a(gatt.c.obj)
                0x0000000000008d9c                bt_gatt_is_subscribed
 .text.gatt_indicate
                0x0000000000008f18       0xcc zephyr/subsys/bluetooth/host/libsubsys__bluetooth__host.a(gatt.c.obj)
 .text.bt_gatt_indicate
                0x0000000000008fe4       0xf4 zephyr/subsys/bluetooth/host/libsubsys__bluetooth__host.a(gatt.c.obj)
                0x0000000000008fe4                bt_gatt_indicate
 .text.sc_process
                0x00000000000090d8       0x78 zephyr/subsys/bluetooth/host/libsubsys__bluetooth__host.a(gatt.c.obj)
 .text.update_ccc
                0x0000000000009150       0xf4 zephyr/subsys/bluetooth/host/libsubsys__bluetooth__host.a(gatt.c.obj)
 .text.gatt_notify
                0x0000000000009244       0x98 zephyr/subsys/bluetooth/host/libsubsys__bluetooth__host.a(gatt.c.obj)
 .text.notify_cb
                0x00000000000092dc      0x114 zephyr/subsys/bluetooth/host/libsubsys__bluetooth__host.a(gatt.c.obj)
 .text.bt_gatt_connected
                0x00000000000093f0       0x20 zephyr/subsys/bluetooth/host/libsubsys__bluetooth__host.a(gatt.c.obj)
                0x00000000000093f0                bt_gatt_connected
 .text.bt_gatt_att_max_mtu_changed
                0x0000000000009410       0x28 zephyr/subsys/bluetooth/host/libsubsys__bluetooth__host.a(gatt.c.obj)
                0x0000000000009410                bt_gatt_att_max_mtu_changed
 .text.bt_gatt_disconnected
                0x0000000000009438       0x14 zephyr/subsys/bluetooth/host/libsubsys__bluetooth__host.a(gatt.c.obj)
                0x0000000000009438                bt_gatt_disconnected
 .text.bt_smp_accept.part.0
                0x000000000000944c       0x30 zephyr/subsys/bluetooth/host/libsubsys__bluetooth__host.a(smp_null.c.obj)
 .text.bt_smp_accept
                0x000000000000947c       0x1c zephyr/subsys/bluetooth/host/libsubsys__bluetooth__host.a(smp_null.c.obj)
 .text.mem_init
                0x0000000000009498       0x48 zephyr/subsys/bluetooth/controller/libsubsys__bluetooth__controller.a(mem.c.obj)
                0x0000000000009498                mem_init
 .text.mem_acquire
                0x00000000000094e0       0x2c zephyr/subsys/bluetooth/controller/libsubsys__bluetooth__controller.a(mem.c.obj)
                0x00000000000094e0                mem_acquire
 .text.mem_release
                0x000000000000950c       0x28 zephyr/subsys/bluetooth/controller/libsubsys__bluetooth__controller.a(mem.c.obj)
                0x000000000000950c                mem_release
 .text.mem_get  0x0000000000009534        0x8 zephyr/subsys/bluetooth/controller/libsubsys__bluetooth__controller.a(mem.c.obj)
                0x0000000000009534                mem_get
 .text.mem_index_get
                0x000000000000953c        0xc zephyr/subsys/bluetooth/controller/libsubsys__bluetooth__controller.a(mem.c.obj)
                0x000000000000953c                mem_index_get
 .text.mem_rcopy
                0x0000000000009548       0x1c zephyr/subsys/bluetooth/controller/libsubsys__bluetooth__controller.a(mem.c.obj)
                0x0000000000009548                mem_rcopy
 .text.mem_nz   0x0000000000009564       0x18 zephyr/subsys/bluetooth/controller/libsubsys__bluetooth__controller.a(mem.c.obj)
                0x0000000000009564                mem_nz
 .text.memq_init
                0x000000000000957c        0x8 zephyr/subsys/bluetooth/controller/libsubsys__bluetooth__controller.a(memq.c.obj)
                0x000000000000957c                memq_init
 .text.memq_deinit
                0x0000000000009584       0x14 zephyr/subsys/bluetooth/controller/libsubsys__bluetooth__controller.a(memq.c.obj)
                0x0000000000009584                memq_deinit
 .text.memq_enqueue
                0x0000000000009598       0x14 zephyr/subsys/bluetooth/controller/libsubsys__bluetooth__controller.a(memq.c.obj)
                0x0000000000009598                memq_enqueue
 .text.memq_peek
                0x00000000000095ac       0x10 zephyr/subsys/bluetooth/controller/libsubsys__bluetooth__controller.a(memq.c.obj)
                0x00000000000095ac                memq_peek
 .text.memq_dequeue
                0x00000000000095bc       0x20 zephyr/subsys/bluetooth/controller/libsubsys__bluetooth__controller.a(memq.c.obj)
                0x00000000000095bc                memq_dequeue
 .text.mayfly_init
                0x00000000000095dc       0x40 zephyr/subsys/bluetooth/controller/libsubsys__bluetooth__controller.a(mayfly.c.obj)
                0x00000000000095dc                mayfly_init
 .text.mayfly_enable
                0x000000000000961c       0x68 zephyr/subsys/bluetooth/controller/libsubsys__bluetooth__controller.a(mayfly.c.obj)
                0x000000000000961c                mayfly_enable
 .text.mayfly_enqueue
                0x0000000000009684       0xbc zephyr/subsys/bluetooth/controller/libsubsys__bluetooth__controller.a(mayfly.c.obj)
                0x0000000000009684                mayfly_enqueue
 .text.mayfly_run
                0x0000000000009740      0x174 zephyr/subsys/bluetooth/controller/libsubsys__bluetooth__controller.a(mayfly.c.obj)
                0x0000000000009740                mayfly_run
 .text.util_ones_count_get
                0x00000000000098b4       0x28 zephyr/subsys/bluetooth/controller/libsubsys__bluetooth__controller.a(util.c.obj)
                0x00000000000098b4                util_ones_count_get
 .text.ticker_dequeue
                0x00000000000098dc       0x74 zephyr/subsys/bluetooth/controller/libsubsys__bluetooth__controller.a(ticker.c.obj)
 .text.ticks_to_expire_prep
                0x0000000000009950       0x48 zephyr/subsys/bluetooth/controller/libsubsys__bluetooth__controller.a(ticker.c.obj)
 .text.start_us.constprop.0
                0x0000000000009998       0xac zephyr/subsys/bluetooth/controller/libsubsys__bluetooth__controller.a(ticker.c.obj)
 .text.ticker_job_list_insert
                0x0000000000009a44      0x214 zephyr/subsys/bluetooth/controller/libsubsys__bluetooth__controller.a(ticker.c.obj)
 .text.ticker_worker
                0x0000000000009c58      0x388 zephyr/subsys/bluetooth/controller/libsubsys__bluetooth__controller.a(ticker.c.obj)
                0x0000000000009c58                ticker_worker
 .text.ticker_job
                0x0000000000009fe0      0xb64 zephyr/subsys/bluetooth/controller/libsubsys__bluetooth__controller.a(ticker.c.obj)
                0x0000000000009fe0                ticker_job
 .text.ticker_init
                0x000000000000ab44       0x64 zephyr/subsys/bluetooth/controller/libsubsys__bluetooth__controller.a(ticker.c.obj)
                0x000000000000ab44                ticker_init
 .text.ticker_trigger
                0x000000000000aba8       0x30 zephyr/subsys/bluetooth/controller/libsubsys__bluetooth__controller.a(ticker.c.obj)
                0x000000000000aba8                ticker_trigger
 .text.ticker_start
                0x000000000000abd8       0x38 zephyr/subsys/bluetooth/controller/libsubsys__bluetooth__controller.a(ticker.c.obj)
                0x000000000000abd8                ticker_start
 .text.ticker_start_ext
                0x000000000000ac10       0x10 zephyr/subsys/bluetooth/controller/libsubsys__bluetooth__controller.a(ticker.c.obj)
                0x000000000000ac10                ticker_start_ext
 .text.ticker_update_ext
                0x000000000000ac20       0xb0 zephyr/subsys/bluetooth/controller/libsubsys__bluetooth__controller.a(ticker.c.obj)
                0x000000000000ac20                ticker_update_ext
 .text.ticker_update
                0x000000000000acd0       0x30 zephyr/subsys/bluetooth/controller/libsubsys__bluetooth__controller.a(ticker.c.obj)
                0x000000000000acd0                ticker_update
 .text.ticker_stop
                0x000000000000ad00       0x84 zephyr/subsys/bluetooth/controller/libsubsys__bluetooth__controller.a(ticker.c.obj)
                0x000000000000ad00                ticker_stop
 .text.ticker_stop_abs
                0x000000000000ad84       0x88 zephyr/subsys/bluetooth/controller/libsubsys__bluetooth__controller.a(ticker.c.obj)
                0x000000000000ad84                ticker_stop_abs
 .text.ticker_ticks_now_get
                0x000000000000ae0c        0x4 zephyr/subsys/bluetooth/controller/libsubsys__bluetooth__controller.a(ticker.c.obj)
                0x000000000000ae0c                ticker_ticks_now_get
 .text.ticker_ticks_diff_get
                0x000000000000ae10        0x8 zephyr/subsys/bluetooth/controller/libsubsys__bluetooth__controller.a(ticker.c.obj)
                0x000000000000ae10                ticker_ticks_diff_get
 .text.ll_feat_get
                0x000000000000ae18        0xc zephyr/subsys/bluetooth/controller/libsubsys__bluetooth__controller.a(ll_feat.c.obj)
                0x000000000000ae18                ll_feat_get
 .text.ll_tx_pwr_lvl_get
                0x000000000000ae24       0x20 zephyr/subsys/bluetooth/controller/libsubsys__bluetooth__controller.a(ll_tx_pwr.c.obj)
                0x000000000000ae24                ll_tx_pwr_lvl_get
 .text.ll_tx_pwr_get
                0x000000000000ae44        0x8 zephyr/subsys/bluetooth/controller/libsubsys__bluetooth__controller.a(ll_tx_pwr.c.obj)
                0x000000000000ae44                ll_tx_pwr_get
 .text.ll_addr_set
                0x000000000000ae4c       0x38 zephyr/subsys/bluetooth/controller/libsubsys__bluetooth__controller.a(ll_addr.c.obj)
                0x000000000000ae4c                ll_addr_set
 .text.ll_addr_get
                0x000000000000ae84       0x20 zephyr/subsys/bluetooth/controller/libsubsys__bluetooth__controller.a(ll_addr.c.obj)
                0x000000000000ae84                ll_addr_get
 .text.ll_addr_read
                0x000000000000aea4       0x28 zephyr/subsys/bluetooth/controller/libsubsys__bluetooth__controller.a(ll_addr.c.obj)
                0x000000000000aea4                ll_addr_read
 .text.perform_lll_reset
                0x000000000000aecc       0xa0 zephyr/subsys/bluetooth/controller/libsubsys__bluetooth__controller.a(ull.c.obj)
 .text.ull_ticker_status_give
                0x000000000000af6c        0xc zephyr/subsys/bluetooth/controller/libsubsys__bluetooth__controller.a(ull.c.obj)
                0x000000000000af6c                ull_ticker_status_give
 .text.disabled_cb
                0x000000000000af78        0x4 zephyr/subsys/bluetooth/controller/libsubsys__bluetooth__controller.a(ull.c.obj)
 .text.tx_cmplt_get
                0x000000000000af7c       0xb4 zephyr/subsys/bluetooth/controller/libsubsys__bluetooth__controller.a(ull.c.obj)
 .text.rx_replenish
                0x000000000000b030       0xf8 zephyr/subsys/bluetooth/controller/libsubsys__bluetooth__controller.a(ull.c.obj)
 .text.init_reset
                0x000000000000b128      0x138 zephyr/subsys/bluetooth/controller/libsubsys__bluetooth__controller.a(ull.c.obj)
 .text.rx_demux
                0x000000000000b260      0x2bc zephyr/subsys/bluetooth/controller/libsubsys__bluetooth__controller.a(ull.c.obj)
 .text.ll_init  0x000000000000b51c       0xe4 zephyr/subsys/bluetooth/controller/libsubsys__bluetooth__controller.a(ull.c.obj)
                0x000000000000b51c                ll_init
 .text.ll_reset
                0x000000000000b600      0x13c zephyr/subsys/bluetooth/controller/libsubsys__bluetooth__controller.a(ull.c.obj)
                0x000000000000b600                ll_reset
 .text.ll_deinit
                0x000000000000b73c       0x10 zephyr/subsys/bluetooth/controller/libsubsys__bluetooth__controller.a(ull.c.obj)
                0x000000000000b73c                ll_deinit
 .text.ll_rx_get
                0x000000000000b74c      0x104 zephyr/subsys/bluetooth/controller/libsubsys__bluetooth__controller.a(ull.c.obj)
                0x000000000000b74c                ll_rx_get
 .text.ll_rx_dequeue
                0x000000000000b850      0x194 zephyr/subsys/bluetooth/controller/libsubsys__bluetooth__controller.a(ull.c.obj)
                0x000000000000b850                ll_rx_dequeue
 .text.ll_rx_mem_release
                0x000000000000b9e4      0x198 zephyr/subsys/bluetooth/controller/libsubsys__bluetooth__controller.a(ull.c.obj)
                0x000000000000b9e4                ll_rx_mem_release
 .text.ll_rx_link_alloc
                0x000000000000bb7c        0xc zephyr/subsys/bluetooth/controller/libsubsys__bluetooth__controller.a(ull.c.obj)
                0x000000000000bb7c                ll_rx_link_alloc
 .text.ll_rx_link_release
                0x000000000000bb88        0xc zephyr/subsys/bluetooth/controller/libsubsys__bluetooth__controller.a(ull.c.obj)
                0x000000000000bb88                ll_rx_link_release
 .text.ll_rx_alloc
                0x000000000000bb94        0xc zephyr/subsys/bluetooth/controller/libsubsys__bluetooth__controller.a(ull.c.obj)
                0x000000000000bb94                ll_rx_alloc
 .text.ll_rx_release
                0x000000000000bba0        0xc zephyr/subsys/bluetooth/controller/libsubsys__bluetooth__controller.a(ull.c.obj)
                0x000000000000bba0                ll_rx_release
 .text.ll_rx_put
                0x000000000000bbac       0x18 zephyr/subsys/bluetooth/controller/libsubsys__bluetooth__controller.a(ull.c.obj)
                0x000000000000bbac                ll_rx_put
 .text.ll_rx_put_sched
                0x000000000000bbc4       0x28 zephyr/subsys/bluetooth/controller/libsubsys__bluetooth__controller.a(ull.c.obj)
                0x000000000000bbc4                ll_rx_put_sched
 .text.ll_pdu_rx_alloc_peek
                0x000000000000bbec       0x34 zephyr/subsys/bluetooth/controller/libsubsys__bluetooth__controller.a(ull.c.obj)
                0x000000000000bbec                ll_pdu_rx_alloc_peek
 .text.ll_pdu_rx_alloc
                0x000000000000bc20       0x24 zephyr/subsys/bluetooth/controller/libsubsys__bluetooth__controller.a(ull.c.obj)
                0x000000000000bc20                ll_pdu_rx_alloc
 .text.ll_tx_ack_put
                0x000000000000bc44       0x60 zephyr/subsys/bluetooth/controller/libsubsys__bluetooth__controller.a(ull.c.obj)
                0x000000000000bc44                ll_tx_ack_put
 .text.ull_ticker_status_take
                0x000000000000bca4       0x24 zephyr/subsys/bluetooth/controller/libsubsys__bluetooth__controller.a(ull.c.obj)
                0x000000000000bca4                ull_ticker_status_take
 .text.ull_disable_mark
                0x000000000000bcc8       0x18 zephyr/subsys/bluetooth/controller/libsubsys__bluetooth__controller.a(ull.c.obj)
                0x000000000000bcc8                ull_disable_mark
 .text.ull_disable_unmark
                0x000000000000bce0       0x18 zephyr/subsys/bluetooth/controller/libsubsys__bluetooth__controller.a(ull.c.obj)
                0x000000000000bce0                ull_disable_unmark
 .text.ull_disable_mark_get
                0x000000000000bcf8        0xc zephyr/subsys/bluetooth/controller/libsubsys__bluetooth__controller.a(ull.c.obj)
                0x000000000000bcf8                ull_disable_mark_get
 .text.ull_update_mark
                0x000000000000bd04       0x18 zephyr/subsys/bluetooth/controller/libsubsys__bluetooth__controller.a(ull.c.obj)
                0x000000000000bd04                ull_update_mark
 .text.ull_update_unmark
                0x000000000000bd1c       0x18 zephyr/subsys/bluetooth/controller/libsubsys__bluetooth__controller.a(ull.c.obj)
                0x000000000000bd1c                ull_update_unmark
 .text.ull_update_mark_get
                0x000000000000bd34        0xc zephyr/subsys/bluetooth/controller/libsubsys__bluetooth__controller.a(ull.c.obj)
                0x000000000000bd34                ull_update_mark_get
 .text.ull_disable
                0x000000000000bd40       0x7c zephyr/subsys/bluetooth/controller/libsubsys__bluetooth__controller.a(ull.c.obj)
                0x000000000000bd40                ull_disable
 .text.ull_ticker_stop_with_mark
                0x000000000000bdbc       0xa4 zephyr/subsys/bluetooth/controller/libsubsys__bluetooth__controller.a(ull.c.obj)
                0x000000000000bdbc                ull_ticker_stop_with_mark
 .text.ull_pdu_rx_alloc_peek
                0x000000000000be60       0x34 zephyr/subsys/bluetooth/controller/libsubsys__bluetooth__controller.a(ull.c.obj)
                0x000000000000be60                ull_pdu_rx_alloc_peek
 .text.ull_pdu_rx_alloc
                0x000000000000be94       0x24 zephyr/subsys/bluetooth/controller/libsubsys__bluetooth__controller.a(ull.c.obj)
                0x000000000000be94                ull_pdu_rx_alloc
 .text.ull_rx_put
                0x000000000000beb8       0x20 zephyr/subsys/bluetooth/controller/libsubsys__bluetooth__controller.a(ull.c.obj)
                0x000000000000beb8                ull_rx_put
 .text.ull_rx_sched
                0x000000000000bed8       0x10 zephyr/subsys/bluetooth/controller/libsubsys__bluetooth__controller.a(ull.c.obj)
                0x000000000000bed8                ull_rx_sched
 .text.ull_rx_put_sched
                0x000000000000bee8       0x30 zephyr/subsys/bluetooth/controller/libsubsys__bluetooth__controller.a(ull.c.obj)
                0x000000000000bee8                ull_rx_put_sched
 .text.ull_prepare_enqueue
                0x000000000000bf18       0x74 zephyr/subsys/bluetooth/controller/libsubsys__bluetooth__controller.a(ull.c.obj)
                0x000000000000bf18                ull_prepare_enqueue
 .text.ull_prepare_dequeue_get
                0x000000000000bf8c       0x1c zephyr/subsys/bluetooth/controller/libsubsys__bluetooth__controller.a(ull.c.obj)
                0x000000000000bf8c                ull_prepare_dequeue_get
 .text.ull_prepare_dequeue_iter
                0x000000000000bfa8       0x34 zephyr/subsys/bluetooth/controller/libsubsys__bluetooth__controller.a(ull.c.obj)
                0x000000000000bfa8                ull_prepare_dequeue_iter
 .text.ull_prepare_dequeue
                0x000000000000bfdc      0x130 zephyr/subsys/bluetooth/controller/libsubsys__bluetooth__controller.a(ull.c.obj)
                0x000000000000bfdc                ull_prepare_dequeue
 .text.ull_event_done_extra_get
                0x000000000000c10c       0x1c zephyr/subsys/bluetooth/controller/libsubsys__bluetooth__controller.a(ull.c.obj)
                0x000000000000c10c                ull_event_done_extra_get
 .text.ull_event_done
                0x000000000000c128       0x5c zephyr/subsys/bluetooth/controller/libsubsys__bluetooth__controller.a(ull.c.obj)
                0x000000000000c128                ull_event_done
 .text.lll_prepare
                0x000000000000c184       0x14 zephyr/subsys/bluetooth/controller/libsubsys__bluetooth__controller.a(lll_common.c.obj)
                0x000000000000c184                lll_prepare
 .text.lll_resume
                0x000000000000c198       0x50 zephyr/subsys/bluetooth/controller/libsubsys__bluetooth__controller.a(lll_common.c.obj)
                0x000000000000c198                lll_resume
 .text.hci_driver_close
                0x000000000000c1e8       0x50 zephyr/subsys/bluetooth/controller/libsubsys__bluetooth__controller.a(hci_driver.c.obj)
 .text.recv_thread
                0x000000000000c238      0x130 zephyr/subsys/bluetooth/controller/libsubsys__bluetooth__controller.a(hci_driver.c.obj)
 .text.hci_driver_open
                0x000000000000c368       0xcc zephyr/subsys/bluetooth/controller/libsubsys__bluetooth__controller.a(hci_driver.c.obj)
 .text.bt_recv_prio.isra.0
                0x000000000000c434       0x18 zephyr/subsys/bluetooth/controller/libsubsys__bluetooth__controller.a(hci_driver.c.obj)
 .text.prio_recv_thread
                0x000000000000c44c       0xd0 zephyr/subsys/bluetooth/controller/libsubsys__bluetooth__controller.a(hci_driver.c.obj)
 .text.hci_driver_send
                0x000000000000c51c       0xa0 zephyr/subsys/bluetooth/controller/libsubsys__bluetooth__controller.a(hci_driver.c.obj)
 .text.hci_recv_fifo_reset
                0x000000000000c5bc       0x20 zephyr/subsys/bluetooth/controller/libsubsys__bluetooth__controller.a(hci_driver.c.obj)
                0x000000000000c5bc                hci_recv_fifo_reset
 .text.le_remote_feat_complete
                0x000000000000c5dc       0x78 zephyr/subsys/bluetooth/controller/libsubsys__bluetooth__controller.a(hci.c.obj)
 .text.hci_vendor_cmd_handle_common
                0x000000000000c654      0x194 zephyr/subsys/bluetooth/controller/libsubsys__bluetooth__controller.a(hci.c.obj)
                0x000000000000c654                hci_vendor_cmd_handle_common
 .text.hci_cmd_handle
                0x000000000000c7e8      0x72c zephyr/subsys/bluetooth/controller/libsubsys__bluetooth__controller.a(hci.c.obj)
                0x000000000000c7e8                hci_cmd_handle
 .text.hci_acl_handle
                0x000000000000cf14      0x10c zephyr/subsys/bluetooth/controller/libsubsys__bluetooth__controller.a(hci.c.obj)
                0x000000000000cf14                hci_acl_handle
 .text.hci_disconn_complete_encode
                0x000000000000d020       0x40 zephyr/subsys/bluetooth/controller/libsubsys__bluetooth__controller.a(hci.c.obj)
                0x000000000000d020                hci_disconn_complete_encode
 .text.hci_disconn_complete_process
                0x000000000000d060       0x10 zephyr/subsys/bluetooth/controller/libsubsys__bluetooth__controller.a(hci.c.obj)
                0x000000000000d060                hci_disconn_complete_process
 .text.hci_acl_encode
                0x000000000000d070       0x78 zephyr/subsys/bluetooth/controller/libsubsys__bluetooth__controller.a(hci.c.obj)
                0x000000000000d070                hci_acl_encode
 .text.hci_evt_encode
                0x000000000000d0e8      0x500 zephyr/subsys/bluetooth/controller/libsubsys__bluetooth__controller.a(hci.c.obj)
                0x000000000000d0e8                hci_evt_encode
 .text.hci_num_cmplt_encode
                0x000000000000d5e8       0x30 zephyr/subsys/bluetooth/controller/libsubsys__bluetooth__controller.a(hci.c.obj)
                0x000000000000d5e8                hci_num_cmplt_encode
 .text.hci_get_class
                0x000000000000d618       0x2c zephyr/subsys/bluetooth/controller/libsubsys__bluetooth__controller.a(hci.c.obj)
                0x000000000000d618                hci_get_class
 .text.hci_init
                0x000000000000d644       0x40 zephyr/subsys/bluetooth/controller/libsubsys__bluetooth__controller.a(hci.c.obj)
                0x000000000000d644                hci_init
 .text.ticker_stop_cb
                0x000000000000d684       0x90 zephyr/subsys/bluetooth/controller/libsubsys__bluetooth__controller.a(ull_adv.c.obj)
 .text.disabled_cb
                0x000000000000d714       0x94 zephyr/subsys/bluetooth/controller/libsubsys__bluetooth__controller.a(ull_adv.c.obj)
 .text.ticker_stop_op_cb
                0x000000000000d7a8       0x48 zephyr/subsys/bluetooth/controller/libsubsys__bluetooth__controller.a(ull_adv.c.obj)
 .text.adv_disable
                0x000000000000d7f0       0x8c zephyr/subsys/bluetooth/controller/libsubsys__bluetooth__controller.a(ull_adv.c.obj)
 .text.ticker_update_op_cb
                0x000000000000d87c       0x64 zephyr/subsys/bluetooth/controller/libsubsys__bluetooth__controller.a(ull_adv.c.obj)
 .text.init_set.constprop.0
                0x000000000000d8e0       0x40 zephyr/subsys/bluetooth/controller/libsubsys__bluetooth__controller.a(ull_adv.c.obj)
 .text.conn_release.constprop.0
                0x000000000000d920       0x88 zephyr/subsys/bluetooth/controller/libsubsys__bluetooth__controller.a(ull_adv.c.obj)
 .text.disable.constprop.0
                0x000000000000d9a8      0x158 zephyr/subsys/bluetooth/controller/libsubsys__bluetooth__controller.a(ull_adv.c.obj)
 .text.adv_time_get.constprop.0.isra.0
                0x000000000000db00       0x7c zephyr/subsys/bluetooth/controller/libsubsys__bluetooth__controller.a(ull_adv.c.obj)
 .text.ticker_cb
                0x000000000000db7c      0x148 zephyr/subsys/bluetooth/controller/libsubsys__bluetooth__controller.a(ull_adv.c.obj)
 .text.ll_adv_params_set
                0x000000000000dcc4      0x1d4 zephyr/subsys/bluetooth/controller/libsubsys__bluetooth__controller.a(ull_adv.c.obj)
                0x000000000000dcc4                ll_adv_params_set
 .text.ull_adv_init
                0x000000000000de98       0x20 zephyr/subsys/bluetooth/controller/libsubsys__bluetooth__controller.a(ull_adv.c.obj)
                0x000000000000de98                ull_adv_init
 .text.ull_adv_reset
                0x000000000000deb8        0xc zephyr/subsys/bluetooth/controller/libsubsys__bluetooth__controller.a(ull_adv.c.obj)
                0x000000000000deb8                ull_adv_reset
 .text.ull_adv_reset_finalize
                0x000000000000dec4       0x2c zephyr/subsys/bluetooth/controller/libsubsys__bluetooth__controller.a(ull_adv.c.obj)
                0x000000000000dec4                ull_adv_reset_finalize
 .text.ull_adv_handle_get
                0x000000000000def0       0x18 zephyr/subsys/bluetooth/controller/libsubsys__bluetooth__controller.a(ull_adv.c.obj)
                0x000000000000def0                ull_adv_handle_get
 .text.ull_adv_lll_handle_get
                0x000000000000df08       0x1c zephyr/subsys/bluetooth/controller/libsubsys__bluetooth__controller.a(ull_adv.c.obj)
                0x000000000000df08                ull_adv_lll_handle_get
 .text.ull_adv_is_enabled
                0x000000000000df24       0x18 zephyr/subsys/bluetooth/controller/libsubsys__bluetooth__controller.a(ull_adv.c.obj)
                0x000000000000df24                ull_adv_is_enabled
 .text.ull_adv_data_set
                0x000000000000df3c       0xc4 zephyr/subsys/bluetooth/controller/libsubsys__bluetooth__controller.a(ull_adv.c.obj)
                0x000000000000df3c                ull_adv_data_set
 .text.ll_adv_data_set
                0x000000000000e000       0x10 zephyr/subsys/bluetooth/controller/libsubsys__bluetooth__controller.a(ull_adv.c.obj)
                0x000000000000e000                ll_adv_data_set
 .text.ull_scan_rsp_set
                0x000000000000e010       0xcc zephyr/subsys/bluetooth/controller/libsubsys__bluetooth__controller.a(ull_adv.c.obj)
                0x000000000000e010                ull_scan_rsp_set
 .text.ll_adv_scan_rsp_set
                0x000000000000e0dc       0x10 zephyr/subsys/bluetooth/controller/libsubsys__bluetooth__controller.a(ull_adv.c.obj)
                0x000000000000e0dc                ll_adv_scan_rsp_set
 .text.init_reset
                0x000000000000e0ec       0x5c zephyr/subsys/bluetooth/controller/libsubsys__bluetooth__controller.a(ull_conn.c.obj)
 .text.tx_lll_flush
                0x000000000000e148       0xe8 zephyr/subsys/bluetooth/controller/libsubsys__bluetooth__controller.a(ull_conn.c.obj)
 .text.ticker_stop_op_cb
                0x000000000000e230       0x6c zephyr/subsys/bluetooth/controller/libsubsys__bluetooth__controller.a(ull_conn.c.obj)
 .text.disabled_cb
                0x000000000000e29c       0x44 zephyr/subsys/bluetooth/controller/libsubsys__bluetooth__controller.a(ull_conn.c.obj)
 .text.conn_disable
                0x000000000000e2e0       0x8c zephyr/subsys/bluetooth/controller/libsubsys__bluetooth__controller.a(ull_conn.c.obj)
 .text.conn_setup_adv_scan_disabled_cb
                0x000000000000e36c       0x48 zephyr/subsys/bluetooth/controller/libsubsys__bluetooth__controller.a(ull_conn.c.obj)
 .text.ticker_update_conn_op_cb
                0x000000000000e3b4       0x44 zephyr/subsys/bluetooth/controller/libsubsys__bluetooth__controller.a(ull_conn.c.obj)
 .text.ticker_start_conn_op_cb
                0x000000000000e3f8       0x60 zephyr/subsys/bluetooth/controller/libsubsys__bluetooth__controller.a(ull_conn.c.obj)
 .text.ticker_stop_conn_op_cb
                0x000000000000e458       0x60 zephyr/subsys/bluetooth/controller/libsubsys__bluetooth__controller.a(ull_conn.c.obj)
 .text.ll_conn_acquire
                0x000000000000e4b8        0xc zephyr/subsys/bluetooth/controller/libsubsys__bluetooth__controller.a(ull_conn.c.obj)
                0x000000000000e4b8                ll_conn_acquire
 .text.ll_conn_release
                0x000000000000e4c4        0xc zephyr/subsys/bluetooth/controller/libsubsys__bluetooth__controller.a(ull_conn.c.obj)
                0x000000000000e4c4                ll_conn_release
 .text.ll_conn_handle_get
                0x000000000000e4d0       0x10 zephyr/subsys/bluetooth/controller/libsubsys__bluetooth__controller.a(ull_conn.c.obj)
                0x000000000000e4d0                ll_conn_handle_get
 .text.ll_conn_get
                0x000000000000e4e0       0x10 zephyr/subsys/bluetooth/controller/libsubsys__bluetooth__controller.a(ull_conn.c.obj)
                0x000000000000e4e0                ll_conn_get
 .text.ll_connected_get
                0x000000000000e4f0       0x24 zephyr/subsys/bluetooth/controller/libsubsys__bluetooth__controller.a(ull_conn.c.obj)
                0x000000000000e4f0                ll_connected_get
 .text.ll_tx_mem_acquire
                0x000000000000e514        0xc zephyr/subsys/bluetooth/controller/libsubsys__bluetooth__controller.a(ull_conn.c.obj)
                0x000000000000e514                ll_tx_mem_acquire
 .text.ll_tx_mem_release
                0x000000000000e520        0xc zephyr/subsys/bluetooth/controller/libsubsys__bluetooth__controller.a(ull_conn.c.obj)
                0x000000000000e520                ll_tx_mem_release
 .text.ll_tx_mem_enqueue
                0x000000000000e52c       0x90 zephyr/subsys/bluetooth/controller/libsubsys__bluetooth__controller.a(ull_conn.c.obj)
                0x000000000000e52c                ll_tx_mem_enqueue
 .text.ll_conn_update
                0x000000000000e5bc       0x88 zephyr/subsys/bluetooth/controller/libsubsys__bluetooth__controller.a(ull_conn.c.obj)
                0x000000000000e5bc                ll_conn_update
 .text.ll_chm_get
                0x000000000000e644       0x44 zephyr/subsys/bluetooth/controller/libsubsys__bluetooth__controller.a(ull_conn.c.obj)
                0x000000000000e644                ll_chm_get
 .text.ll_terminate_ind_send
                0x000000000000e688       0x6c zephyr/subsys/bluetooth/controller/libsubsys__bluetooth__controller.a(ull_conn.c.obj)
                0x000000000000e688                ll_terminate_ind_send
 .text.ll_feature_req_send
                0x000000000000e6f4       0x44 zephyr/subsys/bluetooth/controller/libsubsys__bluetooth__controller.a(ull_conn.c.obj)
                0x000000000000e6f4                ll_feature_req_send
 .text.ll_version_ind_send
                0x000000000000e738       0x40 zephyr/subsys/bluetooth/controller/libsubsys__bluetooth__controller.a(ull_conn.c.obj)
                0x000000000000e738                ll_version_ind_send
 .text.ll_phy_get
                0x000000000000e778       0x3c zephyr/subsys/bluetooth/controller/libsubsys__bluetooth__controller.a(ull_conn.c.obj)
                0x000000000000e778                ll_phy_get
 .text.ll_phy_default_set
                0x000000000000e7b4       0x14 zephyr/subsys/bluetooth/controller/libsubsys__bluetooth__controller.a(ull_conn.c.obj)
                0x000000000000e7b4                ll_phy_default_set
 .text.ll_phy_req_send
                0x000000000000e7c8       0x64 zephyr/subsys/bluetooth/controller/libsubsys__bluetooth__controller.a(ull_conn.c.obj)
                0x000000000000e7c8                ll_phy_req_send
 .text.ll_apto_get
                0x000000000000e82c       0x68 zephyr/subsys/bluetooth/controller/libsubsys__bluetooth__controller.a(ull_conn.c.obj)
                0x000000000000e82c                ll_apto_get
 .text.ll_apto_set
                0x000000000000e894       0x64 zephyr/subsys/bluetooth/controller/libsubsys__bluetooth__controller.a(ull_conn.c.obj)
                0x000000000000e894                ll_apto_set
 .text.ull_conn_init
                0x000000000000e8f8        0x4 zephyr/subsys/bluetooth/controller/libsubsys__bluetooth__controller.a(ull_conn.c.obj)
                0x000000000000e8f8                ull_conn_init
 .text.ull_conn_reset
                0x000000000000e8fc       0x88 zephyr/subsys/bluetooth/controller/libsubsys__bluetooth__controller.a(ull_conn.c.obj)
                0x000000000000e8fc                ull_conn_reset
 .text.ull_conn_default_phy_tx_get
                0x000000000000e984        0xc zephyr/subsys/bluetooth/controller/libsubsys__bluetooth__controller.a(ull_conn.c.obj)
                0x000000000000e984                ull_conn_default_phy_tx_get
 .text.ull_conn_default_phy_rx_get
                0x000000000000e990        0xc zephyr/subsys/bluetooth/controller/libsubsys__bluetooth__controller.a(ull_conn.c.obj)
                0x000000000000e990                ull_conn_default_phy_rx_get
 .text.ull_conn_setup
                0x000000000000e99c       0x54 zephyr/subsys/bluetooth/controller/libsubsys__bluetooth__controller.a(ull_conn.c.obj)
                0x000000000000e99c                ull_conn_setup
 .text.ull_conn_rx
                0x000000000000e9f0       0x78 zephyr/subsys/bluetooth/controller/libsubsys__bluetooth__controller.a(ull_conn.c.obj)
                0x000000000000e9f0                ull_conn_rx
 .text.ull_conn_llcp
                0x000000000000ea68       0x68 zephyr/subsys/bluetooth/controller/libsubsys__bluetooth__controller.a(ull_conn.c.obj)
                0x000000000000ea68                ull_conn_llcp
 .text.ull_conn_tx_demux
                0x000000000000ead0       0x7c zephyr/subsys/bluetooth/controller/libsubsys__bluetooth__controller.a(ull_conn.c.obj)
                0x000000000000ead0                ull_conn_tx_demux
 .text.conn_cleanup
                0x000000000000eb4c      0x128 zephyr/subsys/bluetooth/controller/libsubsys__bluetooth__controller.a(ull_conn.c.obj)
 .text.ull_conn_tx_lll_enqueue
                0x000000000000ec74       0x90 zephyr/subsys/bluetooth/controller/libsubsys__bluetooth__controller.a(ull_conn.c.obj)
                0x000000000000ec74                ull_conn_tx_lll_enqueue
 .text.tx_demux
                0x000000000000ed04       0x18 zephyr/subsys/bluetooth/controller/libsubsys__bluetooth__controller.a(ull_conn.c.obj)
 .text.ull_conn_link_tx_release
                0x000000000000ed1c        0xc zephyr/subsys/bluetooth/controller/libsubsys__bluetooth__controller.a(ull_conn.c.obj)
                0x000000000000ed1c                ull_conn_link_tx_release
 .text.ull_conn_ack_last_idx_get
                0x000000000000ed28        0xc zephyr/subsys/bluetooth/controller/libsubsys__bluetooth__controller.a(ull_conn.c.obj)
                0x000000000000ed28                ull_conn_ack_last_idx_get
 .text.ull_conn_ack_peek
                0x000000000000ed34       0x30 zephyr/subsys/bluetooth/controller/libsubsys__bluetooth__controller.a(ull_conn.c.obj)
                0x000000000000ed34                ull_conn_ack_peek
 .text.ull_conn_ack_by_last_peek
                0x000000000000ed64       0x24 zephyr/subsys/bluetooth/controller/libsubsys__bluetooth__controller.a(ull_conn.c.obj)
                0x000000000000ed64                ull_conn_ack_by_last_peek
 .text.ull_conn_ack_dequeue
                0x000000000000ed88       0x2c zephyr/subsys/bluetooth/controller/libsubsys__bluetooth__controller.a(ull_conn.c.obj)
                0x000000000000ed88                ull_conn_ack_dequeue
 .text.ull_conn_lll_ack_enqueue
                0x000000000000edb4       0x60 zephyr/subsys/bluetooth/controller/libsubsys__bluetooth__controller.a(ull_conn.c.obj)
                0x000000000000edb4                ull_conn_lll_ack_enqueue
 .text.ull_conn_tx_ack
                0x000000000000ee14       0xd4 zephyr/subsys/bluetooth/controller/libsubsys__bluetooth__controller.a(ull_conn.c.obj)
                0x000000000000ee14                ull_conn_tx_ack
 .text.ull_conn_lll_max_tx_octets_get
                0x000000000000eee8        0x4 zephyr/subsys/bluetooth/controller/libsubsys__bluetooth__controller.a(ull_conn.c.obj)
                0x000000000000eee8                ull_conn_lll_max_tx_octets_get
 .text.ull_pdu_data_init
                0x000000000000eeec        0x4 zephyr/subsys/bluetooth/controller/libsubsys__bluetooth__controller.a(ull_conn.c.obj)
                0x000000000000eeec                ull_pdu_data_init
 .text.ull_conn_pause_rx_data
                0x000000000000eef0       0x10 zephyr/subsys/bluetooth/controller/libsubsys__bluetooth__controller.a(ull_conn.c.obj)
                0x000000000000eef0                ull_conn_pause_rx_data
 .text.ull_conn_resume_rx_data
                0x000000000000ef00       0x10 zephyr/subsys/bluetooth/controller/libsubsys__bluetooth__controller.a(ull_conn.c.obj)
                0x000000000000ef00                ull_conn_resume_rx_data
 .text.ull_conn_event_counter
                0x000000000000ef10       0x1c zephyr/subsys/bluetooth/controller/libsubsys__bluetooth__controller.a(ull_conn.c.obj)
                0x000000000000ef10                ull_conn_event_counter
 .text.ull_conn_chan_map_set
                0x000000000000ef2c       0x24 zephyr/subsys/bluetooth/controller/libsubsys__bluetooth__controller.a(ull_conn.c.obj)
                0x000000000000ef2c                ull_conn_chan_map_set
 .text.llcp_rp_enc_tx
                0x000000000000ef50       0xc8 zephyr/subsys/bluetooth/controller/libsubsys__bluetooth__controller.a(ull_llcp_enc.c.obj)
 .text.rp_enc_send_enc_rsp.constprop.0
                0x000000000000f018       0x90 zephyr/subsys/bluetooth/controller/libsubsys__bluetooth__controller.a(ull_llcp_enc.c.obj)
 .text.rp_enc_send_start_enc_req.constprop.0
                0x000000000000f0a8       0xb4 zephyr/subsys/bluetooth/controller/libsubsys__bluetooth__controller.a(ull_llcp_enc.c.obj)
 .text.rp_enc_execute_fsm
                0x000000000000f15c      0x29c zephyr/subsys/bluetooth/controller/libsubsys__bluetooth__controller.a(ull_llcp_enc.c.obj)
 .text.llcp_rp_enc_rx
                0x000000000000f3f8       0x40 zephyr/subsys/bluetooth/controller/libsubsys__bluetooth__controller.a(ull_llcp_enc.c.obj)
                0x000000000000f3f8                llcp_rp_enc_rx
 .text.llcp_rp_enc_ltk_req_reply
                0x000000000000f438        0x8 zephyr/subsys/bluetooth/controller/libsubsys__bluetooth__controller.a(ull_llcp_enc.c.obj)
                0x000000000000f438                llcp_rp_enc_ltk_req_reply
 .text.llcp_rp_enc_ltk_req_neg_reply
                0x000000000000f440        0x8 zephyr/subsys/bluetooth/controller/libsubsys__bluetooth__controller.a(ull_llcp_enc.c.obj)
                0x000000000000f440                llcp_rp_enc_ltk_req_neg_reply
 .text.llcp_rp_enc_ltk_req_reply_allowed
                0x000000000000f448       0x10 zephyr/subsys/bluetooth/controller/libsubsys__bluetooth__controller.a(ull_llcp_enc.c.obj)
                0x000000000000f448                llcp_rp_enc_ltk_req_reply_allowed
 .text.llcp_rp_enc_run
                0x000000000000f458        0x8 zephyr/subsys/bluetooth/controller/libsubsys__bluetooth__controller.a(ull_llcp_enc.c.obj)
                0x000000000000f458                llcp_rp_enc_run
 .text.pu_check_update_ind
                0x000000000000f460       0x60 zephyr/subsys/bluetooth/controller/libsubsys__bluetooth__controller.a(ull_llcp_phy.c.obj)
 .text.pu_ntf   0x000000000000f4c0       0xac zephyr/subsys/bluetooth/controller/libsubsys__bluetooth__controller.a(ull_llcp_phy.c.obj)
 .text.lp_pu_send_phy_req.constprop.0.isra.0
                0x000000000000f56c      0x110 zephyr/subsys/bluetooth/controller/libsubsys__bluetooth__controller.a(ull_llcp_phy.c.obj)
 .text.rp_pu_send_phy_rsp.isra.0
                0x000000000000f67c       0xbc zephyr/subsys/bluetooth/controller/libsubsys__bluetooth__controller.a(ull_llcp_phy.c.obj)
 .text.lp_pu_execute_fsm
                0x000000000000f738      0x2bc zephyr/subsys/bluetooth/controller/libsubsys__bluetooth__controller.a(ull_llcp_phy.c.obj)
 .text.rp_pu_execute_fsm
                0x000000000000f9f4      0x248 zephyr/subsys/bluetooth/controller/libsubsys__bluetooth__controller.a(ull_llcp_phy.c.obj)
 .text.llcp_lp_pu_rx
                0x000000000000fc3c       0x40 zephyr/subsys/bluetooth/controller/libsubsys__bluetooth__controller.a(ull_llcp_phy.c.obj)
                0x000000000000fc3c                llcp_lp_pu_rx
 .text.llcp_lp_pu_run
                0x000000000000fc7c        0x8 zephyr/subsys/bluetooth/controller/libsubsys__bluetooth__controller.a(ull_llcp_phy.c.obj)
                0x000000000000fc7c                llcp_lp_pu_run
 .text.llcp_lp_pu_tx_ack
                0x000000000000fc84        0x8 zephyr/subsys/bluetooth/controller/libsubsys__bluetooth__controller.a(ull_llcp_phy.c.obj)
                0x000000000000fc84                llcp_lp_pu_tx_ack
 .text.llcp_lp_pu_tx_ntf
                0x000000000000fc8c       0x60 zephyr/subsys/bluetooth/controller/libsubsys__bluetooth__controller.a(ull_llcp_phy.c.obj)
                0x000000000000fc8c                llcp_lp_pu_tx_ntf
 .text.llcp_rp_pu_rx
                0x000000000000fcec       0x3c zephyr/subsys/bluetooth/controller/libsubsys__bluetooth__controller.a(ull_llcp_phy.c.obj)
                0x000000000000fcec                llcp_rp_pu_rx
 .text.llcp_rp_pu_run
                0x000000000000fd28        0x8 zephyr/subsys/bluetooth/controller/libsubsys__bluetooth__controller.a(ull_llcp_phy.c.obj)
                0x000000000000fd28                llcp_rp_pu_run
 .text.llcp_rp_pu_tx_ack
                0x000000000000fd30        0x8 zephyr/subsys/bluetooth/controller/libsubsys__bluetooth__controller.a(ull_llcp_phy.c.obj)
                0x000000000000fd30                llcp_rp_pu_tx_ack
 .text.llcp_rp_pu_tx_ntf
                0x000000000000fd38        0x8 zephyr/subsys/bluetooth/controller/libsubsys__bluetooth__controller.a(ull_llcp_phy.c.obj)
                0x000000000000fd38                llcp_rp_pu_tx_ntf
 .text.ull_tx_q_init
                0x000000000000fd40       0x10 zephyr/subsys/bluetooth/controller/libsubsys__bluetooth__controller.a(ull_tx_queue.c.obj)
                0x000000000000fd40                ull_tx_q_init
 .text.ull_tx_q_pause_data
                0x000000000000fd50        0x8 zephyr/subsys/bluetooth/controller/libsubsys__bluetooth__controller.a(ull_tx_queue.c.obj)
                0x000000000000fd50                ull_tx_q_pause_data
 .text.ull_tx_q_resume_data
                0x000000000000fd58       0x30 zephyr/subsys/bluetooth/controller/libsubsys__bluetooth__controller.a(ull_tx_queue.c.obj)
                0x000000000000fd58                ull_tx_q_resume_data
 .text.ull_tx_q_enqueue_data
                0x000000000000fd88       0x28 zephyr/subsys/bluetooth/controller/libsubsys__bluetooth__controller.a(ull_tx_queue.c.obj)
                0x000000000000fd88                ull_tx_q_enqueue_data
 .text.ull_tx_q_enqueue_ctrl
                0x000000000000fdb0       0x14 zephyr/subsys/bluetooth/controller/libsubsys__bluetooth__controller.a(ull_tx_queue.c.obj)
                0x000000000000fdb0                ull_tx_q_enqueue_ctrl
 .text.ull_tx_q_peek
                0x000000000000fdc4        0x4 zephyr/subsys/bluetooth/controller/libsubsys__bluetooth__controller.a(ull_tx_queue.c.obj)
                0x000000000000fdc4                ull_tx_q_peek
 .text.ull_tx_q_dequeue
                0x000000000000fdc8       0x14 zephyr/subsys/bluetooth/controller/libsubsys__bluetooth__controller.a(ull_tx_queue.c.obj)
                0x000000000000fdc8                ull_tx_q_dequeue
 .text.pdu_validate_conn_update_ind
                0x000000000000fddc       0x10 zephyr/subsys/bluetooth/controller/libsubsys__bluetooth__controller.a(ull_llcp.c.obj)
 .text.pdu_validate_chan_map_ind
                0x000000000000fdec       0x10 zephyr/subsys/bluetooth/controller/libsubsys__bluetooth__controller.a(ull_llcp.c.obj)
 .text.pdu_validate_terminate_ind
                0x000000000000fdfc       0x10 zephyr/subsys/bluetooth/controller/libsubsys__bluetooth__controller.a(ull_llcp.c.obj)
 .text.pdu_validate_enc_req
                0x000000000000fe0c       0x10 zephyr/subsys/bluetooth/controller/libsubsys__bluetooth__controller.a(ull_llcp.c.obj)
 .text.pdu_validate_start_enc_rsp
                0x000000000000fe1c       0x10 zephyr/subsys/bluetooth/controller/libsubsys__bluetooth__controller.a(ull_llcp.c.obj)
 .text.pdu_validate_feature_req
                0x000000000000fe2c       0x10 zephyr/subsys/bluetooth/controller/libsubsys__bluetooth__controller.a(ull_llcp.c.obj)
 .text.pdu_validate_version_ind
                0x000000000000fe3c       0x10 zephyr/subsys/bluetooth/controller/libsubsys__bluetooth__controller.a(ull_llcp.c.obj)
 .text.pdu_validate_conn_param_req
                0x000000000000fe4c       0x10 zephyr/subsys/bluetooth/controller/libsubsys__bluetooth__controller.a(ull_llcp.c.obj)
 .text.pdu_validate_reject_ext_ind
                0x000000000000fe5c       0x10 zephyr/subsys/bluetooth/controller/libsubsys__bluetooth__controller.a(ull_llcp.c.obj)
 .text.pdu_validate_phy_upd_ind
                0x000000000000fe6c       0x10 zephyr/subsys/bluetooth/controller/libsubsys__bluetooth__controller.a(ull_llcp.c.obj)
 .text.create_procedure
                0x000000000000fe7c       0x38 zephyr/subsys/bluetooth/controller/libsubsys__bluetooth__controller.a(ull_llcp.c.obj)
 .text.pdu_validate_clock_accuracy_rsp
                0x000000000000feb4       0x10 zephyr/subsys/bluetooth/controller/libsubsys__bluetooth__controller.a(ull_llcp.c.obj)
 .text.pdu_validate_unknown_rsp
                0x000000000000fec4       0x10 zephyr/subsys/bluetooth/controller/libsubsys__bluetooth__controller.a(ull_llcp.c.obj)