Archive member included to satisfy reference by file (symbol)

app/libapp.a(main.c.obj)      (--whole-archive)
zephyr/libzephyr.a(heap.c.obj)
                              (--whole-archive)
zephyr/libzephyr.a(cbprintf_packaged.c.obj)
                              (--whole-archive)
zephyr/libzephyr.a(printk.c.obj)
                              (--whole-archive)
zephyr/libzephyr.a(sem.c.obj)
                              (--whole-archive)
zephyr/libzephyr.a(thread_entry.c.obj)
                              (--whole-archive)
zephyr/libzephyr.a(cbprintf_complete.c.obj)
                              (--whole-archive)
zephyr/libzephyr.a(assert.c.obj)
                              (--whole-archive)
zephyr/libzephyr.a(dec.c.obj)
                              (--whole-archive)
zephyr/libzephyr.a(hex.c.obj)
                              (--whole-archive)
zephyr/libzephyr.a(rb.c.obj)  (--whole-archive)
zephyr/libzephyr.a(timeutil.c.obj)
                              (--whole-archive)
zephyr/libzephyr.a(bitarray.c.obj)
                              (--whole-archive)
zephyr/libzephyr.a(onoff.c.obj)
                              (--whole-archive)
zephyr/libzephyr.a(notify.c.obj)
                              (--whole-archive)
zephyr/libzephyr.a(ring_buffer.c.obj)
                              (--whole-archive)
zephyr/libzephyr.a(configs.c.obj)
                              (--whole-archive)
zephyr/libzephyr.a(mem_attr.c.obj)
                              (--whole-archive)
zephyr/libzephyr.a(tracing_none.c.obj)
                              (--whole-archive)
zephyr/libzephyr.a(usb_device.c.obj)
                              (--whole-archive)
zephyr/libzephyr.a(usb_descriptor.c.obj)
                              (--whole-archive)
zephyr/libzephyr.a(usb_transfer.c.obj)
                              (--whole-archive)
zephyr/libzephyr.a(cdc_acm.c.obj)
                              (--whole-archive)
zephyr/libzephyr.a(usb_work_q.c.obj)
                              (--whole-archive)
zephyr/arch/common/libarch__common.a(sw_isr_common.c.obj)
                              (--whole-archive)
zephyr/arch/arch/arm/core/libarch__arm__core.a(fatal.c.obj)
                              (--whole-archive)
zephyr/arch/arch/arm/core/libarch__arm__core.a(nmi.c.obj)
                              (--whole-archive)
zephyr/arch/arch/arm/core/libarch__arm__core.a(nmi_on_reset.S.obj)
                              (--whole-archive)
zephyr/arch/arch/arm/core/libarch__arm__core.a(tls.c.obj)
                              (--whole-archive)
zephyr/arch/arch/arm/core/cortex_m/libarch__arm__core__cortex_m.a(exc_exit.c.obj)
                              (--whole-archive)
zephyr/arch/arch/arm/core/cortex_m/libarch__arm__core__cortex_m.a(fault.c.obj)
                              (--whole-archive)
zephyr/arch/arch/arm/core/cortex_m/libarch__arm__core__cortex_m.a(fault_s.S.obj)
                              (--whole-archive)
zephyr/arch/arch/arm/core/cortex_m/libarch__arm__core__cortex_m.a(fpu.c.obj)
                              (--whole-archive)
zephyr/arch/arch/arm/core/cortex_m/libarch__arm__core__cortex_m.a(reset.S.obj)
                              (--whole-archive)
zephyr/arch/arch/arm/core/cortex_m/libarch__arm__core__cortex_m.a(scb.c.obj)
                              (--whole-archive)
zephyr/arch/arch/arm/core/cortex_m/libarch__arm__core__cortex_m.a(thread_abort.c.obj)
                              (--whole-archive)
zephyr/arch/arch/arm/core/cortex_m/libarch__arm__core__cortex_m.a(vector_table.S.obj)
                              (--whole-archive)
zephyr/arch/arch/arm/core/cortex_m/libarch__arm__core__cortex_m.a(swap_helper.S.obj)
                              (--whole-archive)
zephyr/arch/arch/arm/core/cortex_m/libarch__arm__core__cortex_m.a(irq_manage.c.obj)
                              (--whole-archive)
zephyr/arch/arch/arm/core/cortex_m/libarch__arm__core__cortex_m.a(prep_c.c.obj)
                              (--whole-archive)
zephyr/arch/arch/arm/core/cortex_m/libarch__arm__core__cortex_m.a(thread.c.obj)
                              (--whole-archive)
zephyr/arch/arch/arm/core/cortex_m/libarch__arm__core__cortex_m.a(cpu_idle.c.obj)
                              (--whole-archive)
zephyr/arch/arch/arm/core/cortex_m/libarch__arm__core__cortex_m.a(irq_init.c.obj)
                              (--whole-archive)
zephyr/arch/arch/arm/core/cortex_m/libarch__arm__core__cortex_m.a(isr_wrapper.c.obj)
                              (--whole-archive)
zephyr/arch/arch/arm/core/cortex_m/libarch__arm__core__cortex_m.a(__aeabi_read_tp.S.obj)
                              (--whole-archive)
zephyr/arch/arch/arm/core/mpu/libarch__arm__core__mpu.a(arm_core_mpu.c.obj)
                              (--whole-archive)
zephyr/arch/arch/arm/core/mpu/libarch__arm__core__mpu.a(arm_mpu.c.obj)
                              (--whole-archive)
zephyr/arch/arch/arm/core/mpu/libarch__arm__core__mpu.a(arm_mpu_regions.c.obj)
                              (--whole-archive)
[...]
Memory Configuration

Name             Origin             Length             Attributes
FLASH            0x0000000000000000 0x0000000000080000 xr
RAM              0x0000000020000000 0x0000000000020000 xw
IDT_LIST         0x00000000ffff7fff 0x0000000000008000 xw
*default*        0x0000000000000000 0xffffffffffffffff

Linker script and memory map

                0x0000000000007164                vfprintf = __l_vfprintf
                0x0000000000000000                vfscanf = __l_vfscanf
LOAD zephyr/CMakeFiles/zephyr_final.dir/misc/empty_file.c.obj
LOAD zephyr/CMakeFiles/zephyr_final.dir/isr_tables.c.obj
LOAD zephyr/CMakeFiles/offsets.dir/./arch/arm/core/offsets/offsets.c.obj
LOAD app/libapp.a
LOAD zephyr/libzephyr.a
LOAD zephyr/arch/common/libarch__common.a
LOAD zephyr/arch/arch/arm/core/libarch__arm__core.a
LOAD zephyr/arch/arch/arm/core/cortex_m/libarch__arm__core__cortex_m.a
LOAD zephyr/arch/arch/arm/core/mpu/libarch__arm__core__mpu.a
LOAD zephyr/lib/libc/picolibc/liblib__libc__picolibc.a
LOAD zephyr/lib/libc/common/liblib__libc__common.a
LOAD zephyr/soc/soc/nrf52833/libsoc__nordic.a
LOAD zephyr/drivers/usb/device/libdrivers__usb__device.a
LOAD zephyr/drivers/usb/common/nrf_usbd_common/libdrivers__usb__common__nrf_usbd_common.a
LOAD zephyr/drivers/clock_control/libdrivers__clock_control.a
LOAD zephyr/drivers/console/libdrivers__console.a
LOAD zephyr/drivers/gpio/libdrivers__gpio.a
LOAD zephyr/drivers/hwinfo/libdrivers__hwinfo.a
LOAD zephyr/drivers/pinctrl/libdrivers__pinctrl.a
LOAD zephyr/drivers/serial/libdrivers__serial.a
LOAD zephyr/drivers/spi/libdrivers__spi.a
LOAD zephyr/drivers/timer/libdrivers__timer.a
LOAD modules/hal_nordic/nrfx/libmodules__hal_nordic__nrfx.a
LOAD zephyr/kernel/libkernel.a
LOAD zephyr/arch/common/libisr_tables.a
LOAD /home/sinis/zephyr-sdk-0.17.0/arm-zephyr-eabi/bin/../lib/gcc/../../picolibc/arm-zephyr-eabi/lib/thumb/v7e-m/nofp/libc.a
LOAD /home/sinis/zephyr-sdk-0.17.0/arm-zephyr-eabi/bin/../lib/gcc/arm-zephyr-eabi/12.2.0/thumb/v7e-m/nofp/libgcc.a
                0x0000000000000020                _region_min_align = 0x20

.rel.plt        0x0000000000000000        0x0
 *(SORT_BY_ALIGNMENT(.rel.plt))
                [!provide]                        PROVIDE (__rel_iplt_start = .)
 *(SORT_BY_ALIGNMENT(.rel.iplt))
 .rel.iplt      0x0000000000000000        0x0 zephyr/CMakeFiles/zephyr_final.dir/isr_tables.c.obj
                [!provide]                        PROVIDE (__rel_iplt_end = .)

.rela.plt       0x0000000000000000        0x0
 *(SORT_BY_ALIGNMENT(.rela.plt))
                [!provide]                        PROVIDE (__rela_iplt_start = .)
 *(SORT_BY_ALIGNMENT(.rela.iplt))
                [!provide]                        PROVIDE (__rela_iplt_end = .)

.rel.dyn
 *(SORT_BY_ALIGNMENT(.rel.*))

.rela.dyn
 *(SORT_BY_ALIGNMENT(.rela.*))

/DISCARD/
 *(SORT_BY_ALIGNMENT(.plt))

/DISCARD/
 *(SORT_BY_ALIGNMENT(.iplt))
                0x0000000000000000                __rom_region_start = 0x0

rom_start       0x0000000000000000      0x100
                0x0000000000000000                __rom_start_address = .
 FILL mask 0x00
                0x0000000000000000                . = (. + (0x0 - (. - __rom_start_address)))
                0x0000000000000000                . = ALIGN (0x4)
                0x0000000000000000                . = ALIGN (0x80)
                0x0000000000000000                . = ALIGN (0x100)
                0x0000000000000000                _vector_start = .
 *(SORT_BY_ALIGNMENT(.exc_vector_table))
 *(SORT_BY_ALIGNMENT(.exc_vector_table.*))
 .exc_vector_table._vector_table_section
                0x0000000000000000       0x40 zephyr/arch/arch/arm/core/cortex_m/libarch__arm__core__cortex_m.a(vector_table.S.obj)
                0x0000000000000000                _vector_table
 *(SORT_BY_ALIGNMENT(.vectors))
                0x0000000000000100                _vector_end = .
                0x0000000000000040                . = ALIGN (0x4)
 *(SORT_BY_ALIGNMENT(.gnu.linkonce.irq_vector_table*))
 .gnu.linkonce.irq_vector_table
                0x0000000000000040       0xc0 zephyr/CMakeFiles/zephyr_final.dir/isr_tables.c.obj
                0x0000000000000040                _irq_vector_table
                0x0000000000000100                _vector_end = .

text            0x0000000000000100     0x90a4
                0x0000000000000100                __text_region_start = .
 *(SORT_BY_ALIGNMENT(.text))
 .text          0x0000000000000100       0x30 /home/sinis/zephyr-sdk-0.17.0/arm-zephyr-eabi/bin/../lib/gcc/arm-zephyr-eabi/12.2.0/thumb/v7e-m/nofp/libgcc.a(_aeabi_uldivmod.o)
                0x0000000000000100                __aeabi_uldivmod
 .text          0x0000000000000130        0x4 /home/sinis/zephyr-sdk-0.17.0/arm-zephyr-eabi/bin/../lib/gcc/arm-zephyr-eabi/12.2.0/thumb/v7e-m/nofp/libgcc.a(_dvmd_tls.o)
                0x0000000000000130                __aeabi_ldiv0
                0x0000000000000130                __aeabi_idiv0
 .text          0x0000000000000134       0x14 /home/sinis/zephyr-sdk-0.17.0/arm-zephyr-eabi/bin/../lib/gcc/../../picolibc/arm-zephyr-eabi/lib/thumb/v7e-m/nofp/libc.a(strcmp.S.o)
                0x0000000000000134                strcmp
 .text          0x0000000000000148       0x10 /home/sinis/zephyr-sdk-0.17.0/arm-zephyr-eabi/bin/../lib/gcc/../../picolibc/arm-zephyr-eabi/lib/thumb/v7e-m/nofp/libc.a(strlen.S.o)
                0x0000000000000148                strlen
 .text          0x0000000000000158      0x2a0 /home/sinis/zephyr-sdk-0.17.0/arm-zephyr-eabi/bin/../lib/gcc/arm-zephyr-eabi/12.2.0/thumb/v7e-m/nofp/libgcc.a(_udivmoddi4.o)
                0x0000000000000158                __udivmoddi4
 *(SORT_BY_ALIGNMENT(.text.*))
 .text.main     0x00000000000003f8      0x108 app/libapp.a(main.c.obj)
                0x00000000000003f8                main
 .text.char_out
                0x0000000000000500        0xc zephyr/libzephyr.a(printk.c.obj)
 .text.__printk_hook_install
                0x000000000000050c        0xc zephyr/libzephyr.a(printk.c.obj)
                0x000000000000050c                __printk_hook_install
 .text.vprintk  0x0000000000000518       0x30 zephyr/libzephyr.a(printk.c.obj)
                0x0000000000000518                vprintk
 .text.z_thread_entry
                0x0000000000000548       0x34 zephyr/libzephyr.a(thread_entry.c.obj)
                0x0000000000000548                z_thread_entry
 .text.process_event
                0x000000000000057c      0x21c zephyr/libzephyr.a(onoff.c.obj)
 .text.mem_attr_get_regions
                0x0000000000000798        0xc zephyr/libzephyr.a(mem_attr.c.obj)
                0x0000000000000798                mem_attr_get_regions
 .text.class_handler
                0x00000000000007a4       0x40 zephyr/libzephyr.a(usb_device.c.obj)
 .text.custom_handler
                0x00000000000007e4       0x60 zephyr/libzephyr.a(usb_device.c.obj)
 .text.vendor_handler
                0x0000000000000844       0x3c zephyr/libzephyr.a(usb_device.c.obj)
 .text.disable_endpoint
                0x0000000000000880       0x2c zephyr/libzephyr.a(usb_device.c.obj)
 .text.usb_reset_alt_setting
                0x00000000000008ac       0x10 zephyr/libzephyr.a(usb_device.c.obj)
 .text.is_ep_valid.part.0
                0x00000000000008bc       0x38 zephyr/libzephyr.a(usb_device.c.obj)
 .text.usb_handle_request.constprop.0
                0x00000000000008f4       0x2c zephyr/libzephyr.a(usb_device.c.obj)
 .text.forward_status_cb
                0x0000000000000920       0xac zephyr/libzephyr.a(usb_device.c.obj)
 .text.usb_halt_endpoint_req.isra.0
                0x00000000000009cc       0x50 zephyr/libzephyr.a(usb_device.c.obj)
 .text.set_endpoint
                0x0000000000000a1c       0x84 zephyr/libzephyr.a(usb_device.c.obj)
 .text.usb_handle_standard_request
                0x0000000000000aa0      0x2ec zephyr/libzephyr.a(usb_device.c.obj)
 .text.usb_data_to_host
                0x0000000000000d8c       0x60 zephyr/libzephyr.a(usb_device.c.obj)
 .text.usb_handle_control_transfer
                0x0000000000000dec       0xdc zephyr/libzephyr.a(usb_device.c.obj)
 .text.usb_set_config
                0x0000000000000ec8       0x2c zephyr/libzephyr.a(usb_device.c.obj)
                0x0000000000000ec8                usb_set_config
 .text.usb_enable
                0x0000000000000ef4      0x13c zephyr/libzephyr.a(usb_device.c.obj)
                0x0000000000000ef4                usb_enable
 .text.usb_update_sn_string_descriptor
                0x0000000000001030       0x88 zephyr/libzephyr.a(usb_descriptor.c.obj)
                0x0000000000001030                usb_update_sn_string_descriptor
 .text.usb_get_device_descriptor
                0x00000000000010b8      0x1e4 zephyr/libzephyr.a(usb_descriptor.c.obj)
                0x00000000000010b8                usb_get_device_descriptor
 .text.usb_ep_get_transfer
                0x000000000000129c       0x2c zephyr/libzephyr.a(usb_transfer.c.obj)
 .text.usb_transfer_work
                0x00000000000012c8      0x100 zephyr/libzephyr.a(usb_transfer.c.obj)
 .text.usb_transfer_ep_callback
                0x00000000000013c8       0x5c zephyr/libzephyr.a(usb_transfer.c.obj)
                0x00000000000013c8                usb_transfer_ep_callback
 .text.usb_transfer
                0x0000000000001424       0xe0 zephyr/libzephyr.a(usb_transfer.c.obj)
                0x0000000000001424                usb_transfer
 .text.usb_cancel_transfer
                0x0000000000001504       0x3c zephyr/libzephyr.a(usb_transfer.c.obj)
                0x0000000000001504                usb_cancel_transfer
 .text.usb_cancel_transfers
                0x0000000000001540       0x44 zephyr/libzephyr.a(usb_transfer.c.obj)
                0x0000000000001540                usb_cancel_transfers
 .text.usb_transfer_init
                0x0000000000001584       0x34 zephyr/libzephyr.a(usb_transfer.c.obj)
                0x0000000000001584                usb_transfer_init
 .text.cdc_acm_irq_rx_enable
                0x00000000000015b8       0x20 zephyr/libzephyr.a(cdc_acm.c.obj)
 .text.cdc_acm_irq_tx_enable
                0x00000000000015d8       0x20 zephyr/libzephyr.a(cdc_acm.c.obj)
 .text.cdc_acm_fifo_fill
                0x00000000000015f8       0x3c zephyr/libzephyr.a(cdc_acm.c.obj)
 .text.cdc_acm_write_cb
                0x0000000000001634       0x54 zephyr/libzephyr.a(cdc_acm.c.obj)
 .text.cdc_acm_class_handle_req
                0x0000000000001688       0x64 zephyr/libzephyr.a(cdc_acm.c.obj)
                0x0000000000001688                cdc_acm_class_handle_req
 .text.cdc_acm_int_in
                0x00000000000016ec       0x18 zephyr/libzephyr.a(cdc_acm.c.obj)
 .text.cdc_acm_reset_port
                0x0000000000001704       0x3c zephyr/libzephyr.a(cdc_acm.c.obj)
 .text.cdc_acm_init
                0x0000000000001740       0x48 zephyr/libzephyr.a(cdc_acm.c.obj)
 .text.cdc_acm_send_notification.isra.0
                0x0000000000001788       0x44 zephyr/libzephyr.a(cdc_acm.c.obj)
 .text.cdc_acm_poll_out
                0x00000000000017cc       0x70 zephyr/libzephyr.a(cdc_acm.c.obj)
 .text.tx_work_handler
                0x000000000000183c       0x78 zephyr/libzephyr.a(cdc_acm.c.obj)
 .text.cdc_acm_read_cb
                0x00000000000018b4       0x74 zephyr/libzephyr.a(cdc_acm.c.obj)
 .text.cdc_acm_dev_status_cb
                0x0000000000001928       0x84 zephyr/libzephyr.a(cdc_acm.c.obj)
 .text.z_usb_work_q_init
                0x00000000000019ac       0x34 zephyr/libzephyr.a(usb_work_q.c.obj)
 .text.z_SysNmiOnReset
                0x00000000000019e0        0x8 zephyr/arch/arch/arm/core/libarch__arm__core.a(nmi_on_reset.S.obj)
                0x00000000000019e0                z_SysNmiOnReset
 .text.arch_tls_stack_setup
                0x00000000000019e8       0x40 zephyr/arch/arch/arm/core/libarch__arm__core.a(tls.c.obj)
                0x00000000000019e8                arch_tls_stack_setup
 .text._HandlerModeExit
                0x0000000000001a28       0x20 zephyr/arch/arch/arm/core/cortex_m/libarch__arm__core__cortex_m.a(exc_exit.c.obj)
                0x0000000000001a28                z_arm_exc_exit
                0x0000000000001a28                z_arm_int_exit
 .text.mem_manage_fault
                0x0000000000001a48       0xa0 zephyr/arch/arch/arm/core/cortex_m/libarch__arm__core__cortex_m.a(fault.c.obj)
 .text.usage_fault.constprop.0
                0x0000000000001ae8       0x54 zephyr/arch/arch/arm/core/cortex_m/libarch__arm__core__cortex_m.a(fault.c.obj)
 .text.bus_fault.constprop.0
                0x0000000000001b3c       0x6c zephyr/arch/arch/arm/core/cortex_m/libarch__arm__core__cortex_m.a(fault.c.obj)
 .text.z_arm_fault
                0x0000000000001ba8      0x128 zephyr/arch/arch/arm/core/cortex_m/libarch__arm__core__cortex_m.a(fault.c.obj)
                0x0000000000001ba8                z_arm_fault
 .text.z_arm_fault_init
                0x0000000000001cd0       0x18 zephyr/arch/arch/arm/core/cortex_m/libarch__arm__core__cortex_m.a(fault.c.obj)
                0x0000000000001cd0                z_arm_fault_init
 .text.__fault  0x0000000000001ce8       0x14 zephyr/arch/arch/arm/core/cortex_m/libarch__arm__core__cortex_m.a(fault_s.S.obj)
                0x0000000000001ce8                z_arm_bus_fault
                0x0000000000001ce8                z_arm_usage_fault
                0x0000000000001ce8                z_arm_mpu_fault
                0x0000000000001ce8                z_arm_exc_spurious
                0x0000000000001ce8                z_arm_debug_monitor
                0x0000000000001ce8                z_arm_hard_fault
 .text._reset_section
                0x0000000000001cfc       0x38 zephyr/arch/arch/arm/core/cortex_m/libarch__arm__core__cortex_m.a(reset.S.obj)
                0x0000000000001cfc                z_arm_reset
                0x0000000000001cfc                __start
 .text.z_impl_k_thread_abort
                0x0000000000001d34       0x2c zephyr/arch/arch/arm/core/cortex_m/libarch__arm__core__cortex_m.a(thread_abort.c.obj)
                0x0000000000001d34                z_impl_k_thread_abort
 .text.z_arm_pendsv
                0x0000000000001d60       0x60 zephyr/arch/arch/arm/core/cortex_m/libarch__arm__core__cortex_m.a(swap_helper.S.obj)
                0x0000000000001d60                z_arm_pendsv
 .text.z_arm_svc
                0x0000000000001dc0       0x24 zephyr/arch/arch/arm/core/cortex_m/libarch__arm__core__cortex_m.a(swap_helper.S.obj)
                0x0000000000001dc0                z_arm_svc
 .text.arm_irq_enable
                0x0000000000001de4       0x1c zephyr/arch/arch/arm/core/cortex_m/libarch__arm__core__cortex_m.a(irq_manage.c.obj)
                0x0000000000001de4                arm_irq_enable
 .text.arm_irq_disable
                0x0000000000001e00       0x28 zephyr/arch/arch/arm/core/cortex_m/libarch__arm__core__cortex_m.a(irq_manage.c.obj)
                0x0000000000001e00                arm_irq_disable
 .text.arm_irq_is_enabled
                0x0000000000001e28       0x1c zephyr/arch/arch/arm/core/cortex_m/libarch__arm__core__cortex_m.a(irq_manage.c.obj)
                0x0000000000001e28                arm_irq_is_enabled
 .text.arm_irq_priority_set
                0x0000000000001e44       0x30 zephyr/arch/arch/arm/core/cortex_m/libarch__arm__core__cortex_m.a(irq_manage.c.obj)
                0x0000000000001e44                arm_irq_priority_set
 .text.z_prep_c
                0x0000000000001e74       0x48 zephyr/arch/arch/arm/core/cortex_m/libarch__arm__core__cortex_m.a(prep_c.c.obj)
                0x0000000000001e74                z_prep_c
 .text.arch_new_thread
                0x0000000000001ebc       0x38 zephyr/arch/arch/arm/core/cortex_m/libarch__arm__core__cortex_m.a(thread.c.obj)
                0x0000000000001ebc                arch_new_thread
 .text.z_check_thread_stack_fail
                0x0000000000001ef4       0x2c zephyr/arch/arch/arm/core/cortex_m/libarch__arm__core__cortex_m.a(thread.c.obj)
                0x0000000000001ef4                z_check_thread_stack_fail
 .text.arch_switch_to_main_thread
                0x0000000000001f20       0x3c zephyr/arch/arch/arm/core/cortex_m/libarch__arm__core__cortex_m.a(thread.c.obj)
                0x0000000000001f20                arch_switch_to_main_thread
 .text.z_arm_cpu_idle_init
                0x0000000000001f5c        0xc zephyr/arch/arch/arm/core/cortex_m/libarch__arm__core__cortex_m.a(cpu_idle.c.obj)
                0x0000000000001f5c                z_arm_cpu_idle_init
 .text.z_arm_interrupt_init
                0x0000000000001f68       0x18 zephyr/arch/arch/arm/core/cortex_m/libarch__arm__core__cortex_m.a(irq_init.c.obj)
                0x0000000000001f68                z_arm_interrupt_init
 .text._isr_wrapper
                0x0000000000001f80       0x24 zephyr/arch/arch/arm/core/cortex_m/libarch__arm__core__cortex_m.a(isr_wrapper.c.obj)
                0x0000000000001f80                _isr_wrapper
 .text.z_arm_configure_static_mpu_regions
                0x0000000000001fa4       0x18 zephyr/arch/arch/arm/core/mpu/libarch__arm__core__mpu.a(arm_core_mpu.c.obj)
                0x0000000000001fa4                z_arm_configure_static_mpu_regions
 .text.z_arm_configure_dynamic_mpu_regions
                0x0000000000001fbc       0x20 zephyr/arch/arch/arm/core/mpu/libarch__arm__core__mpu.a(arm_core_mpu.c.obj)
                0x0000000000001fbc                z_arm_configure_dynamic_mpu_regions
 .text.region_init
                0x0000000000001fdc       0x28 zephyr/arch/arch/arm/core/mpu/libarch__arm__core__mpu.a(arm_mpu.c.obj)
 .text.mpu_configure_regions
                0x0000000000002004       0x6c zephyr/arch/arch/arm/core/mpu/libarch__arm__core__mpu.a(arm_mpu.c.obj)
 .text.arm_core_mpu_enable
                0x0000000000002070       0x18 zephyr/arch/arch/arm/core/mpu/libarch__arm__core__mpu.a(arm_mpu.c.obj)
                0x0000000000002070                arm_core_mpu_enable
 .text.arm_core_mpu_disable
                0x0000000000002088       0x14 zephyr/arch/arch/arm/core/mpu/libarch__arm__core__mpu.a(arm_mpu.c.obj)
                0x0000000000002088                arm_core_mpu_disable
 .text.arm_core_mpu_configure_static_mpu_regions
                0x000000000000209c       0x14 zephyr/arch/arch/arm/core/mpu/libarch__arm__core__mpu.a(arm_mpu.c.obj)
                0x000000000000209c                arm_core_mpu_configure_static_mpu_regions
 .text.arm_core_mpu_configure_dynamic_mpu_regions
                0x00000000000020b0       0x38 zephyr/arch/arch/arm/core/mpu/libarch__arm__core__mpu.a(arm_mpu.c.obj)
                0x00000000000020b0                arm_core_mpu_configure_dynamic_mpu_regions
 .text.z_arm_mpu_init
                0x00000000000020e8      0x168 zephyr/arch/arch/arm/core/mpu/libarch__arm__core__mpu.a(arm_mpu.c.obj)
                0x00000000000020e8                z_arm_mpu_init
 .text.z_impl_zephyr_fputc
                0x0000000000002250       0x10 zephyr/lib/libc/picolibc/liblib__libc__picolibc.a(stdio.c.obj)
                0x0000000000002250                z_impl_zephyr_fputc
 .text.__stdout_hook_install
                0x0000000000002260       0x18 zephyr/lib/libc/picolibc/liblib__libc__picolibc.a(stdio.c.obj)
                0x0000000000002260                __stdout_hook_install
 .text.malloc_prepare
                0x0000000000002278       0x24 zephyr/lib/libc/common/liblib__libc__common.a(malloc.c.obj)
 .text.nordicsemi_nrf52_init
                0x000000000000229c       0x10 zephyr/soc/soc/nrf52833/libsoc__nordic.a(soc.c.obj)
 .text.arch_busy_wait
                0x00000000000022ac       0x14 zephyr/soc/soc/nrf52833/libsoc__nordic.a(soc.c.obj)
                0x00000000000022ac                arch_busy_wait
 .text.endpoint_ctx
                0x00000000000022c0       0x60 zephyr/drivers/usb/device/libdrivers__usb__device.a(usb_dc_nrfx.c.obj)
 .text.usbd_work_schedule
                0x0000000000002320       0x10 zephyr/drivers/usb/device/libdrivers__usb__device.a(usb_dc_nrfx.c.obj)
 .text.usbd_evt_put
                0x0000000000002330        0xc zephyr/drivers/usb/device/libdrivers__usb__device.a(usb_dc_nrfx.c.obj)
 .text.usbd_evt_get
                0x000000000000233c       0x10 zephyr/drivers/usb/device/libdrivers__usb__device.a(usb_dc_nrfx.c.obj)
 .text.usb_init
                0x000000000000234c       0x70 zephyr/drivers/usb/device/libdrivers__usb__device.a(usb_dc_nrfx.c.obj)
 .text.hfxo_stop.constprop.0.isra.0
                0x00000000000023bc       0x40 zephyr/drivers/usb/device/libdrivers__usb__device.a(usb_dc_nrfx.c.obj)
 .text.eps_ctx_init
                0x00000000000023fc       0x68 zephyr/drivers/usb/device/libdrivers__usb__device.a(usb_dc_nrfx.c.obj)
 .text.usbd_evt_flush
                0x0000000000002464       0x1c zephyr/drivers/usb/device/libdrivers__usb__device.a(usb_dc_nrfx.c.obj)
 .text.usbd_evt_alloc
                0x0000000000002480       0x44 zephyr/drivers/usb/device/libdrivers__usb__device.a(usb_dc_nrfx.c.obj)
 .text.usb_dc_power_event_handler
                0x00000000000024c4       0x34 zephyr/drivers/usb/device/libdrivers__usb__device.a(usb_dc_nrfx.c.obj)
 .text.usbd_event_transfer_data
                0x00000000000024f8       0xa8 zephyr/drivers/usb/device/libdrivers__usb__device.a(usb_dc_nrfx.c.obj)
 .text.usbd_event_handler
                0x00000000000025a0      0x11c zephyr/drivers/usb/device/libdrivers__usb__device.a(usb_dc_nrfx.c.obj)
 .text.usbd_work_handler
                0x00000000000026bc      0x2e0 zephyr/drivers/usb/device/libdrivers__usb__device.a(usb_dc_nrfx.c.obj)
 .text.usb_dc_attach
                0x000000000000299c       0x64 zephyr/drivers/usb/device/libdrivers__usb__device.a(usb_dc_nrfx.c.obj)
                0x000000000000299c                usb_dc_attach
 .text.usb_dc_set_address
                0x0000000000002a00       0x24 zephyr/drivers/usb/device/libdrivers__usb__device.a(usb_dc_nrfx.c.obj)
                0x0000000000002a00                usb_dc_set_address
 .text.usb_dc_ep_configure
                0x0000000000002a24       0x48 zephyr/drivers/usb/device/libdrivers__usb__device.a(usb_dc_nrfx.c.obj)
                0x0000000000002a24                usb_dc_ep_configure
 .text.usb_dc_ep_set_stall
                0x0000000000002a6c       0x50 zephyr/drivers/usb/device/libdrivers__usb__device.a(usb_dc_nrfx.c.obj)
                0x0000000000002a6c                usb_dc_ep_set_stall
 .text.usb_dc_ep_clear_stall
                0x0000000000002abc       0x40 zephyr/drivers/usb/device/libdrivers__usb__device.a(usb_dc_nrfx.c.obj)
                0x0000000000002abc                usb_dc_ep_clear_stall
 .text.usb_dc_ep_is_stalled
                0x0000000000002afc       0x38 zephyr/drivers/usb/device/libdrivers__usb__device.a(usb_dc_nrfx.c.obj)
                0x0000000000002afc                usb_dc_ep_is_stalled
 .text.usb_dc_ep_enable
                0x0000000000002b34       0x54 zephyr/drivers/usb/device/libdrivers__usb__device.a(usb_dc_nrfx.c.obj)
                0x0000000000002b34                usb_dc_ep_enable
 .text.usb_dc_ep_write
                0x0000000000002b88       0xf8 zephyr/drivers/usb/device/libdrivers__usb__device.a(usb_dc_nrfx.c.obj)
                0x0000000000002b88                usb_dc_ep_write
 .text.usb_dc_ep_read_wait
                0x0000000000002c80       0x90 zephyr/drivers/usb/device/libdrivers__usb__device.a(usb_dc_nrfx.c.obj)
                0x0000000000002c80                usb_dc_ep_read_wait
 .text.usb_dc_ep_read_continue
                0x0000000000002d10       0x84 zephyr/drivers/usb/device/libdrivers__usb__device.a(usb_dc_nrfx.c.obj)
                0x0000000000002d10                usb_dc_ep_read_continue
 .text.usb_dc_ep_set_callback
                0x0000000000002d94       0x28 zephyr/drivers/usb/device/libdrivers__usb__device.a(usb_dc_nrfx.c.obj)
                0x0000000000002d94                usb_dc_ep_set_callback
 .text.usb_dc_set_status_callback
                0x0000000000002dbc        0xc zephyr/drivers/usb/device/libdrivers__usb__device.a(usb_dc_nrfx.c.obj)
                0x0000000000002dbc                usb_dc_set_status_callback
 .text.usb_dc_ep_mps
                0x0000000000002dc8       0x24 zephyr/drivers/usb/device/libdrivers__usb__device.a(usb_dc_nrfx.c.obj)
                0x0000000000002dc8                usb_dc_ep_mps
 .text.ep_state_access
                0x0000000000002dec       0x20 zephyr/drivers/usb/common/nrf_usbd_common/libdrivers__usb__common__nrf_usbd_common.a(nrf_usbd_common.c.obj)
 .text.usbd_errata_187_211_begin
                0x0000000000002e0c       0x3c zephyr/drivers/usb/common/nrf_usbd_common/libdrivers__usb__common__nrf_usbd_common.a(nrf_usbd_common.c.obj)
 .text.usbd_errata_187_211_end
                0x0000000000002e48       0x3c zephyr/drivers/usb/common/nrf_usbd_common/libdrivers__usb__common__nrf_usbd_common.a(nrf_usbd_common.c.obj)
 .text.usbd_enable
                0x0000000000002e84       0x44 zephyr/drivers/usb/common/nrf_usbd_common/libdrivers__usb__common__nrf_usbd_common.a(nrf_usbd_common.c.obj)
 .text.nrf_usbd_common_uninit
                0x0000000000002ec8       0x14 zephyr/drivers/usb/common/nrf_usbd_common/libdrivers__usb__common__nrf_usbd_common.a(nrf_usbd_common.c.obj)
                0x0000000000002ec8                nrf_usbd_common_uninit
 .text.nrf_usbd_common_enable
                0x0000000000002edc       0x98 zephyr/drivers/usb/common/nrf_usbd_common/libdrivers__usb__common__nrf_usbd_common.a(nrf_usbd_common.c.obj)
                0x0000000000002edc                nrf_usbd_common_enable
 .text.nrf_usbd_common_start
                0x0000000000002f74       0x38 zephyr/drivers/usb/common/nrf_usbd_common/libdrivers__usb__common__nrf_usbd_common.a(nrf_usbd_common.c.obj)
                0x0000000000002f74                nrf_usbd_common_start
 .text.nrf_usbd_common_is_enabled
                0x0000000000002fac       0x14 zephyr/drivers/usb/common/nrf_usbd_common/libdrivers__usb__common__nrf_usbd_common.a(nrf_usbd_common.c.obj)
                0x0000000000002fac                nrf_usbd_common_is_enabled
 .text.nrf_usbd_common_suspend
                0x0000000000002fc0       0x6c zephyr/drivers/usb/common/nrf_usbd_common/libdrivers__usb__common__nrf_usbd_common.a(nrf_usbd_common.c.obj)
                0x0000000000002fc0                nrf_usbd_common_suspend
 .text.nrf_usbd_common_init
                0x000000000000302c       0x84 zephyr/drivers/usb/common/nrf_usbd_common/libdrivers__usb__common__nrf_usbd_common.a(nrf_usbd_common.c.obj)
                0x000000000000302c                nrf_usbd_common_init
 .text.nrf_usbd_common_ep_enable_check
                0x00000000000030b0       0x28 zephyr/drivers/usb/common/nrf_usbd_common/libdrivers__usb__common__nrf_usbd_common.a(nrf_usbd_common.c.obj)
                0x00000000000030b0                nrf_usbd_common_ep_enable_check
 .text.nrf_usbd_common_ep_transfer
                0x00000000000030d8       0x98 zephyr/drivers/usb/common/nrf_usbd_common/libdrivers__usb__common__nrf_usbd_common.a(nrf_usbd_common.c.obj)
                0x00000000000030d8                nrf_usbd_common_ep_transfer
 .text.nrf_usbd_common_epout_size_get
                0x0000000000003170       0x28 zephyr/drivers/usb/common/nrf_usbd_common/libdrivers__usb__common__nrf_usbd_common.a(nrf_usbd_common.c.obj)
                0x0000000000003170                nrf_usbd_common_epout_size_get
 .text.nrf_usbd_common_irq_handler
                0x0000000000003198      0x48c zephyr/drivers/usb/common/nrf_usbd_common/libdrivers__usb__common__nrf_usbd_common.a(nrf_usbd_common.c.obj)
                0x0000000000003198                nrf_usbd_common_irq_handler
 .text.nrf_usbd_common_ep_stall
                0x0000000000003624       0x10 zephyr/drivers/usb/common/nrf_usbd_common/libdrivers__usb__common__nrf_usbd_common.a(nrf_usbd_common.c.obj)
                0x0000000000003624                nrf_usbd_common_ep_stall
 .text.nrf_usbd_common_ep_stall_check
                0x0000000000003634       0x34 zephyr/drivers/usb/common/nrf_usbd_common/libdrivers__usb__common__nrf_usbd_common.a(nrf_usbd_common.c.obj)
                0x0000000000003634                nrf_usbd_common_ep_stall_check
 .text.nrf_usbd_common_ep_dtoggle_clear
                0x0000000000003668       0x14 zephyr/drivers/usb/common/nrf_usbd_common/libdrivers__usb__common__nrf_usbd_common.a(nrf_usbd_common.c.obj)
                0x0000000000003668                nrf_usbd_common_ep_dtoggle_clear
 .text.nrf_usbd_common_setup_get
                0x000000000000367c       0x44 zephyr/drivers/usb/common/nrf_usbd_common/libdrivers__usb__common__nrf_usbd_common.a(nrf_usbd_common.c.obj)
                0x000000000000367c                nrf_usbd_common_setup_get
 .text.nrf_usbd_common_setup_data_clear
                0x00000000000036c0        0xc zephyr/drivers/usb/common/nrf_usbd_common/libdrivers__usb__common__nrf_usbd_common.a(nrf_usbd_common.c.obj)
                0x00000000000036c0                nrf_usbd_common_setup_data_clear
 .text.nrf_usbd_common_setup_clear
                0x00000000000036cc        0xc zephyr/drivers/usb/common/nrf_usbd_common/libdrivers__usb__common__nrf_usbd_common.a(nrf_usbd_common.c.obj)
                0x00000000000036cc                nrf_usbd_common_setup_clear
 .text.nrf_usbd_common_setup_stall
                0x00000000000036d8        0xc zephyr/drivers/usb/common/nrf_usbd_common/libdrivers__usb__common__nrf_usbd_common.a(nrf_usbd_common.c.obj)
                0x00000000000036d8                nrf_usbd_common_setup_stall
 .text.nrf_usbd_common_last_setup_dir_get
                0x00000000000036e4        0xc zephyr/drivers/usb/common/nrf_usbd_common/libdrivers__usb__common__nrf_usbd_common.a(nrf_usbd_common.c.obj)
                0x00000000000036e4                nrf_usbd_common_last_setup_dir_get
 .text.nrf_usbd_common_transfer_out_drop
                0x00000000000036f0       0x4c zephyr/drivers/usb/common/nrf_usbd_common/libdrivers__usb__common__nrf_usbd_common.a(nrf_usbd_common.c.obj)
                0x00000000000036f0                nrf_usbd_common_transfer_out_drop
 .text.usbd_ep_abort
                0x000000000000373c       0xf0 zephyr/drivers/usb/common/nrf_usbd_common/libdrivers__usb__common__nrf_usbd_common.a(nrf_usbd_common.c.obj)
 .text.nrf_usbd_common_ep_abort
                0x000000000000382c       0x34 zephyr/drivers/usb/common/nrf_usbd_common/libdrivers__usb__common__nrf_usbd_common.a(nrf_usbd_common.c.obj)
                0x000000000000382c                nrf_usbd_common_ep_abort
 .text.nrf_usbd_common_disable
                0x0000000000003860       0xd0 zephyr/drivers/usb/common/nrf_usbd_common/libdrivers__usb__common__nrf_usbd_common.a(nrf_usbd_common.c.obj)
                0x0000000000003860                nrf_usbd_common_disable
 .text.nrf_usbd_common_ep_disable
                0x0000000000003930       0x60 zephyr/drivers/usb/common/nrf_usbd_common/libdrivers__usb__common__nrf_usbd_common.a(nrf_usbd_common.c.obj)
                0x0000000000003930                nrf_usbd_common_ep_disable
 .text.nrf_usbd_common_ep_enable
                0x0000000000003990       0x70 zephyr/drivers/usb/common/nrf_usbd_common/libdrivers__usb__common__nrf_usbd_common.a(nrf_usbd_common.c.obj)
                0x0000000000003990                nrf_usbd_common_ep_enable
 .text.nrf_usbd_common_ep_stall_clear
                0x0000000000003a00       0x20 zephyr/drivers/usb/common/nrf_usbd_common/libdrivers__usb__common__nrf_usbd_common.a(nrf_usbd_common.c.obj)
                0x0000000000003a00                nrf_usbd_common_ep_stall_clear
 .text.onoff_stop
                0x0000000000003a20       0x30 zephyr/drivers/clock_control/libdrivers__clock_control.a(clock_control_nrf.c.obj)
 .text.onoff_start
                0x0000000000003a50       0x44 zephyr/drivers/clock_control/libdrivers__clock_control.a(clock_control_nrf.c.obj)
 .text.generic_hfclk_stop
                0x0000000000003a94       0x34 zephyr/drivers/clock_control/libdrivers__clock_control.a(clock_control_nrf.c.obj)
 .text.clk_init
                0x0000000000003ac8       0x58 zephyr/drivers/clock_control/libdrivers__clock_control.a(clock_control_nrf.c.obj)
 .text.api_blocking_start
                0x0000000000003b20       0x34 zephyr/drivers/clock_control/libdrivers__clock_control.a(clock_control_nrf.c.obj)
 .text.clkstarted_handle.constprop.0
                0x0000000000003b54       0x4c zephyr/drivers/clock_control/libdrivers__clock_control.a(clock_control_nrf.c.obj)
 .text.generic_hfclk_start
                0x0000000000003ba0       0x78 zephyr/drivers/clock_control/libdrivers__clock_control.a(clock_control_nrf.c.obj)
 .text.clock_event_handler
                0x0000000000003c18       0x1c zephyr/drivers/clock_control/libdrivers__clock_control.a(clock_control_nrf.c.obj)
 .text.z_nrf_clock_control_get_onoff
                0x0000000000003c34       0x10 zephyr/drivers/clock_control/libdrivers__clock_control.a(clock_control_nrf.c.obj)
                0x0000000000003c34                z_nrf_clock_control_get_onoff
 .text.z_nrf_clock_control_lf_on
                0x0000000000003c44       0xfc zephyr/drivers/clock_control/libdrivers__clock_control.a(clock_control_nrf.c.obj)
                0x0000000000003c44                z_nrf_clock_control_lf_on
 .text.uart_console_init
                0x0000000000003d40       0x28 zephyr/drivers/console/libdrivers__console.a(uart_console.c.obj)
 .text.console_out
                0x0000000000003d68       0x28 zephyr/drivers/console/libdrivers__console.a(uart_console.c.obj)
 .text.gpio_nrfx_pin_interrupt_configure
                0x0000000000003d90      0x100 zephyr/drivers/gpio/libdrivers__gpio.a(gpio_nrfx.c.obj)
 .text.gpio_nrfx_init
                0x0000000000003e90       0x48 zephyr/drivers/gpio/libdrivers__gpio.a(gpio_nrfx.c.obj)
 .text.nrfx_gpio_handler
                0x0000000000003ed8       0x4c zephyr/drivers/gpio/libdrivers__gpio.a(gpio_nrfx.c.obj)
 .text.gpio_nrfx_pin_configure
                0x0000000000003f24      0x18c zephyr/drivers/gpio/libdrivers__gpio.a(gpio_nrfx.c.obj)
 .text.pinctrl_configure_pins
                0x00000000000040b0      0x12c zephyr/drivers/pinctrl/libdrivers__pinctrl.a(pinctrl_nrf.c.obj)
                0x00000000000040b0                pinctrl_configure_pins
 .text.transfer_next_chunk
                0x00000000000041dc       0xd0 zephyr/drivers/spi/libdrivers__spi.a(spi_nrfx_spim.c.obj)
 .text.spi_nrfx_transceive
                0x00000000000042ac      0x344 zephyr/drivers/spi/libdrivers__spi.a(spi_nrfx_spim.c.obj)
 .text.nrf_gpio_cfg_input
                0x00000000000045f0       0x40 zephyr/drivers/spi/libdrivers__spi.a(spi_nrfx_common.c.obj)
 .text.spi_nrfx_wake_init
                0x0000000000004630       0x60 zephyr/drivers/spi/libdrivers__spi.a(spi_nrfx_common.c.obj)
                0x0000000000004630                spi_nrfx_wake_init
 .text.compare_int_lock
                0x0000000000004690       0x48 zephyr/drivers/timer/libdrivers__timer.a(nrf_rtc_timer.c.obj)
 .text.sys_clock_timeout_handler
                0x00000000000046d8       0x48 zephyr/drivers/timer/libdrivers__timer.a(nrf_rtc_timer.c.obj)
 .text.compare_int_unlock
                0x0000000000004720       0x5c zephyr/drivers/timer/libdrivers__timer.a(nrf_rtc_timer.c.obj)
 .text.z_nrf_rtc_timer_read
                0x000000000000477c       0x44 zephyr/drivers/timer/libdrivers__timer.a(nrf_rtc_timer.c.obj)
                0x000000000000477c                z_nrf_rtc_timer_read
 .text.compare_set
                0x00000000000047c0      0x130 zephyr/drivers/timer/libdrivers__timer.a(nrf_rtc_timer.c.obj)
 .text.sys_clock_driver_init
                0x00000000000048f0       0x90 zephyr/drivers/timer/libdrivers__timer.a(nrf_rtc_timer.c.obj)
 .text.rtc_nrf_isr
                0x0000000000004980       0xd4 zephyr/drivers/timer/libdrivers__timer.a(nrf_rtc_timer.c.obj)
                0x0000000000004980                rtc_nrf_isr
 .text.sys_clock_set_timeout
                0x0000000000004a54       0x5c zephyr/drivers/timer/libdrivers__timer.a(nrf_rtc_timer.c.obj)
                0x0000000000004a54                sys_clock_set_timeout
 .text.sys_clock_elapsed
                0x0000000000004ab0       0x14 zephyr/drivers/timer/libdrivers__timer.a(nrf_rtc_timer.c.obj)
                0x0000000000004ab0                sys_clock_elapsed
 .text.nvmc_wait
                0x0000000000004ac4       0x10 modules/hal_nordic/nrfx/libmodules__hal_nordic__nrfx.a(system_nrf52833.c.obj)
                0x0000000000004ac4                nvmc_wait
 .text.SystemInit
                0x0000000000004ad4      0x14c modules/hal_nordic/nrfx/libmodules__hal_nordic__nrfx.a(system_nrf52833.c.obj)
                0x0000000000004ad4                SystemInit
 .text.nrfx_flag32_alloc
                0x0000000000004c20       0x48 modules/hal_nordic/nrfx/libmodules__hal_nordic__nrfx.a(nrfx_flag32_allocator.c.obj)
                0x0000000000004c20                nrfx_flag32_alloc
 .text.nrfx_flag32_free
                0x0000000000004c68       0x40 modules/hal_nordic/nrfx/libmodules__hal_nordic__nrfx.a(nrfx_flag32_allocator.c.obj)
                0x0000000000004c68                nrfx_flag32_free
 .text.nrfx_clock_init
                0x0000000000004ca8       0x20 modules/hal_nordic/nrfx/libmodules__hal_nordic__nrfx.a(nrfx_clock.c.obj)
                0x0000000000004ca8                nrfx_clock_init
 .text.nrfx_clock_enable
                0x0000000000004cc8       0x30 modules/hal_nordic/nrfx/libmodules__hal_nordic__nrfx.a(nrfx_clock.c.obj)
                0x0000000000004cc8                nrfx_clock_enable
 .text.nrfx_clock_start
                0x0000000000004cf8       0xa8 modules/hal_nordic/nrfx/libmodules__hal_nordic__nrfx.a(nrfx_clock.c.obj)
                0x0000000000004cf8                nrfx_clock_start
 .text.nrfx_clock_irq_handler
                0x0000000000004da0       0x6c modules/hal_nordic/nrfx/libmodules__hal_nordic__nrfx.a(nrfx_clock.c.obj)
                0x0000000000004da0                nrfx_clock_irq_handler
 .text.nrf_gpio_pin_port_decode
                0x0000000000004e0c       0x20 modules/hal_nordic/nrfx/libmodules__hal_nordic__nrfx.a(nrfx_gpiote.c.obj)
 .text.get_pin_idx
                0x0000000000004e2c       0x14 modules/hal_nordic/nrfx/libmodules__hal_nordic__nrfx.a(nrfx_gpiote.c.obj)
 .text.call_handler.constprop.0
                0x0000000000004e40       0x40 modules/hal_nordic/nrfx/libmodules__hal_nordic__nrfx.a(nrfx_gpiote.c.obj)
 .text.pin_te_get.constprop.0
                0x0000000000004e80       0x18 modules/hal_nordic/nrfx/libmodules__hal_nordic__nrfx.a(nrfx_gpiote.c.obj)
 .text.pin_is_output.constprop.0
                0x0000000000004e98       0x18 modules/hal_nordic/nrfx/libmodules__hal_nordic__nrfx.a(nrfx_gpiote.c.obj)
 .text.pin_in_use_by_te.constprop.0
                0x0000000000004eb0       0x18 modules/hal_nordic/nrfx/libmodules__hal_nordic__nrfx.a(nrfx_gpiote.c.obj)
 .text.latch_pending_read_and_check
                0x0000000000004ec8       0x40 modules/hal_nordic/nrfx/libmodules__hal_nordic__nrfx.a(nrfx_gpiote.c.obj)
 .text.release_handler.isra.0
                0x0000000000004f08       0x58 modules/hal_nordic/nrfx/libmodules__hal_nordic__nrfx.a(nrfx_gpiote.c.obj)
 .text.__nrfy_internal_gpiote_events_process.constprop.0
                0x0000000000004f60       0x5c modules/hal_nordic/nrfx/libmodules__hal_nordic__nrfx.a(nrfx_gpiote.c.obj)
 .text.pin_uninit
                0x0000000000004fbc       0x80 modules/hal_nordic/nrfx/libmodules__hal_nordic__nrfx.a(nrfx_gpiote.c.obj)
 .text.nrfx_gpiote_input_configure
                0x000000000000503c      0x174 modules/hal_nordic/nrfx/libmodules__hal_nordic__nrfx.a(nrfx_gpiote.c.obj)
                0x000000000000503c                nrfx_gpiote_input_configure
 .text.nrfx_gpiote_output_configure
                0x00000000000051b0       0xfc modules/hal_nordic/nrfx/libmodules__hal_nordic__nrfx.a(nrfx_gpiote.c.obj)
                0x00000000000051b0                nrfx_gpiote_output_configure
 .text.nrfx_gpiote_global_callback_set
                0x00000000000052ac        0xc modules/hal_nordic/nrfx/libmodules__hal_nordic__nrfx.a(nrfx_gpiote.c.obj)
                0x00000000000052ac                nrfx_gpiote_global_callback_set
 .text.nrfx_gpiote_channel_get
                0x00000000000052b8       0x34 modules/hal_nordic/nrfx/libmodules__hal_nordic__nrfx.a(nrfx_gpiote.c.obj)
                0x00000000000052b8                nrfx_gpiote_channel_get
 .text.nrfx_gpiote_init
                0x00000000000052ec       0x68 modules/hal_nordic/nrfx/libmodules__hal_nordic__nrfx.a(nrfx_gpiote.c.obj)
                0x00000000000052ec                nrfx_gpiote_init
 .text.nrfx_gpiote_init_check
                0x0000000000005354       0x14 modules/hal_nordic/nrfx/libmodules__hal_nordic__nrfx.a(nrfx_gpiote.c.obj)
                0x0000000000005354                nrfx_gpiote_init_check
 .text.nrfx_gpiote_channel_free
                0x0000000000005368        0xc modules/hal_nordic/nrfx/libmodules__hal_nordic__nrfx.a(nrfx_gpiote.c.obj)
                0x0000000000005368                nrfx_gpiote_channel_free
 .text.nrfx_gpiote_channel_alloc
                0x0000000000005374        0xc modules/hal_nordic/nrfx/libmodules__hal_nordic__nrfx.a(nrfx_gpiote.c.obj)
                0x0000000000005374                nrfx_gpiote_channel_alloc
 .text.nrfx_gpiote_trigger_enable
                0x0000000000005380       0xb0 modules/hal_nordic/nrfx/libmodules__hal_nordic__nrfx.a(nrfx_gpiote.c.obj)
                0x0000000000005380                nrfx_gpiote_trigger_enable
 .text.nrfx_gpiote_0_irq_handler
                0x0000000000005430      0x1bc modules/hal_nordic/nrfx/libmodules__hal_nordic__nrfx.a(nrfx_gpiote.c.obj)
                0x0000000000005430                nrfx_gpiote_0_irq_handler
 .text.nrfx_power_init
                0x00000000000055ec       0x3c modules/hal_nordic/nrfx/libmodules__hal_nordic__nrfx.a(nrfx_power.c.obj)
                0x00000000000055ec                nrfx_power_init
 .text.nrfx_power_usbevt_uninit
                0x0000000000005628       0x18 modules/hal_nordic/nrfx/libmodules__hal_nordic__nrfx.a(nrfx_power.c.obj)
                0x0000000000005628                nrfx_power_usbevt_uninit
 .text.nrfx_power_usbevt_init
                0x0000000000005640       0x14 modules/hal_nordic/nrfx/libmodules__hal_nordic__nrfx.a(nrfx_power.c.obj)
                0x0000000000005640                nrfx_power_usbevt_init
 .text.nrfx_power_irq_handler
                0x0000000000005654       0xa0 modules/hal_nordic/nrfx/libmodules__hal_nordic__nrfx.a(nrfx_power.c.obj)
                0x0000000000005654                nrfx_power_irq_handler
 .text.nrf_gpio_pin_port_decode
                0x00000000000056f4       0x20 modules/hal_nordic/nrfx/libmodules__hal_nordic__nrfx.a(nrfx_spim.c.obj)
 .text.spim_frequency_valid_check.constprop.0
                0x0000000000005714       0x64 modules/hal_nordic/nrfx/libmodules__hal_nordic__nrfx.a(nrfx_spim.c.obj)
 .text.pin_init
                0x0000000000005778       0x50 modules/hal_nordic/nrfx/libmodules__hal_nordic__nrfx.a(nrfx_spim.c.obj)
 .text.spim_configure
                0x00000000000057c8      0x1c8 modules/hal_nordic/nrfx/libmodules__hal_nordic__nrfx.a(nrfx_spim.c.obj)
 .text.spim_pin_uninit
                0x0000000000005990       0x30 modules/hal_nordic/nrfx/libmodules__hal_nordic__nrfx.a(nrfx_spim.c.obj)
 .text.nrfx_spim_init
                0x00000000000059c0       0x68 modules/hal_nordic/nrfx/libmodules__hal_nordic__nrfx.a(nrfx_spim.c.obj)
                0x00000000000059c0                nrfx_spim_init
 .text.nrfx_spim_uninit
                0x0000000000005a28       0x74 modules/hal_nordic/nrfx/libmodules__hal_nordic__nrfx.a(nrfx_spim.c.obj)
                0x0000000000005a28                nrfx_spim_uninit
 .text.nrfx_spim_xfer
                0x0000000000005a9c      0x16c modules/hal_nordic/nrfx/libmodules__hal_nordic__nrfx.a(nrfx_spim.c.obj)
                0x0000000000005a9c                nrfx_spim_xfer
 .text.nrfx_spim_0_irq_handler
                0x0000000000005c08       0x54 modules/hal_nordic/nrfx/libmodules__hal_nordic__nrfx.a(nrfx_spim.c.obj)
                0x0000000000005c08                nrfx_spim_0_irq_handler
 .text.z_impl_device_get_binding
                0x0000000000005c5c       0x48 zephyr/kernel/libkernel.a(device.c.obj)
                0x0000000000005c5c                z_impl_device_get_binding
 .text.z_fatal_error
                0x0000000000005ca4       0x30 zephyr/kernel/libkernel.a(fatal.c.obj)
                0x0000000000005ca4                z_fatal_error
 .text.z_sys_init_run_level
                0x0000000000005cd4       0x30 zephyr/kernel/libkernel.a(init.c.obj)
 .text.bg_thread_main
                0x0000000000005d04       0xc4 zephyr/kernel/libkernel.a(init.c.obj)
 .text.z_bss_zero
                0x0000000000005dc8       0x18 zephyr/kernel/libkernel.a(init.c.obj)
                0x0000000000005dc8                z_bss_zero
 .text.z_init_cpu
                0x0000000000005de0       0x70 zephyr/kernel/libkernel.a(init.c.obj)
                0x0000000000005de0                z_init_cpu
 .text.z_cstart
                0x0000000000005e50       0xd0 zephyr/kernel/libkernel.a(init.c.obj)
                0x0000000000005e50                z_cstart
 .text.init_mem_slab_obj_core_list
                0x0000000000005f20       0x24 zephyr/kernel/libkernel.a(mem_slab.c.obj)
 .text.k_mem_slab_alloc
                0x0000000000005f44       0x5c zephyr/kernel/libkernel.a(mem_slab.c.obj)
                0x0000000000005f44                k_mem_slab_alloc
 .text.z_impl_k_mutex_lock
                0x0000000000005fa0       0xf0 zephyr/kernel/libkernel.a(mutex.c.obj)
                0x0000000000005fa0                z_impl_k_mutex_lock
 .text.z_impl_k_mutex_unlock
                0x0000000000006090       0xa0 zephyr/kernel/libkernel.a(mutex.c.obj)
                0x0000000000006090                z_impl_k_mutex_unlock
 .text.z_impl_k_queue_get
                0x0000000000006130       0x64 zephyr/kernel/libkernel.a(queue.c.obj)
                0x0000000000006130                z_impl_k_queue_get
 .text.z_impl_k_sem_give
                0x0000000000006194       0x68 zephyr/kernel/libkernel.a(sem.c.obj)
                0x0000000000006194                z_impl_k_sem_give
 .text.z_impl_k_sem_take
                0x00000000000061fc       0x4c zephyr/kernel/libkernel.a(sem.c.obj)
                0x00000000000061fc                z_impl_k_sem_take
 .text.z_impl_k_sem_reset
                0x0000000000006248       0x74 zephyr/kernel/libkernel.a(sem.c.obj)
                0x0000000000006248                z_impl_k_sem_reset
 .text.work_queue_main
                0x00000000000062bc      0x14c zephyr/kernel/libkernel.a(work.c.obj)
 .text.submit_to_queue_locked
                0x0000000000006408       0xb4 zephyr/kernel/libkernel.a(work.c.obj)
 .text.k_work_queue_start
                0x00000000000064bc       0x7c zephyr/kernel/libkernel.a(work.c.obj)
                0x00000000000064bc                k_work_queue_start
 .text.k_work_schedule_for_queue
                0x0000000000006538       0x54 zephyr/kernel/libkernel.a(work.c.obj)
                0x0000000000006538                k_work_schedule_for_queue
 .text.z_setup_new_thread
                0x000000000000658c       0x98 zephyr/kernel/libkernel.a(thread.c.obj)
                0x000000000000658c                z_setup_new_thread
 .text.z_impl_k_thread_create
                0x0000000000006624       0x58 zephyr/kernel/libkernel.a(thread.c.obj)
                0x0000000000006624                z_impl_k_thread_create
 .text.z_dummy_thread_init
                0x000000000000667c       0x18 zephyr/kernel/libkernel.a(thread.c.obj)
                0x000000000000667c                z_dummy_thread_init
 .text.z_swap_irqlock
                0x0000000000006694       0x30 zephyr/kernel/libkernel.a(sched.c.obj)
 .text.ready_thread
                0x00000000000066c4       0x84 zephyr/kernel/libkernel.a(sched.c.obj)
 .text.unready_thread
                0x0000000000006748       0x54 zephyr/kernel/libkernel.a(sched.c.obj)
 .text.move_thread_to_end_of_prio_q
                0x000000000000679c       0x90 zephyr/kernel/libkernel.a(sched.c.obj)
                0x000000000000679c                move_thread_to_end_of_prio_q
 .text.z_pend_curr
                0x000000000000682c       0x58 zephyr/kernel/libkernel.a(sched.c.obj)
                0x000000000000682c                z_pend_curr
 .text.z_thread_prio_set
                0x0000000000006884       0xe4 zephyr/kernel/libkernel.a(sched.c.obj)
                0x0000000000006884                z_thread_prio_set
 .text.z_reschedule
                0x0000000000006968       0x24 zephyr/kernel/libkernel.a(sched.c.obj)
                0x0000000000006968                z_reschedule
 .text.z_reschedule_irqlock
                0x000000000000698c       0x28 zephyr/kernel/libkernel.a(sched.c.obj)
                0x000000000000698c                z_reschedule_irqlock
 .text.k_sched_lock
                0x00000000000069b4       0x28 zephyr/kernel/libkernel.a(sched.c.obj)
                0x00000000000069b4                k_sched_lock
 .text.k_sched_unlock
                0x00000000000069dc       0x68 zephyr/kernel/libkernel.a(sched.c.obj)
                0x00000000000069dc                k_sched_unlock
 .text.z_sched_init
                0x0000000000006a44       0x10 zephyr/kernel/libkernel.a(sched.c.obj)
                0x0000000000006a44                z_sched_init
 .text.z_impl_k_yield
                0x0000000000006a54       0x88 zephyr/kernel/libkernel.a(sched.c.obj)
                0x0000000000006a54                z_impl_k_yield
 .text.z_tick_sleep
                0x0000000000006adc       0x80 zephyr/kernel/libkernel.a(sched.c.obj)
 .text.z_impl_k_usleep
                0x0000000000006b5c       0x3c zephyr/kernel/libkernel.a(sched.c.obj)
                0x0000000000006b5c                z_impl_k_usleep
 .text.z_impl_k_wakeup
                0x0000000000006b98       0x48 zephyr/kernel/libkernel.a(sched.c.obj)
                0x0000000000006b98                z_impl_k_wakeup
 .text.z_impl_k_sched_current_thread_query
                0x0000000000006be0        0xc zephyr/kernel/libkernel.a(sched.c.obj)
                0x0000000000006be0                z_impl_k_sched_current_thread_query
 .text.z_thread_abort
                0x0000000000006bec      0x138 zephyr/kernel/libkernel.a(sched.c.obj)
                0x0000000000006bec                z_thread_abort
 .text.z_sched_wait
                0x0000000000006d24       0x24 zephyr/kernel/libkernel.a(sched.c.obj)
                0x0000000000006d24                z_sched_wait
 .text.slice_timeout
                0x0000000000006d48       0x20 zephyr/kernel/libkernel.a(timeslicing.c.obj)
 .text.thread_is_sliceable
                0x0000000000006d68       0x3c zephyr/kernel/libkernel.a(timeslicing.c.obj)
                0x0000000000006d68                thread_is_sliceable
 .text.z_reset_time_slice
                0x0000000000006da4       0x50 zephyr/kernel/libkernel.a(timeslicing.c.obj)
                0x0000000000006da4                z_reset_time_slice
 .text.z_time_slice
                0x0000000000006df4       0x60 zephyr/kernel/libkernel.a(timeslicing.c.obj)
                0x0000000000006df4                z_time_slice
 .text.z_data_copy
                0x0000000000006e54       0x38 zephyr/kernel/libkernel.a(xip.c.obj)
                0x0000000000006e54                z_data_copy
 .text.first    0x0000000000006e8c       0x10 zephyr/kernel/libkernel.a(timeout.c.obj)
 .text.elapsed  0x0000000000006e9c       0x14 zephyr/kernel/libkernel.a(timeout.c.obj)
 .text.remove_timeout
                0x0000000000006eb0       0x38 zephyr/kernel/libkernel.a(timeout.c.obj)
 .text.z_add_timeout
                0x0000000000006ee8       0xec zephyr/kernel/libkernel.a(timeout.c.obj)
                0x0000000000006ee8                z_add_timeout
 .text.sys_clock_announce
                0x0000000000006fd4       0xbc zephyr/kernel/libkernel.a(timeout.c.obj)
                0x0000000000006fd4                sys_clock_announce
 .text.sys_clock_tick_get
                0x0000000000007090       0x30 zephyr/kernel/libkernel.a(timeout.c.obj)
                0x0000000000007090                sys_clock_tick_get
 .text.z_thread_aligned_alloc
                0x00000000000070c0       0x40 zephyr/kernel/libkernel.a(mempool.c.obj)
                0x00000000000070c0                z_thread_aligned_alloc
 .text.boot_banner
                0x0000000000007100        0xc zephyr/kernel/libkernel.a(banner.c.obj)
                0x0000000000007100                boot_banner
 .text.statics_init
                0x000000000000710c       0x24 zephyr/kernel/libkernel.a(kheap.c.obj)
 .text.k_sys_work_q_init
                0x0000000000007130       0x34 zephyr/kernel/libkernel.a(system_work_q.c.obj)
 .text.__l_vfprintf
                0x0000000000007164      0x4b8 /home/sinis/zephyr-sdk-0.17.0/arm-zephyr-eabi/bin/../lib/gcc/../../picolibc/arm-zephyr-eabi/lib/thumb/v7e-m/nofp/libc.a(libc_tinystdio_vflprintf.c.o)
                0x0000000000007164                __l_vfprintf
 .text._OffsetAbsSyms
                0x000000000000761c        0x2 zephyr/CMakeFiles/offsets.dir/./arch/arm/core/offsets/offsets.c.obj
                0x000000000000761c                _OffsetAbsSyms
 .text.chunk_size
                0x000000000000761e        0xa zephyr/libzephyr.a(heap.c.obj)
 .text.free_list_add
                0x0000000000007628       0x4e zephyr/libzephyr.a(heap.c.obj)
 .text.free_list_remove_bidx
                0x0000000000007676       0x3a zephyr/libzephyr.a(heap.c.obj)
 .text.free_list_remove
                0x00000000000076b0       0x1a zephyr/libzephyr.a(heap.c.obj)
 .text.alloc_chunk
                0x00000000000076ca       0x6e zephyr/libzephyr.a(heap.c.obj)
 .text.merge_chunks
                0x0000000000007738       0x2c zephyr/libzephyr.a(heap.c.obj)
 .text.split_chunks
                0x0000000000007764       0x34 zephyr/libzephyr.a(heap.c.obj)
 .text.free_chunk
                0x0000000000007798       0x62 zephyr/libzephyr.a(heap.c.obj)
 .text.sys_heap_free
                0x00000000000077fa       0x1e zephyr/libzephyr.a(heap.c.obj)
                0x00000000000077fa                sys_heap_free
 .text.sys_heap_alloc
                0x0000000000007818       0x52 zephyr/libzephyr.a(heap.c.obj)
                0x0000000000007818                sys_heap_alloc
 .text.sys_heap_aligned_alloc
                0x000000000000786a       0xd0 zephyr/libzephyr.a(heap.c.obj)
                0x000000000000786a                sys_heap_aligned_alloc
 .text.sys_heap_init
                0x000000000000793a       0x7a zephyr/libzephyr.a(heap.c.obj)
                0x000000000000793a                sys_heap_init
 .text.arch_printk_char_out
                0x00000000000079b4        0x4 zephyr/libzephyr.a(printk.c.obj)
                0x00000000000079b4                arch_printk_char_out
 .text.printk   0x00000000000079b8       0x1a zephyr/libzephyr.a(printk.c.obj)
                0x00000000000079b8                printk
 .text.sys_slist_find_and_remove
                0x00000000000079d2       0x36 zephyr/libzephyr.a(onoff.c.obj)
 .text.process_recheck
                0x0000000000007a08       0x38 zephyr/libzephyr.a(onoff.c.obj)
 .text.validate_args
                0x0000000000007a40       0x20 zephyr/libzephyr.a(onoff.c.obj)
 .text.notify_one
                0x0000000000007a60       0x2c zephyr/libzephyr.a(onoff.c.obj)
 .text.transition_complete
                0x0000000000007a8c       0x1a zephyr/libzephyr.a(onoff.c.obj)
 .text.onoff_manager_init
                0x0000000000007aa6       0x26 zephyr/libzephyr.a(onoff.c.obj)
                0x0000000000007aa6                onoff_manager_init
 .text.onoff_request
                0x0000000000007acc       0xae zephyr/libzephyr.a(onoff.c.obj)
                0x0000000000007acc                onoff_request
 .text.onoff_release
                0x0000000000007b7a       0x48 zephyr/libzephyr.a(onoff.c.obj)
                0x0000000000007b7a                onoff_release
 .text.onoff_cancel
                0x0000000000007bc2       0x36 zephyr/libzephyr.a(onoff.c.obj)
                0x0000000000007bc2                onoff_cancel
 .text.sys_notify_validate
                0x0000000000007bf8       0x22 zephyr/libzephyr.a(notify.c.obj)
                0x0000000000007bf8                sys_notify_validate
 .text.sys_notify_finalize
                0x0000000000007c1a       0x1a zephyr/libzephyr.a(notify.c.obj)
                0x0000000000007c1a                sys_notify_finalize
 .text.ring_buf_area_claim
                0x0000000000007c34       0x30 zephyr/libzephyr.a(ring_buffer.c.obj)
                0x0000000000007c34                ring_buf_area_claim
 .text.ring_buf_put_claim
                0x0000000000007c64       0x1e zephyr/libzephyr.a(ring_buffer.c.obj)
 .text.ring_buf_get_claim
                0x0000000000007c82       0x1e zephyr/libzephyr.a(ring_buffer.c.obj)
 .text.ring_buf_area_finish
                0x0000000000007ca0       0x32 zephyr/libzephyr.a(ring_buffer.c.obj)
                0x0000000000007ca0                ring_buf_area_finish
 .text.ring_buf_put
                0x0000000000007cd2       0x40 zephyr/libzephyr.a(ring_buffer.c.obj)
                0x0000000000007cd2                ring_buf_put
 .text.ring_buf_get
                0x0000000000007d12       0x44 zephyr/libzephyr.a(ring_buffer.c.obj)
                0x0000000000007d12                ring_buf_get
 .text._ConfigAbsSyms
                0x0000000000007d56        0x2 zephyr/libzephyr.a(configs.c.obj)
                0x0000000000007d56                _ConfigAbsSyms
 .text.get_ep_bm_from_addr
                0x0000000000007d58       0x1c zephyr/libzephyr.a(usb_device.c.obj)
 .text.usb_write
                0x0000000000007d74       0x30 zephyr/libzephyr.a(usb_device.c.obj)
                0x0000000000007d74                usb_write
 .text.usb_get_dev_data_by_cfg
                0x0000000000007da4       0x18 zephyr/libzephyr.a(usb_descriptor.c.obj)
                0x0000000000007da4                usb_get_dev_data_by_cfg
 .text.usb_get_dev_data_by_iface
                0x0000000000007dbc       0x1c zephyr/libzephyr.a(usb_descriptor.c.obj)
                0x0000000000007dbc                usb_get_dev_data_by_iface
 .text.usb_get_dev_data_by_ep
                0x0000000000007dd8       0x2c zephyr/libzephyr.a(usb_descriptor.c.obj)
                0x0000000000007dd8                usb_get_dev_data_by_ep
 .text.usb_transfer_is_busy
                0x0000000000007e04       0x16 zephyr/libzephyr.a(usb_transfer.c.obj)
                0x0000000000007e04                usb_transfer_is_busy
 .text.cdc_interface_config
                0x0000000000007e1a       0x14 zephyr/libzephyr.a(cdc_acm.c.obj)
 .text.cdc_acm_irq_callback_work_handler
                0x0000000000007e2e        0xa zephyr/libzephyr.a(cdc_acm.c.obj)
 .text.cdc_acm_irq_tx_disable
                0x0000000000007e38        0xa zephyr/libzephyr.a(cdc_acm.c.obj)
 .text.cdc_acm_irq_tx_ready
                0x0000000000007e42       0x20 zephyr/libzephyr.a(cdc_acm.c.obj)
 .text.cdc_acm_irq_rx_disable
                0x0000000000007e62        0xa zephyr/libzephyr.a(cdc_acm.c.obj)
 .text.cdc_acm_irq_rx_ready
                0x0000000000007e6c        0xe zephyr/libzephyr.a(cdc_acm.c.obj)
 .text.cdc_acm_irq_is_pending
                0x0000000000007e7a       0x1c zephyr/libzephyr.a(cdc_acm.c.obj)
 .text.cdc_acm_irq_callback_set
                0x0000000000007e96        0x8 zephyr/libzephyr.a(cdc_acm.c.obj)
 .text.cdc_acm_line_ctrl_get
                0x0000000000007e9e       0x32 zephyr/libzephyr.a(cdc_acm.c.obj)
 .text.cdc_acm_line_ctrl_set
                0x0000000000007ed0       0xbe zephyr/libzephyr.a(cdc_acm.c.obj)
 .text.cdc_acm_fifo_read
                0x0000000000007f8e       0x48 zephyr/libzephyr.a(cdc_acm.c.obj)
 .text.cdc_acm_poll_in
                0x0000000000007fd6       0x12 zephyr/libzephyr.a(cdc_acm.c.obj)
 .text.cdc_acm_irq_update
                0x0000000000007fe8       0x30 zephyr/libzephyr.a(cdc_acm.c.obj)
 .text.z_arm_fatal_error
                0x0000000000008018        0xc zephyr/arch/arch/arm/core/libarch__arm__core.a(fatal.c.obj)
                0x0000000000008018                z_arm_fatal_error
 .text.z_do_kernel_oops
                0x0000000000008024        0x8 zephyr/arch/arch/arm/core/libarch__arm__core.a(fatal.c.obj)
                0x0000000000008024                z_do_kernel_oops
 .text.z_arm_nmi
                0x000000000000802c        0xe zephyr/arch/arch/arm/core/libarch__arm__core.a(nmi.c.obj)
                0x000000000000802c                z_arm_nmi
 .text.z_irq_spurious
                0x000000000000803a        0x8 zephyr/arch/arch/arm/core/cortex_m/libarch__arm__core__cortex_m.a(irq_manage.c.obj)
                0x000000000000803a                z_irq_spurious
 .text.arch_irq_unlock_outlined
                0x0000000000008042        0xe zephyr/arch/arch/arm/core/cortex_m/libarch__arm__core__cortex_m.a(thread.c.obj)
                0x0000000000008042                arch_irq_unlock_outlined
 .text.arch_cpu_idle
                0x0000000000008050       0x1a zephyr/arch/arch/arm/core/cortex_m/libarch__arm__core__cortex_m.a(cpu_idle.c.obj)
                0x0000000000008050                arch_cpu_idle
 .text.arch_cpu_atomic_idle
                0x000000000000806a       0x1e zephyr/arch/arch/arm/core/cortex_m/libarch__arm__core__cortex_m.a(cpu_idle.c.obj)
                0x000000000000806a                arch_cpu_atomic_idle
 .text.size_to_mpu_rasr_size
                0x0000000000008088       0x20 zephyr/arch/arch/arm/core/mpu/libarch__arm__core__mpu.a(arm_mpu.c.obj)
 .text.picolibc_put
                0x00000000000080a8        0xa zephyr/lib/libc/picolibc/liblib__libc__picolibc.a(stdio.c.obj)
 .text.ep_ctx_reset
                0x00000000000080b2       0x26 zephyr/drivers/usb/device/libdrivers__usb__device.a(usb_dc_nrfx.c.obj)
 .text.k_mutex_lock.constprop.0.isra.0
                0x00000000000080d8        0x4 zephyr/drivers/usb/device/libdrivers__usb__device.a(usb_dc_nrfx.c.obj)
 .text.k_mutex_unlock.isra.0
                0x00000000000080dc        0x4 zephyr/drivers/usb/device/libdrivers__usb__device.a(usb_dc_nrfx.c.obj)
 .text.usb_dc_ep_check_cap
                0x00000000000080e0       0x2a zephyr/drivers/usb/device/libdrivers__usb__device.a(usb_dc_nrfx.c.obj)
                0x00000000000080e0                usb_dc_ep_check_cap
 .text.usb_dc_ep_disable
                0x000000000000810a       0x32 zephyr/drivers/usb/device/libdrivers__usb__device.a(usb_dc_nrfx.c.obj)
                0x000000000000810a                usb_dc_ep_disable
 .text.usb_dc_ep_read
                0x000000000000813c       0x1e zephyr/drivers/usb/device/libdrivers__usb__device.a(usb_dc_nrfx.c.obj)
                0x000000000000813c                usb_dc_ep_read
 .text.ep2bit   0x000000000000815a       0x10 zephyr/drivers/usb/common/nrf_usbd_common/libdrivers__usb__common__nrf_usbd_common.a(nrf_usbd_common.c.obj)
 .text.nrf_usbd_common_ep_max_packet_size_set
                0x000000000000816a        0xa zephyr/drivers/usb/common/nrf_usbd_common/libdrivers__usb__common__nrf_usbd_common.a(nrf_usbd_common.c.obj)
                0x000000000000816a                nrf_usbd_common_ep_max_packet_size_set
 .text.nrf_usbd_common_ep_status_get
                0x0000000000008174       0x2c zephyr/drivers/usb/common/nrf_usbd_common/libdrivers__usb__common__nrf_usbd_common.a(nrf_usbd_common.c.obj)
                0x0000000000008174                nrf_usbd_common_ep_status_get
 .text.get_status
                0x00000000000081a0       0x12 zephyr/drivers/clock_control/libdrivers__clock_control.a(clock_control_nrf.c.obj)
 .text.stop     0x00000000000081b2       0x52 zephyr/drivers/clock_control/libdrivers__clock_control.a(clock_control_nrf.c.obj)
 .text.api_stop
                0x0000000000008204        0x6 zephyr/drivers/clock_control/libdrivers__clock_control.a(clock_control_nrf.c.obj)
 .text.async_start
                0x000000000000820a       0x5c zephyr/drivers/clock_control/libdrivers__clock_control.a(clock_control_nrf.c.obj)
 .text.api_start
                0x0000000000008266        0xe zephyr/drivers/clock_control/libdrivers__clock_control.a(clock_control_nrf.c.obj)
 .text.onoff_started_callback
                0x0000000000008274       0x12 zephyr/drivers/clock_control/libdrivers__clock_control.a(clock_control_nrf.c.obj)
 .text.lfclk_start
                0x0000000000008286        0x6 zephyr/drivers/clock_control/libdrivers__clock_control.a(clock_control_nrf.c.obj)
 .text.lfclk_stop
                0x000000000000828c        0x6 zephyr/drivers/clock_control/libdrivers__clock_control.a(clock_control_nrf.c.obj)
 .text.blocking_start_callback
                0x0000000000008292        0x6 zephyr/drivers/clock_control/libdrivers__clock_control.a(clock_control_nrf.c.obj)
 .text.gpio_nrfx_port_get_raw
                0x0000000000008298        0xe zephyr/drivers/gpio/libdrivers__gpio.a(gpio_nrfx.c.obj)
 .text.gpio_nrfx_port_set_masked_raw
                0x00000000000082a6       0x18 zephyr/drivers/gpio/libdrivers__gpio.a(gpio_nrfx.c.obj)
 .text.gpio_nrfx_port_set_bits_raw
                0x00000000000082be        0xc zephyr/drivers/gpio/libdrivers__gpio.a(gpio_nrfx.c.obj)
 .text.gpio_nrfx_port_clear_bits_raw
                0x00000000000082ca        0xc zephyr/drivers/gpio/libdrivers__gpio.a(gpio_nrfx.c.obj)
 .text.gpio_nrfx_port_toggle_bits
                0x00000000000082d6       0x1a zephyr/drivers/gpio/libdrivers__gpio.a(gpio_nrfx.c.obj)
 .text.gpio_nrfx_manage_callback
                0x00000000000082f0       0x52 zephyr/drivers/gpio/libdrivers__gpio.a(gpio_nrfx.c.obj)
 .text.z_impl_hwinfo_get_device_id
                0x0000000000008342       0x28 zephyr/drivers/hwinfo/libdrivers__hwinfo.a(hwinfo_nrf.c.obj)
                0x0000000000008342                z_impl_hwinfo_get_device_id
 .text.pinctrl_lookup_state
                0x000000000000836a       0x26 zephyr/drivers/pinctrl/libdrivers__pinctrl.a(common.c.obj)
                0x000000000000836a                pinctrl_lookup_state
 .text.irq_connect0
                0x0000000000008390        0xa zephyr/drivers/spi/libdrivers__spi.a(spi_nrfx_spim.c.obj)
 .text.spi_context_get_next_buf.constprop.0
                0x000000000000839a       0x26 zephyr/drivers/spi/libdrivers__spi.a(spi_nrfx_spim.c.obj)
 .text.pinctrl_apply_state.constprop.0
                0x00000000000083c0       0x20 zephyr/drivers/spi/libdrivers__spi.a(spi_nrfx_spim.c.obj)
 .text.gpio_pin_set_dt.isra.0
                0x00000000000083e0       0x28 zephyr/drivers/spi/libdrivers__spi.a(spi_nrfx_spim.c.obj)
 .text._spi_context_cs_control
                0x0000000000008408       0x40 zephyr/drivers/spi/libdrivers__spi.a(spi_nrfx_spim.c.obj)
 .text.spi_context_unlock_unconditionally
                0x0000000000008448       0x20 zephyr/drivers/spi/libdrivers__spi.a(spi_nrfx_spim.c.obj)
 .text.spi_nrfx_release
                0x0000000000008468       0x24 zephyr/drivers/spi/libdrivers__spi.a(spi_nrfx_spim.c.obj)
 .text.spi_nrfx_init
                0x000000000000848c       0xb8 zephyr/drivers/spi/libdrivers__spi.a(spi_nrfx_spim.c.obj)
 .text.finish_transaction
                0x0000000000008544       0x22 zephyr/drivers/spi/libdrivers__spi.a(spi_nrfx_spim.c.obj)
 .text.event_handler
                0x0000000000008566       0xb2 zephyr/drivers/spi/libdrivers__spi.a(spi_nrfx_spim.c.obj)
 .text.spi_nrfx_wake_request
                0x0000000000008618       0x50 zephyr/drivers/spi/libdrivers__spi.a(spi_nrfx_common.c.obj)
                0x0000000000008618                spi_nrfx_wake_request
 .text.event_clear
                0x0000000000008668       0x18 zephyr/drivers/timer/libdrivers__timer.a(nrf_rtc_timer.c.obj)
 .text.sys_clock_cycle_get_32
                0x0000000000008680        0x8 zephyr/drivers/timer/libdrivers__timer.a(nrf_rtc_timer.c.obj)
                0x0000000000008680                sys_clock_cycle_get_32
 .text.nrfx_isr
                0x0000000000008688        0x2 modules/hal_nordic/nrfx/libmodules__hal_nordic__nrfx.a(nrfx_glue.c.obj)
                0x0000000000008688                nrfx_isr
 .text.nrfx_busy_wait
                0x000000000000868a        0x4 modules/hal_nordic/nrfx/libmodules__hal_nordic__nrfx.a(nrfx_glue.c.obj)
                0x000000000000868a                nrfx_busy_wait
 .text.clock_stop
                0x000000000000868e       0xb0 modules/hal_nordic/nrfx/libmodules__hal_nordic__nrfx.a(nrfx_clock.c.obj)
 .text.nrfx_clock_stop
                0x000000000000873e        0x4 modules/hal_nordic/nrfx/libmodules__hal_nordic__nrfx.a(nrfx_clock.c.obj)
                0x000000000000873e                nrfx_clock_stop
 .text.nrf_gpio_reconfigure
                0x0000000000008742       0x92 modules/hal_nordic/nrfx/libmodules__hal_nordic__nrfx.a(nrfx_gpiote.c.obj)
 .text.nrf_gpio_cfg_sense_set
                0x00000000000087d4       0x1e modules/hal_nordic/nrfx/libmodules__hal_nordic__nrfx.a(nrfx_gpiote.c.obj)
 .text.pin_in_event_get.isra.0
                0x00000000000087f2       0x22 modules/hal_nordic/nrfx/libmodules__hal_nordic__nrfx.a(nrfx_gpiote.c.obj)
 .text.pin_trigger_disable
                0x0000000000008814       0x48 modules/hal_nordic/nrfx/libmodules__hal_nordic__nrfx.a(nrfx_gpiote.c.obj)
 .text.nrfx_gpiote_pin_uninit
                0x000000000000885c        0x4 modules/hal_nordic/nrfx/libmodules__hal_nordic__nrfx.a(nrfx_gpiote.c.obj)
                0x000000000000885c                nrfx_gpiote_pin_uninit
 .text.nrfx_gpiote_trigger_disable
                0x0000000000008860        0x4 modules/hal_nordic/nrfx/libmodules__hal_nordic__nrfx.a(nrfx_gpiote.c.obj)
                0x0000000000008860                nrfx_gpiote_trigger_disable
 .text.nrfx_gpiote_in_event_get
                0x0000000000008864        0x6 modules/hal_nordic/nrfx/libmodules__hal_nordic__nrfx.a(nrfx_gpiote.c.obj)
                0x0000000000008864                nrfx_gpiote_in_event_get
 .text.nrf_power_event_get_and_clear.constprop.0
                0x000000000000886a       0x18 modules/hal_nordic/nrfx/libmodules__hal_nordic__nrfx.a(nrfx_power.c.obj)
 .text.nrfx_power_usbevt_enable
                0x0000000000008882        0xe modules/hal_nordic/nrfx/libmodules__hal_nordic__nrfx.a(nrfx_power.c.obj)
                0x0000000000008882                nrfx_power_usbevt_enable
 .text.nrfx_power_usbevt_disable
                0x0000000000008890        0xe modules/hal_nordic/nrfx/libmodules__hal_nordic__nrfx.a(nrfx_power.c.obj)
                0x0000000000008890                nrfx_power_usbevt_disable
 .text.nrfx_power_clock_irq_handler
                0x000000000000889e        0xe modules/hal_nordic/nrfx/libmodules__hal_nordic__nrfx.a(nrfx_power.c.obj)
                0x000000000000889e                nrfx_power_clock_irq_handler
 .text.__nrfy_internal_spim_event_handle
                0x00000000000088ac       0x2a modules/hal_nordic/nrfx/libmodules__hal_nordic__nrfx.a(nrfx_spim.c.obj)
 .text.__nrfy_internal_spim_events_process
                0x00000000000088d6       0x7c modules/hal_nordic/nrfx/libmodules__hal_nordic__nrfx.a(nrfx_spim.c.obj)
 .text.nrf_gpio_pin_set
                0x0000000000008952       0x1a modules/hal_nordic/nrfx/libmodules__hal_nordic__nrfx.a(nrfx_spim.c.obj)
 .text.nrf_gpio_pin_clear
                0x000000000000896c       0x1a modules/hal_nordic/nrfx/libmodules__hal_nordic__nrfx.a(nrfx_spim.c.obj)
 .text.spim_abort
                0x0000000000008986       0x2c modules/hal_nordic/nrfx/libmodules__hal_nordic__nrfx.a(nrfx_spim.c.obj)
 .text.z_impl_k_busy_wait
                0x00000000000089b2        0x8 zephyr/kernel/libkernel.a(busy_wait.c.obj)
                0x00000000000089b2                z_impl_k_busy_wait
 .text.z_device_state_init
                0x00000000000089ba        0x2 zephyr/kernel/libkernel.a(device.c.obj)
                0x00000000000089ba                z_device_state_init
 .text.z_impl_device_is_ready
                0x00000000000089bc       0x16 zephyr/kernel/libkernel.a(device.c.obj)
                0x00000000000089bc                z_impl_device_is_ready
 .text.arch_system_halt
                0x00000000000089d2       0x10 zephyr/kernel/libkernel.a(fatal.c.obj)
                0x00000000000089d2                arch_system_halt
 .text.k_sys_fatal_error_handler
                0x00000000000089e2        0x6 zephyr/kernel/libkernel.a(fatal.c.obj)
                0x00000000000089e2                k_sys_fatal_error_handler
 .text.do_device_init
                0x00000000000089e8       0x2e zephyr/kernel/libkernel.a(init.c.obj)
 .text.z_early_memset
                0x0000000000008a16        0x4 zephyr/kernel/libkernel.a(init.c.obj)
                0x0000000000008a16                z_early_memset
 .text.z_early_memcpy
                0x0000000000008a1a        0x4 zephyr/kernel/libkernel.a(init.c.obj)
                0x0000000000008a1a                z_early_memcpy
 .text.z_init_static
                0x0000000000008a1e        0x2 zephyr/kernel/libkernel.a(init_static.c.obj)
                0x0000000000008a1e                z_init_static
 .text.create_free_list
                0x0000000000008a20       0x34 zephyr/kernel/libkernel.a(mem_slab.c.obj)
 .text.k_mem_slab_free
                0x0000000000008a54       0x6e zephyr/kernel/libkernel.a(mem_slab.c.obj)
                0x0000000000008a54                k_mem_slab_free
 .text.idle     0x0000000000008ac2       0x16 zephyr/kernel/libkernel.a(idle.c.obj)
                0x0000000000008ac2                idle
 .text.adjust_owner_prio.isra.0
                0x0000000000008ad8       0x10 zephyr/kernel/libkernel.a(mutex.c.obj)
 .text.z_impl_k_mutex_init
                0x0000000000008ae8        0xe zephyr/kernel/libkernel.a(mutex.c.obj)
                0x0000000000008ae8                z_impl_k_mutex_init
 .text.unpend_thread_no_timeout
                0x0000000000008af6       0x1a zephyr/kernel/libkernel.a(queue.c.obj)
 .text.queue_insert
                0x0000000000008b10       0xd0 zephyr/kernel/libkernel.a(queue.c.obj)
 .text.z_queue_node_peek
                0x0000000000008be0       0x18 zephyr/kernel/libkernel.a(queue.c.obj)
                0x0000000000008be0                z_queue_node_peek
 .text.k_queue_append
                0x0000000000008bf8       0x16 zephyr/kernel/libkernel.a(queue.c.obj)
                0x0000000000008bf8                k_queue_append
 .text.z_impl_k_sem_init
                0x0000000000008c0e       0x18 zephyr/kernel/libkernel.a(sem.c.obj)
                0x0000000000008c0e                z_impl_k_sem_init
 .text.flag_test_and_clear
                0x0000000000008c26       0x16 zephyr/kernel/libkernel.a(work.c.obj)
 .text.notify_queue_locked.isra.0
                0x0000000000008c3c        0xe zephyr/kernel/libkernel.a(work.c.obj)
 .text.work_timeout
                0x0000000000008c4a       0x3c zephyr/kernel/libkernel.a(work.c.obj)
 .text.k_work_init
                0x0000000000008c86       0x12 zephyr/kernel/libkernel.a(work.c.obj)
                0x0000000000008c86                k_work_init
 .text.z_work_submit_to_queue
                0x0000000000008c98       0x26 zephyr/kernel/libkernel.a(work.c.obj)
                0x0000000000008c98                z_work_submit_to_queue
 .text.k_work_submit_to_queue
                0x0000000000008cbe       0x20 zephyr/kernel/libkernel.a(work.c.obj)
                0x0000000000008cbe                k_work_submit_to_queue
 .text.k_work_init_delayable
                0x0000000000008cde       0x18 zephyr/kernel/libkernel.a(work.c.obj)
                0x0000000000008cde                k_work_init_delayable
 .text.k_is_in_isr
                0x0000000000008cf6        0xc zephyr/kernel/libkernel.a(thread.c.obj)
                0x0000000000008cf6                k_is_in_isr
 .text.z_impl_k_thread_name_set
                0x0000000000008d02        0x6 zephyr/kernel/libkernel.a(thread.c.obj)
                0x0000000000008d02                z_impl_k_thread_name_set
 .text.sys_dlist_remove
                0x0000000000008d08       0x10 zephyr/kernel/libkernel.a(sched.c.obj)
 .text.unpend_thread_no_timeout
                0x0000000000008d18       0x14 zephyr/kernel/libkernel.a(sched.c.obj)
 .text.add_to_waitq_locked
                0x0000000000008d2c       0x50 zephyr/kernel/libkernel.a(sched.c.obj)
 .text.z_ready_thread
                0x0000000000008d7c       0x1e zephyr/kernel/libkernel.a(sched.c.obj)
                0x0000000000008d7c                z_ready_thread
 .text.z_unpend_thread_no_timeout
                0x0000000000008d9a       0x22 zephyr/kernel/libkernel.a(sched.c.obj)
                0x0000000000008d9a                z_unpend_thread_no_timeout
 .text.z_sched_wake_thread
                0x0000000000008dbc       0x3a zephyr/kernel/libkernel.a(sched.c.obj)
                0x0000000000008dbc                z_sched_wake_thread
 .text.z_thread_timeout
                0x0000000000008df6        0x8 zephyr/kernel/libkernel.a(sched.c.obj)
                0x0000000000008df6                z_thread_timeout
 .text.z_unpend_thread
                0x0000000000008dfe       0x10 zephyr/kernel/libkernel.a(sched.c.obj)
                0x0000000000008dfe                z_unpend_thread
 .text.z_unpend_all
                0x0000000000008e0e       0x28 zephyr/kernel/libkernel.a(sched.c.obj)
                0x0000000000008e0e                z_unpend_all
 .text.z_impl_k_sleep
                0x0000000000008e36       0x4e zephyr/kernel/libkernel.a(sched.c.obj)
                0x0000000000008e36                z_impl_k_sleep
 .text.z_sched_wake
                0x0000000000008e84       0x44 zephyr/kernel/libkernel.a(sched.c.obj)
                0x0000000000008e84                z_sched_wake
 .text.next_timeout
                0x0000000000008ec8       0x32 zephyr/kernel/libkernel.a(timeout.c.obj)
 .text.z_abort_timeout
                0x0000000000008efa       0x42 zephyr/kernel/libkernel.a(timeout.c.obj)
                0x0000000000008efa                z_abort_timeout
 .text.sys_clock_tick_get_32
                0x0000000000008f3c        0x8 zephyr/kernel/libkernel.a(timeout.c.obj)
                0x0000000000008f3c                sys_clock_tick_get_32
 .text.sys_timepoint_calc
                0x0000000000008f44       0x48 zephyr/kernel/libkernel.a(timeout.c.obj)
                0x0000000000008f44                sys_timepoint_calc
 .text.sys_timepoint_timeout
                0x0000000000008f8c       0x42 zephyr/kernel/libkernel.a(timeout.c.obj)
                0x0000000000008f8c                sys_timepoint_timeout
 .text.k_free   0x0000000000008fce        0xe zephyr/kernel/libkernel.a(mempool.c.obj)
                0x0000000000008fce                k_free
 .text.k_heap_init
                0x0000000000008fdc       0x10 zephyr/kernel/libkernel.a(kheap.c.obj)
                0x0000000000008fdc                k_heap_init
 .text.k_heap_aligned_alloc
                0x0000000000008fec       0x82 zephyr/kernel/libkernel.a(kheap.c.obj)
                0x0000000000008fec                k_heap_aligned_alloc
 .text.k_heap_free
                0x000000000000906e       0x38 zephyr/kernel/libkernel.a(kheap.c.obj)
                0x000000000000906e                k_heap_free
 .text.memcpy   0x00000000000090a6       0x1c /home/sinis/zephyr-sdk-0.17.0/arm-zephyr-eabi/bin/../lib/gcc/../../picolibc/arm-zephyr-eabi/lib/thumb/v7e-m/nofp/libc.a(memcpy.c.o)
                0x00000000000090a6                memcpy
                0x00000000000090a6                __aeabi_memcpy
                0x00000000000090a6                __aeabi_memcpy4
                0x00000000000090a6                __aeabi_memcpy8
 .text.memset   0x00000000000090c2       0x10 /home/sinis/zephyr-sdk-0.17.0/arm-zephyr-eabi/bin/../lib/gcc/../../picolibc/arm-zephyr-eabi/lib/thumb/v7e-m/nofp/libc.a(memset.c.o)
                0x00000000000090c2                memset
 .text.strnlen  0x00000000000090d2       0x18 /home/sinis/zephyr-sdk-0.17.0/arm-zephyr-eabi/bin/../lib/gcc/../../picolibc/arm-zephyr-eabi/lib/thumb/v7e-m/nofp/libc.a(libc_string_strnlen.c.o)
                0x00000000000090d2                strnlen
 .text.__ultoa_invert
                0x00000000000090ea       0xae /home/sinis/zephyr-sdk-0.17.0/arm-zephyr-eabi/bin/../lib/gcc/../../picolibc/arm-zephyr-eabi/lib/thumb/v7e-m/nofp/libc.a(libc_tinystdio_vflprintf.c.o)
 *(SORT_BY_ALIGNMENT(.TEXT.*))
 .TEXT.__aeabi_read_tp
                0x0000000000009198        0xc zephyr/arch/arch/arm/core/cortex_m/libarch__arm__core__cortex_m.a(__aeabi_read_tp.S.obj)
                0x0000000000009198                __aeabi_read_tp
 *(SORT_BY_ALIGNMENT(.gnu.linkonce.t.*))
 *(SORT_BY_ALIGNMENT(.glue_7t))
 .glue_7t       0x00000000000091a4        0x0 linker stubs
 *(SORT_BY_ALIGNMENT(.glue_7))
 .glue_7        0x00000000000091a4        0x0 linker stubs
 *(SORT_BY_ALIGNMENT(.vfp11_veneer))
 .vfp11_veneer  0x00000000000091a4        0x0 linker stubs
 *(SORT_BY_ALIGNMENT(.v4_bx))
 .v4_bx         0x00000000000091a4        0x0 linker stubs
                0x00000000000091a4                . = ALIGN (0x4)
                0x00000000000091a4                __text_region_end = .

.ARM.exidx      0x00000000000091a4        0x8
                0x00000000000091a4                __exidx_start = .
 *(SORT_BY_ALIGNMENT(.ARM.exidx*) SORT_BY_ALIGNMENT(gnu.linkonce.armexidx.*))
 .ARM.exidx     0x00000000000091a4        0x8 /home/sinis/zephyr-sdk-0.17.0/arm-zephyr-eabi/bin/../lib/gcc/../../picolibc/arm-zephyr-eabi/lib/thumb/v7e-m/nofp/libc.a(strcmp.S.o)
 .ARM.exidx     0x00000000000091ac        0x0 /home/sinis/zephyr-sdk-0.17.0/arm-zephyr-eabi/bin/../lib/gcc/../../picolibc/arm-zephyr-eabi/lib/thumb/v7e-m/nofp/libc.a(strlen.S.o)
                                          0x8 (size before relaxing)
 .ARM.exidx     0x00000000000091ac        0x0 /home/sinis/zephyr-sdk-0.17.0/arm-zephyr-eabi/bin/../lib/gcc/arm-zephyr-eabi/12.2.0/thumb/v7e-m/nofp/libgcc.a(_udivmoddi4.o)
                                          0x8 (size before relaxing)
                0x00000000000091ac                __exidx_end = .
                0x00000000000091ac                __rodata_region_start = .

initlevel       0x00000000000091ac       0x70
                0x00000000000091ac                __init_start = .
                0x00000000000091ac                __init_EARLY_start = .
 *(SORT_BY_NAME(SORT_BY_ALIGNMENT(.z_init_EARLY_P_?_*)))
 *(SORT_BY_NAME(SORT_BY_ALIGNMENT(.z_init_EARLY_P_??_*)))
 *(SORT_BY_NAME(SORT_BY_ALIGNMENT(.z_init_EARLY_P_???_*)))
                0x00000000000091ac                __init_PRE_KERNEL_1_start = .
 *(SORT_BY_NAME(SORT_BY_ALIGNMENT(.z_init_PRE_KERNEL_1_P_?_*)))
 .z_init_PRE_KERNEL_1_P_0_SUB_0_
                0x00000000000091ac        0x8 zephyr/soc/soc/nrf52833/libsoc__nordic.a(soc.c.obj)
 *(SORT_BY_NAME(SORT_BY_ALIGNMENT(.z_init_PRE_KERNEL_1_P_??_*)))
 .z_init_PRE_KERNEL_1_P_30_SUB_00028_
                0x00000000000091b4        0x8 zephyr/drivers/clock_control/libdrivers__clock_control.a(clock_control_nrf.c.obj)
 .z_init_PRE_KERNEL_1_P_30_SUB_0_
                0x00000000000091bc        0x8 zephyr/kernel/libkernel.a(mem_slab.c.obj)
 .z_init_PRE_KERNEL_1_P_30_SUB_0_
                0x00000000000091c4        0x8 zephyr/kernel/libkernel.a(kheap.c.obj)
 .z_init_PRE_KERNEL_1_P_40_SUB_00013_
                0x00000000000091cc        0x8 zephyr/drivers/gpio/libdrivers__gpio.a(gpio_nrfx.c.obj)
 .z_init_PRE_KERNEL_1_P_40_SUB_00038_
                0x00000000000091d4        0x8 zephyr/drivers/gpio/libdrivers__gpio.a(gpio_nrfx.c.obj)
 .z_init_PRE_KERNEL_1_P_50_SUB_00087_
                0x00000000000091dc        0x8 zephyr/libzephyr.a(cdc_acm.c.obj)
 .z_init_PRE_KERNEL_1_P_60_SUB_0_
                0x00000000000091e4        0x8 zephyr/drivers/console/libdrivers__console.a(uart_console.c.obj)
 *(SORT_BY_NAME(SORT_BY_ALIGNMENT(.z_init_PRE_KERNEL_1_P_???_*)))
                0x00000000000091ec                __init_PRE_KERNEL_2_start = .
 *(SORT_BY_NAME(SORT_BY_ALIGNMENT(.z_init_PRE_KERNEL_2_P_?_*)))
 .z_init_PRE_KERNEL_2_P_0_SUB_0_
                0x00000000000091ec        0x8 zephyr/drivers/timer/libdrivers__timer.a(nrf_rtc_timer.c.obj)
 *(SORT_BY_NAME(SORT_BY_ALIGNMENT(.z_init_PRE_KERNEL_2_P_??_*)))
 *(SORT_BY_NAME(SORT_BY_ALIGNMENT(.z_init_PRE_KERNEL_2_P_???_*)))
                0x00000000000091f4                __init_POST_KERNEL_start = .
 *(SORT_BY_NAME(SORT_BY_ALIGNMENT(.z_init_POST_KERNEL_P_?_*)))
 *(SORT_BY_NAME(SORT_BY_ALIGNMENT(.z_init_POST_KERNEL_P_??_*)))
 .z_init_POST_KERNEL_P_35_SUB_0_
                0x00000000000091f4        0x8 zephyr/lib/libc/common/liblib__libc__common.a(malloc.c.obj)
 .z_init_POST_KERNEL_P_40_SUB_0_
                0x00000000000091fc        0x8 zephyr/libzephyr.a(usb_work_q.c.obj)
 .z_init_POST_KERNEL_P_40_SUB_0_
                0x0000000000009204        0x8 zephyr/kernel/libkernel.a(system_work_q.c.obj)
 .z_init_POST_KERNEL_P_50_SUB_00084_
                0x000000000000920c        0x8 zephyr/drivers/spi/libdrivers__spi.a(spi_nrfx_spim.c.obj)
 .z_init_POST_KERNEL_P_50_SUB_0_
                0x0000000000009214        0x8 zephyr/drivers/usb/device/libdrivers__usb__device.a(usb_dc_nrfx.c.obj)
 *(SORT_BY_NAME(SORT_BY_ALIGNMENT(.z_init_POST_KERNEL_P_???_*)))
                0x000000000000921c                __init_APPLICATION_start = .
 *(SORT_BY_NAME(SORT_BY_ALIGNMENT(.z_init_APPLICATION_P_?_*)))
 *(SORT_BY_NAME(SORT_BY_ALIGNMENT(.z_init_APPLICATION_P_??_*)))
 *(SORT_BY_NAME(SORT_BY_ALIGNMENT(.z_init_APPLICATION_P_???_*)))
                0x000000000000921c                __init_SMP_start = .
 *(SORT_BY_NAME(SORT_BY_ALIGNMENT(.z_init_SMP_P_?_*)))
 *(SORT_BY_NAME(SORT_BY_ALIGNMENT(.z_init_SMP_P_??_*)))
 *(SORT_BY_NAME(SORT_BY_ALIGNMENT(.z_init_SMP_P_???_*)))
                0x000000000000921c                __init_end = .

device_area     0x000000000000921c       0xa0
                0x000000000000921c                _device_list_start = .
 *(SORT_BY_NAME(SORT_BY_ALIGNMENT(._device.static.*_?_*)))
 *(SORT_BY_NAME(SORT_BY_ALIGNMENT(._device.static.*_??_*)))
 ._device.static.1_30_
                0x000000000000921c       0x20 zephyr/drivers/clock_control/libdrivers__clock_control.a(clock_control_nrf.c.obj)
                0x000000000000921c                __device_dts_ord_28
 ._device.static.1_40_
                0x000000000000923c       0x40 zephyr/drivers/gpio/libdrivers__gpio.a(gpio_nrfx.c.obj)
                0x000000000000923c                __device_dts_ord_38
                0x000000000000925c                __device_dts_ord_13
 ._device.static.1_50_
                0x000000000000927c       0x20 zephyr/libzephyr.a(cdc_acm.c.obj)
                0x000000000000927c                __device_dts_ord_87
 ._device.static.3_50_
                0x000000000000929c       0x20 zephyr/drivers/spi/libdrivers__spi.a(spi_nrfx_spim.c.obj)
                0x000000000000929c                __device_dts_ord_84
 *(SORT_BY_NAME(SORT_BY_ALIGNMENT(._device.static.*_???_*)))
 *(SORT_BY_NAME(SORT_BY_ALIGNMENT(._device.static.*_????_*)))
 *(SORT_BY_NAME(SORT_BY_ALIGNMENT(._device.static.*_?????_*)))
                0x00000000000092bc                _device_list_end = .

sw_isr_table    0x00000000000092bc      0x180
                0x00000000000092bc                . = ALIGN (0x4)
 *(SORT_BY_ALIGNMENT(.gnu.linkonce.sw_isr_table*))
 .gnu.linkonce.sw_isr_table
                0x00000000000092bc      0x180 zephyr/CMakeFiles/zephyr_final.dir/isr_tables.c.obj
                0x00000000000092bc                _sw_isr_table

initlevel_error
                0x00000000000091ac        0x0
 *(SORT_BY_NAME(SORT_BY_ALIGNMENT(.z_init_*)))
                0x0000000000000001                ASSERT ((SIZEOF (initlevel_error) == 0x0), Undefined initialization levels used.)

app_shmem_regions
                0x000000000000943c        0x0
                0x000000000000943c                __app_shmem_regions_start = .
 *(SORT_BY_NAME(SORT_BY_ALIGNMENT(.app_regions.*)))
                0x000000000000943c                __app_shmem_regions_end = .

k_p4wq_initparam_area
                0x000000000000943c        0x0
                0x000000000000943c                _k_p4wq_initparam_list_start = .
 *(SORT_BY_NAME(SORT_BY_ALIGNMENT(._k_p4wq_initparam.static.*)))
                0x000000000000943c                _k_p4wq_initparam_list_end = .

_static_thread_data_area
                0x000000000000943c        0x0
                0x000000000000943c                __static_thread_data_list_start = .
 *(SORT_BY_NAME(SORT_BY_ALIGNMENT(.__static_thread_data.static.*)))
                0x000000000000943c                __static_thread_data_list_end = .

device_deps     0x000000000000943c        0x0
                0x000000000000943c                __device_deps_start = .
 *(SORT_BY_NAME(SORT_BY_ALIGNMENT(.__device_deps_pass2*)))
                0x000000000000943c                __device_deps_end = .

gpio_driver_api_area
                0x000000000000943c       0x24
                0x000000000000943c                _gpio_driver_api_list_start = .
 *(SORT_BY_NAME(SORT_BY_ALIGNMENT(._gpio_driver_api.static.*)))
 ._gpio_driver_api.static.gpio_nrfx_drv_api_funcs_
                0x000000000000943c       0x24 zephyr/drivers/gpio/libdrivers__gpio.a(gpio_nrfx.c.obj)
                0x0000000000009460                _gpio_driver_api_list_end = .

spi_driver_api_area
                0x0000000000009460        0x8
                0x0000000000009460                _spi_driver_api_list_start = .
 *(SORT_BY_NAME(SORT_BY_ALIGNMENT(._spi_driver_api.static.*)))
 ._spi_driver_api.static.spi_nrfx_driver_api_
                0x0000000000009460        0x8 zephyr/drivers/spi/libdrivers__spi.a(spi_nrfx_spim.c.obj)
                0x0000000000009468                _spi_driver_api_list_end = .

shared_irq_driver_api_area
                0x0000000000009468        0x0
                0x0000000000009468                _shared_irq_driver_api_list_start = .
 *(SORT_BY_NAME(SORT_BY_ALIGNMENT(._shared_irq_driver_api.static.*)))
                0x0000000000009468                _shared_irq_driver_api_list_end = .

crypto_driver_api_area
                0x0000000000009468        0x0
                0x0000000000009468                _crypto_driver_api_list_start = .
 *(SORT_BY_NAME(SORT_BY_ALIGNMENT(._crypto_driver_api.static.*)))
                0x0000000000009468                _crypto_driver_api_list_end = .

adc_driver_api_area
                0x0000000000009468        0x0
                0x0000000000009468                _adc_driver_api_list_start = .
 *(SORT_BY_NAME(SORT_BY_ALIGNMENT(._adc_driver_api.static.*)))
                0x0000000000009468                _adc_driver_api_list_end = .

auxdisplay_driver_api_area
                0x0000000000009468        0x0
                0x0000000000009468                _auxdisplay_driver_api_list_start = .
 *(SORT_BY_NAME(SORT_BY_ALIGNMENT(._auxdisplay_driver_api.static.*)))
                0x0000000000009468                _auxdisplay_driver_api_list_end = .

bbram_driver_api_area
                0x0000000000009468        0x0
                0x0000000000009468                _bbram_driver_api_list_start = .
 *(SORT_BY_NAME(SORT_BY_ALIGNMENT(._bbram_driver_api.static.*)))
                0x0000000000009468                _bbram_driver_api_list_end = .

bt_hci_driver_api_area
                0x0000000000009468        0x0
                0x0000000000009468                _bt_hci_driver_api_list_start = .
 *(SORT_BY_NAME(SORT_BY_ALIGNMENT(._bt_hci_driver_api.static.*)))
                0x0000000000009468                _bt_hci_driver_api_list_end = .

can_driver_api_area
                0x0000000000009468        0x0
                0x0000000000009468                _can_driver_api_list_start = .
 *(SORT_BY_NAME(SORT_BY_ALIGNMENT(._can_driver_api.static.*)))
                0x0000000000009468                _can_driver_api_list_end = .

cellular_driver_api_area
                0x0000000000009468        0x0
                0x0000000000009468                _cellular_driver_api_list_start = .
 *(SORT_BY_NAME(SORT_BY_ALIGNMENT(._cellular_driver_api.static.*)))
                0x0000000000009468                _cellular_driver_api_list_end = .

charger_driver_api_area
                0x0000000000009468        0x0
                0x0000000000009468                _charger_driver_api_list_start = .
 *(SORT_BY_NAME(SORT_BY_ALIGNMENT(._charger_driver_api.static.*)))
                0x0000000000009468                _charger_driver_api_list_end = .

clock_control_driver_api_area
                0x0000000000009468       0x1c
                0x0000000000009468                _clock_control_driver_api_list_start = .
 *(SORT_BY_NAME(SORT_BY_ALIGNMENT(._clock_control_driver_api.static.*)))
 ._clock_control_driver_api.static.clock_control_api_
                0x0000000000009468       0x1c zephyr/drivers/clock_control/libdrivers__clock_control.a(clock_control_nrf.c.obj)
                0x0000000000009484                _clock_control_driver_api_list_end = .

comparator_driver_api_area
                0x0000000000009484        0x0
                0x0000000000009484                _comparator_driver_api_list_start = .
 *(SORT_BY_NAME(SORT_BY_ALIGNMENT(._comparator_driver_api.static.*)))
                0x0000000000009484                _comparator_driver_api_list_end = .

coredump_driver_api_area
                0x0000000000009484        0x0
                0x0000000000009484                _coredump_driver_api_list_start = .
 *(SORT_BY_NAME(SORT_BY_ALIGNMENT(._coredump_driver_api.static.*)))
                0x0000000000009484                _coredump_driver_api_list_end = .

counter_driver_api_area
                0x0000000000009484        0x0
                0x0000000000009484                _counter_driver_api_list_start = .
 *(SORT_BY_NAME(SORT_BY_ALIGNMENT(._counter_driver_api.static.*)))
                0x0000000000009484                _counter_driver_api_list_end = .

dac_driver_api_area
                0x0000000000009484        0x0
                0x0000000000009484                _dac_driver_api_list_start = .
 *(SORT_BY_NAME(SORT_BY_ALIGNMENT(._dac_driver_api.static.*)))
                0x0000000000009484                _dac_driver_api_list_end = .

dai_driver_api_area
                0x0000000000009484        0x0
                0x0000000000009484                _dai_driver_api_list_start = .
 *(SORT_BY_NAME(SORT_BY_ALIGNMENT(._dai_driver_api.static.*)))