Archive member included to satisfy reference by file (symbol)

app/libapp.a(main.c.obj)      (--whole-archive)
zephyr/libzephyr.a(heap.c.obj)
                              (--whole-archive)
zephyr/libzephyr.a(cbprintf_packaged.c.obj)
                              (--whole-archive)
zephyr/libzephyr.a(printk.c.obj)
                              (--whole-archive)
zephyr/libzephyr.a(sem.c.obj)
                              (--whole-archive)
zephyr/libzephyr.a(thread_entry.c.obj)
                              (--whole-archive)
zephyr/libzephyr.a(cbprintf_complete.c.obj)
                              (--whole-archive)
zephyr/libzephyr.a(assert.c.obj)
                              (--whole-archive)
zephyr/libzephyr.a(dec.c.obj)
                              (--whole-archive)
zephyr/libzephyr.a(hex.c.obj)
                              (--whole-archive)
zephyr/libzephyr.a(rb.c.obj)  (--whole-archive)
zephyr/libzephyr.a(timeutil.c.obj)
                              (--whole-archive)
zephyr/libzephyr.a(bitarray.c.obj)
                              (--whole-archive)
zephyr/libzephyr.a(onoff.c.obj)
                              (--whole-archive)
zephyr/libzephyr.a(notify.c.obj)
                              (--whole-archive)
zephyr/libzephyr.a(ring_buffer.c.obj)
                              (--whole-archive)
zephyr/libzephyr.a(configs.c.obj)
                              (--whole-archive)
zephyr/libzephyr.a(tracing_none.c.obj)
                              (--whole-archive)
zephyr/libzephyr.a(usb_device.c.obj)
                              (--whole-archive)
zephyr/libzephyr.a(usb_descriptor.c.obj)
                              (--whole-archive)
zephyr/libzephyr.a(usb_transfer.c.obj)
                              (--whole-archive)
zephyr/libzephyr.a(cdc_acm.c.obj)
                              (--whole-archive)
zephyr/libzephyr.a(usb_work_q.c.obj)
                              (--whole-archive)
zephyr/arch/common/libarch__common.a(sw_isr_common.c.obj)
                              (--whole-archive)
zephyr/arch/arch/arm/core/libarch__arm__core.a(fatal.c.obj)
                              (--whole-archive)
zephyr/arch/arch/arm/core/libarch__arm__core.a(nmi.c.obj)
                              (--whole-archive)
zephyr/arch/arch/arm/core/libarch__arm__core.a(nmi_on_reset.S.obj)
                              (--whole-archive)
zephyr/arch/arch/arm/core/libarch__arm__core.a(tls.c.obj)
                              (--whole-archive)
zephyr/arch/arch/arm/core/cortex_m/libarch__arm__core__cortex_m.a(exc_exit.c.obj)
                              (--whole-archive)
zephyr/arch/arch/arm/core/cortex_m/libarch__arm__core__cortex_m.a(fault.c.obj)
                              (--whole-archive)
zephyr/arch/arch/arm/core/cortex_m/libarch__arm__core__cortex_m.a(fault_s.S.obj)
                              (--whole-archive)
zephyr/arch/arch/arm/core/cortex_m/libarch__arm__core__cortex_m.a(fpu.c.obj)
                              (--whole-archive)
zephyr/arch/arch/arm/core/cortex_m/libarch__arm__core__cortex_m.a(reset.S.obj)
                              (--whole-archive)
zephyr/arch/arch/arm/core/cortex_m/libarch__arm__core__cortex_m.a(scb.c.obj)
                              (--whole-archive)
zephyr/arch/arch/arm/core/cortex_m/libarch__arm__core__cortex_m.a(thread_abort.c.obj)
                              (--whole-archive)
zephyr/arch/arch/arm/core/cortex_m/libarch__arm__core__cortex_m.a(vector_table.S.obj)
                              (--whole-archive)
zephyr/arch/arch/arm/core/cortex_m/libarch__arm__core__cortex_m.a(swap_helper.S.obj)
                              (--whole-archive)
zephyr/arch/arch/arm/core/cortex_m/libarch__arm__core__cortex_m.a(irq_manage.c.obj)
                              (--whole-archive)
zephyr/arch/arch/arm/core/cortex_m/libarch__arm__core__cortex_m.a(prep_c.c.obj)
                              (--whole-archive)
zephyr/arch/arch/arm/core/cortex_m/libarch__arm__core__cortex_m.a(thread.c.obj)
                              (--whole-archive)
zephyr/arch/arch/arm/core/cortex_m/libarch__arm__core__cortex_m.a(cpu_idle.c.obj)
                              (--whole-archive)
zephyr/arch/arch/arm/core/cortex_m/libarch__arm__core__cortex_m.a(irq_init.c.obj)
                              (--whole-archive)
zephyr/arch/arch/arm/core/cortex_m/libarch__arm__core__cortex_m.a(isr_wrapper.c.obj)
                              (--whole-archive)
zephyr/arch/arch/arm/core/cortex_m/libarch__arm__core__cortex_m.a(__aeabi_read_tp.S.obj)
                              (--whole-archive)
zephyr/lib/libc/picolibc/liblib__libc__picolibc.a(assert.c.obj)
                              (--whole-archive)
zephyr/lib/libc/picolibc/liblib__libc__picolibc.a(cbprintf.c.obj)
                              (--whole-archive)
zephyr/lib/libc/picolibc/liblib__libc__picolibc.a(chk_fail.c.obj)
                              (--whole-archive)
zephyr/lib/libc/picolibc/liblib__libc__picolibc.a(errno_wrap.c.obj)
                              (--whole-archive)
[...]
Memory Configuration

Name             Origin             Length             Attributes
FLASH            0x0000000000000000 0x0000000000080000 xr
RAM              0x0000000020000000 0x0000000000020000 xw
IDT_LIST         0x00000000ffff7fff 0x0000000000008000 xw
*default*        0x0000000000000000 0xffffffffffffffff

Linker script and memory map

                0x0000000000006dfc                vfprintf = __l_vfprintf
                0x0000000000000000                vfscanf = __l_vfscanf
LOAD zephyr/CMakeFiles/zephyr_pre0.dir/misc/empty_file.c.obj
LOAD zephyr/CMakeFiles/offsets.dir/./arch/arm/core/offsets/offsets.c.obj
LOAD app/libapp.a
LOAD zephyr/libzephyr.a
LOAD zephyr/arch/common/libarch__common.a
LOAD zephyr/arch/arch/arm/core/libarch__arm__core.a
LOAD zephyr/arch/arch/arm/core/cortex_m/libarch__arm__core__cortex_m.a
LOAD zephyr/lib/libc/picolibc/liblib__libc__picolibc.a
LOAD zephyr/lib/libc/common/liblib__libc__common.a
LOAD zephyr/soc/soc/nrf52833/libsoc__nordic.a
LOAD zephyr/drivers/usb/device/libdrivers__usb__device.a
LOAD zephyr/drivers/usb/common/nrf_usbd_common/libdrivers__usb__common__nrf_usbd_common.a
LOAD zephyr/drivers/clock_control/libdrivers__clock_control.a
LOAD zephyr/drivers/console/libdrivers__console.a
LOAD zephyr/drivers/gpio/libdrivers__gpio.a
LOAD zephyr/drivers/hwinfo/libdrivers__hwinfo.a
LOAD zephyr/drivers/pinctrl/libdrivers__pinctrl.a
LOAD zephyr/drivers/serial/libdrivers__serial.a
LOAD zephyr/drivers/spi/libdrivers__spi.a
LOAD zephyr/drivers/timer/libdrivers__timer.a
LOAD modules/hal_nordic/nrfx/libmodules__hal_nordic__nrfx.a
LOAD zephyr/kernel/libkernel.a
LOAD zephyr/arch/common/libisr_tables.a
LOAD /home/sinis/zephyr-sdk-0.17.0/arm-zephyr-eabi/bin/../lib/gcc/../../picolibc/arm-zephyr-eabi/lib/thumb/v7e-m/nofp/libc.a
LOAD /home/sinis/zephyr-sdk-0.17.0/arm-zephyr-eabi/bin/../lib/gcc/arm-zephyr-eabi/12.2.0/thumb/v7e-m/nofp/libgcc.a
                0x0000000000000004                _region_min_align = 0x4

.rel.plt        0x0000000000000000        0x0
 *(SORT_BY_ALIGNMENT(.rel.plt))
                [!provide]                        PROVIDE (__rel_iplt_start = .)
 *(SORT_BY_ALIGNMENT(.rel.iplt))
 .rel.iplt      0x0000000000000000        0x0 app/libapp.a(main.c.obj)
                [!provide]                        PROVIDE (__rel_iplt_end = .)

.rela.plt       0x0000000000000000        0x0
 *(SORT_BY_ALIGNMENT(.rela.plt))
                [!provide]                        PROVIDE (__rela_iplt_start = .)
 *(SORT_BY_ALIGNMENT(.rela.iplt))
                [!provide]                        PROVIDE (__rela_iplt_end = .)

.rel.dyn
 *(SORT_BY_ALIGNMENT(.rel.*))

.rela.dyn
 *(SORT_BY_ALIGNMENT(.rela.*))

/DISCARD/
 *(SORT_BY_ALIGNMENT(.plt))

/DISCARD/
 *(SORT_BY_ALIGNMENT(.iplt))
                0x0000000000000000                __rom_region_start = 0x0

rom_start       0x0000000000000000      0x100
                0x0000000000000000                __rom_start_address = .
 FILL mask 0x00
                0x0000000000000000                . = (. + (0x0 - (. - __rom_start_address)))
                0x0000000000000000                . = ALIGN (0x4)
                0x0000000000000000                . = ALIGN (0x80)
                0x0000000000000000                . = ALIGN (0x100)
                0x0000000000000000                _vector_start = .
 *(SORT_BY_ALIGNMENT(.exc_vector_table))
 *(SORT_BY_ALIGNMENT(.exc_vector_table.*))
 .exc_vector_table._vector_table_section
                0x0000000000000000       0x40 zephyr/arch/arch/arm/core/cortex_m/libarch__arm__core__cortex_m.a(vector_table.S.obj)
                0x0000000000000000                _vector_table
 *(SORT_BY_ALIGNMENT(.vectors))
                0x0000000000000100                _vector_end = .
                0x0000000000000040                . = ALIGN (0x4)
 *(SORT_BY_ALIGNMENT(.gnu.linkonce.irq_vector_table*))
 .gnu.linkonce.irq_vector_table
                0x0000000000000040       0xc0 zephyr/arch/common/libisr_tables.a(isr_tables.c.obj)
                0x0000000000000040                _irq_vector_table
                0x0000000000000100                _vector_end = .

text            0x0000000000000100     0x8d1c
                0x0000000000000100                __text_region_start = .
 *(SORT_BY_ALIGNMENT(.text))
 .text          0x0000000000000100       0x30 /home/sinis/zephyr-sdk-0.17.0/arm-zephyr-eabi/bin/../lib/gcc/arm-zephyr-eabi/12.2.0/thumb/v7e-m/nofp/libgcc.a(_aeabi_uldivmod.o)
                0x0000000000000100                __aeabi_uldivmod
 .text          0x0000000000000130        0x4 /home/sinis/zephyr-sdk-0.17.0/arm-zephyr-eabi/bin/../lib/gcc/arm-zephyr-eabi/12.2.0/thumb/v7e-m/nofp/libgcc.a(_dvmd_tls.o)
                0x0000000000000130                __aeabi_ldiv0
                0x0000000000000130                __aeabi_idiv0
 .text          0x0000000000000134       0x14 /home/sinis/zephyr-sdk-0.17.0/arm-zephyr-eabi/bin/../lib/gcc/../../picolibc/arm-zephyr-eabi/lib/thumb/v7e-m/nofp/libc.a(strcmp.S.o)
                0x0000000000000134                strcmp
 .text          0x0000000000000148       0x10 /home/sinis/zephyr-sdk-0.17.0/arm-zephyr-eabi/bin/../lib/gcc/../../picolibc/arm-zephyr-eabi/lib/thumb/v7e-m/nofp/libc.a(strlen.S.o)
                0x0000000000000148                strlen
 .text          0x0000000000000158      0x2a0 /home/sinis/zephyr-sdk-0.17.0/arm-zephyr-eabi/bin/../lib/gcc/arm-zephyr-eabi/12.2.0/thumb/v7e-m/nofp/libgcc.a(_udivmoddi4.o)
                0x0000000000000158                __udivmoddi4
 *(SORT_BY_ALIGNMENT(.text.*))
 .text.main     0x00000000000003f8      0x108 app/libapp.a(main.c.obj)
                0x00000000000003f8                main
 .text.char_out
                0x0000000000000500        0xc zephyr/libzephyr.a(printk.c.obj)
 .text.__printk_hook_install
                0x000000000000050c        0xc zephyr/libzephyr.a(printk.c.obj)
                0x000000000000050c                __printk_hook_install
 .text.vprintk  0x0000000000000518       0x30 zephyr/libzephyr.a(printk.c.obj)
                0x0000000000000518                vprintk
 .text.z_thread_entry
                0x0000000000000548       0x34 zephyr/libzephyr.a(thread_entry.c.obj)
                0x0000000000000548                z_thread_entry
 .text.process_event
                0x000000000000057c      0x21c zephyr/libzephyr.a(onoff.c.obj)
 .text.class_handler
                0x0000000000000798       0x40 zephyr/libzephyr.a(usb_device.c.obj)
 .text.custom_handler
                0x00000000000007d8       0x60 zephyr/libzephyr.a(usb_device.c.obj)
 .text.vendor_handler
                0x0000000000000838       0x3c zephyr/libzephyr.a(usb_device.c.obj)
 .text.disable_endpoint
                0x0000000000000874       0x2c zephyr/libzephyr.a(usb_device.c.obj)
 .text.usb_reset_alt_setting
                0x00000000000008a0       0x10 zephyr/libzephyr.a(usb_device.c.obj)
 .text.is_ep_valid.part.0
                0x00000000000008b0       0x38 zephyr/libzephyr.a(usb_device.c.obj)
 .text.usb_handle_request.constprop.0
                0x00000000000008e8       0x2c zephyr/libzephyr.a(usb_device.c.obj)
 .text.forward_status_cb
                0x0000000000000914       0xac zephyr/libzephyr.a(usb_device.c.obj)
 .text.usb_halt_endpoint_req.isra.0
                0x00000000000009c0       0x50 zephyr/libzephyr.a(usb_device.c.obj)
 .text.set_endpoint
                0x0000000000000a10       0x84 zephyr/libzephyr.a(usb_device.c.obj)
 .text.usb_handle_standard_request
                0x0000000000000a94      0x2ec zephyr/libzephyr.a(usb_device.c.obj)
 .text.usb_data_to_host
                0x0000000000000d80       0x60 zephyr/libzephyr.a(usb_device.c.obj)
 .text.usb_handle_control_transfer
                0x0000000000000de0       0xdc zephyr/libzephyr.a(usb_device.c.obj)
 .text.usb_set_config
                0x0000000000000ebc       0x2c zephyr/libzephyr.a(usb_device.c.obj)
                0x0000000000000ebc                usb_set_config
 .text.usb_enable
                0x0000000000000ee8      0x13c zephyr/libzephyr.a(usb_device.c.obj)
                0x0000000000000ee8                usb_enable
 .text.usb_update_sn_string_descriptor
                0x0000000000001024       0x88 zephyr/libzephyr.a(usb_descriptor.c.obj)
                0x0000000000001024                usb_update_sn_string_descriptor
 .text.usb_get_device_descriptor
                0x00000000000010ac      0x1e4 zephyr/libzephyr.a(usb_descriptor.c.obj)
                0x00000000000010ac                usb_get_device_descriptor
 .text.usb_ep_get_transfer
                0x0000000000001290       0x2c zephyr/libzephyr.a(usb_transfer.c.obj)
 .text.usb_transfer_work
                0x00000000000012bc      0x100 zephyr/libzephyr.a(usb_transfer.c.obj)
 .text.usb_transfer_ep_callback
                0x00000000000013bc       0x5c zephyr/libzephyr.a(usb_transfer.c.obj)
                0x00000000000013bc                usb_transfer_ep_callback
 .text.usb_transfer
                0x0000000000001418       0xe0 zephyr/libzephyr.a(usb_transfer.c.obj)
                0x0000000000001418                usb_transfer
 .text.usb_cancel_transfer
                0x00000000000014f8       0x3c zephyr/libzephyr.a(usb_transfer.c.obj)
                0x00000000000014f8                usb_cancel_transfer
 .text.usb_cancel_transfers
                0x0000000000001534       0x44 zephyr/libzephyr.a(usb_transfer.c.obj)
                0x0000000000001534                usb_cancel_transfers
 .text.usb_transfer_init
                0x0000000000001578       0x34 zephyr/libzephyr.a(usb_transfer.c.obj)
                0x0000000000001578                usb_transfer_init
 .text.cdc_acm_irq_rx_enable
                0x00000000000015ac       0x20 zephyr/libzephyr.a(cdc_acm.c.obj)
 .text.cdc_acm_irq_tx_enable
                0x00000000000015cc       0x20 zephyr/libzephyr.a(cdc_acm.c.obj)
 .text.cdc_acm_fifo_fill
                0x00000000000015ec       0x3c zephyr/libzephyr.a(cdc_acm.c.obj)
 .text.cdc_acm_write_cb
                0x0000000000001628       0x54 zephyr/libzephyr.a(cdc_acm.c.obj)
 .text.cdc_acm_class_handle_req
                0x000000000000167c       0x64 zephyr/libzephyr.a(cdc_acm.c.obj)
                0x000000000000167c                cdc_acm_class_handle_req
 .text.cdc_acm_int_in
                0x00000000000016e0       0x18 zephyr/libzephyr.a(cdc_acm.c.obj)
 .text.cdc_acm_reset_port
                0x00000000000016f8       0x3c zephyr/libzephyr.a(cdc_acm.c.obj)
 .text.cdc_acm_init
                0x0000000000001734       0x48 zephyr/libzephyr.a(cdc_acm.c.obj)
 .text.cdc_acm_send_notification.isra.0
                0x000000000000177c       0x44 zephyr/libzephyr.a(cdc_acm.c.obj)
 .text.cdc_acm_poll_out
                0x00000000000017c0       0x70 zephyr/libzephyr.a(cdc_acm.c.obj)
 .text.tx_work_handler
                0x0000000000001830       0x78 zephyr/libzephyr.a(cdc_acm.c.obj)
 .text.cdc_acm_read_cb
                0x00000000000018a8       0x74 zephyr/libzephyr.a(cdc_acm.c.obj)
 .text.cdc_acm_dev_status_cb
                0x000000000000191c       0x84 zephyr/libzephyr.a(cdc_acm.c.obj)
 .text.z_usb_work_q_init
                0x00000000000019a0       0x34 zephyr/libzephyr.a(usb_work_q.c.obj)
 .text.z_SysNmiOnReset
                0x00000000000019d4        0x8 zephyr/arch/arch/arm/core/libarch__arm__core.a(nmi_on_reset.S.obj)
                0x00000000000019d4                z_SysNmiOnReset
 .text.arch_tls_stack_setup
                0x00000000000019dc       0x40 zephyr/arch/arch/arm/core/libarch__arm__core.a(tls.c.obj)
                0x00000000000019dc                arch_tls_stack_setup
 .text._HandlerModeExit
                0x0000000000001a1c       0x20 zephyr/arch/arch/arm/core/cortex_m/libarch__arm__core__cortex_m.a(exc_exit.c.obj)
                0x0000000000001a1c                z_arm_exc_exit
                0x0000000000001a1c                z_arm_int_exit
 .text.usage_fault.constprop.0
                0x0000000000001a3c       0x54 zephyr/arch/arch/arm/core/cortex_m/libarch__arm__core__cortex_m.a(fault.c.obj)
 .text.bus_fault.constprop.0
                0x0000000000001a90       0x6c zephyr/arch/arch/arm/core/cortex_m/libarch__arm__core__cortex_m.a(fault.c.obj)
 .text.mem_manage_fault.constprop.0
                0x0000000000001afc       0x78 zephyr/arch/arch/arm/core/cortex_m/libarch__arm__core__cortex_m.a(fault.c.obj)
 .text.z_arm_fault
                0x0000000000001b74      0x124 zephyr/arch/arch/arm/core/cortex_m/libarch__arm__core__cortex_m.a(fault.c.obj)
                0x0000000000001b74                z_arm_fault
 .text.z_arm_fault_init
                0x0000000000001c98       0x18 zephyr/arch/arch/arm/core/cortex_m/libarch__arm__core__cortex_m.a(fault.c.obj)
                0x0000000000001c98                z_arm_fault_init
 .text.__fault  0x0000000000001cb0       0x14 zephyr/arch/arch/arm/core/cortex_m/libarch__arm__core__cortex_m.a(fault_s.S.obj)
                0x0000000000001cb0                z_arm_bus_fault
                0x0000000000001cb0                z_arm_usage_fault
                0x0000000000001cb0                z_arm_mpu_fault
                0x0000000000001cb0                z_arm_exc_spurious
                0x0000000000001cb0                z_arm_debug_monitor
                0x0000000000001cb0                z_arm_hard_fault
 .text._reset_section
                0x0000000000001cc4       0x38 zephyr/arch/arch/arm/core/cortex_m/libarch__arm__core__cortex_m.a(reset.S.obj)
                0x0000000000001cc4                z_arm_reset
                0x0000000000001cc4                __start
 .text.z_impl_k_thread_abort
                0x0000000000001cfc       0x2c zephyr/arch/arch/arm/core/cortex_m/libarch__arm__core__cortex_m.a(thread_abort.c.obj)
                0x0000000000001cfc                z_impl_k_thread_abort
 .text.z_arm_pendsv
                0x0000000000001d28       0x54 zephyr/arch/arch/arm/core/cortex_m/libarch__arm__core__cortex_m.a(swap_helper.S.obj)
                0x0000000000001d28                z_arm_pendsv
 .text.z_arm_svc
                0x0000000000001d7c       0x24 zephyr/arch/arch/arm/core/cortex_m/libarch__arm__core__cortex_m.a(swap_helper.S.obj)
                0x0000000000001d7c                z_arm_svc
 .text.arm_irq_enable
                0x0000000000001da0       0x1c zephyr/arch/arch/arm/core/cortex_m/libarch__arm__core__cortex_m.a(irq_manage.c.obj)
                0x0000000000001da0                arm_irq_enable
 .text.arm_irq_disable
                0x0000000000001dbc       0x28 zephyr/arch/arch/arm/core/cortex_m/libarch__arm__core__cortex_m.a(irq_manage.c.obj)
                0x0000000000001dbc                arm_irq_disable
 .text.arm_irq_is_enabled
                0x0000000000001de4       0x1c zephyr/arch/arch/arm/core/cortex_m/libarch__arm__core__cortex_m.a(irq_manage.c.obj)
                0x0000000000001de4                arm_irq_is_enabled
 .text.arm_irq_priority_set
                0x0000000000001e00       0x30 zephyr/arch/arch/arm/core/cortex_m/libarch__arm__core__cortex_m.a(irq_manage.c.obj)
                0x0000000000001e00                arm_irq_priority_set
 .text.z_prep_c
                0x0000000000001e30       0x48 zephyr/arch/arch/arm/core/cortex_m/libarch__arm__core__cortex_m.a(prep_c.c.obj)
                0x0000000000001e30                z_prep_c
 .text.arch_new_thread
                0x0000000000001e78       0x38 zephyr/arch/arch/arm/core/cortex_m/libarch__arm__core__cortex_m.a(thread.c.obj)
                0x0000000000001e78                arch_new_thread
 .text.arch_switch_to_main_thread
                0x0000000000001eb0       0x38 zephyr/arch/arch/arm/core/cortex_m/libarch__arm__core__cortex_m.a(thread.c.obj)
                0x0000000000001eb0                arch_switch_to_main_thread
 .text.z_arm_cpu_idle_init
                0x0000000000001ee8        0xc zephyr/arch/arch/arm/core/cortex_m/libarch__arm__core__cortex_m.a(cpu_idle.c.obj)
                0x0000000000001ee8                z_arm_cpu_idle_init
 .text.z_arm_interrupt_init
                0x0000000000001ef4       0x18 zephyr/arch/arch/arm/core/cortex_m/libarch__arm__core__cortex_m.a(irq_init.c.obj)
                0x0000000000001ef4                z_arm_interrupt_init
 .text._isr_wrapper
                0x0000000000001f0c       0x24 zephyr/arch/arch/arm/core/cortex_m/libarch__arm__core__cortex_m.a(isr_wrapper.c.obj)
                0x0000000000001f0c                _isr_wrapper
 .text.z_impl_zephyr_fputc
                0x0000000000001f30       0x10 zephyr/lib/libc/picolibc/liblib__libc__picolibc.a(stdio.c.obj)
                0x0000000000001f30                z_impl_zephyr_fputc
 .text.__stdout_hook_install
                0x0000000000001f40       0x18 zephyr/lib/libc/picolibc/liblib__libc__picolibc.a(stdio.c.obj)
                0x0000000000001f40                __stdout_hook_install
 .text.malloc_prepare
                0x0000000000001f58       0x24 zephyr/lib/libc/common/liblib__libc__common.a(malloc.c.obj)
 .text.nordicsemi_nrf52_init
                0x0000000000001f7c       0x10 zephyr/soc/soc/nrf52833/libsoc__nordic.a(soc.c.obj)
 .text.arch_busy_wait
                0x0000000000001f8c       0x14 zephyr/soc/soc/nrf52833/libsoc__nordic.a(soc.c.obj)
                0x0000000000001f8c                arch_busy_wait
 .text.endpoint_ctx
                0x0000000000001fa0       0x60 zephyr/drivers/usb/device/libdrivers__usb__device.a(usb_dc_nrfx.c.obj)
 .text.usbd_work_schedule
                0x0000000000002000       0x10 zephyr/drivers/usb/device/libdrivers__usb__device.a(usb_dc_nrfx.c.obj)
 .text.usbd_evt_put
                0x0000000000002010        0xc zephyr/drivers/usb/device/libdrivers__usb__device.a(usb_dc_nrfx.c.obj)
 .text.usbd_evt_get
                0x000000000000201c       0x10 zephyr/drivers/usb/device/libdrivers__usb__device.a(usb_dc_nrfx.c.obj)
 .text.usb_init
                0x000000000000202c       0x70 zephyr/drivers/usb/device/libdrivers__usb__device.a(usb_dc_nrfx.c.obj)
 .text.hfxo_stop.constprop.0.isra.0
                0x000000000000209c       0x40 zephyr/drivers/usb/device/libdrivers__usb__device.a(usb_dc_nrfx.c.obj)
 .text.eps_ctx_init
                0x00000000000020dc       0x68 zephyr/drivers/usb/device/libdrivers__usb__device.a(usb_dc_nrfx.c.obj)
 .text.usbd_evt_flush
                0x0000000000002144       0x1c zephyr/drivers/usb/device/libdrivers__usb__device.a(usb_dc_nrfx.c.obj)
 .text.usbd_evt_alloc
                0x0000000000002160       0x44 zephyr/drivers/usb/device/libdrivers__usb__device.a(usb_dc_nrfx.c.obj)
 .text.usb_dc_power_event_handler
                0x00000000000021a4       0x34 zephyr/drivers/usb/device/libdrivers__usb__device.a(usb_dc_nrfx.c.obj)
 .text.usbd_event_transfer_data
                0x00000000000021d8       0xa8 zephyr/drivers/usb/device/libdrivers__usb__device.a(usb_dc_nrfx.c.obj)
 .text.usbd_event_handler
                0x0000000000002280      0x11c zephyr/drivers/usb/device/libdrivers__usb__device.a(usb_dc_nrfx.c.obj)
 .text.usbd_work_handler
                0x000000000000239c      0x2e0 zephyr/drivers/usb/device/libdrivers__usb__device.a(usb_dc_nrfx.c.obj)
 .text.usb_dc_attach
                0x000000000000267c       0x64 zephyr/drivers/usb/device/libdrivers__usb__device.a(usb_dc_nrfx.c.obj)
                0x000000000000267c                usb_dc_attach
 .text.usb_dc_set_address
                0x00000000000026e0       0x24 zephyr/drivers/usb/device/libdrivers__usb__device.a(usb_dc_nrfx.c.obj)
                0x00000000000026e0                usb_dc_set_address
 .text.usb_dc_ep_configure
                0x0000000000002704       0x48 zephyr/drivers/usb/device/libdrivers__usb__device.a(usb_dc_nrfx.c.obj)
                0x0000000000002704                usb_dc_ep_configure
 .text.usb_dc_ep_set_stall
                0x000000000000274c       0x50 zephyr/drivers/usb/device/libdrivers__usb__device.a(usb_dc_nrfx.c.obj)
                0x000000000000274c                usb_dc_ep_set_stall
 .text.usb_dc_ep_clear_stall
                0x000000000000279c       0x40 zephyr/drivers/usb/device/libdrivers__usb__device.a(usb_dc_nrfx.c.obj)
                0x000000000000279c                usb_dc_ep_clear_stall
 .text.usb_dc_ep_is_stalled
                0x00000000000027dc       0x38 zephyr/drivers/usb/device/libdrivers__usb__device.a(usb_dc_nrfx.c.obj)
                0x00000000000027dc                usb_dc_ep_is_stalled
 .text.usb_dc_ep_enable
                0x0000000000002814       0x54 zephyr/drivers/usb/device/libdrivers__usb__device.a(usb_dc_nrfx.c.obj)
                0x0000000000002814                usb_dc_ep_enable
 .text.usb_dc_ep_write
                0x0000000000002868       0xf8 zephyr/drivers/usb/device/libdrivers__usb__device.a(usb_dc_nrfx.c.obj)
                0x0000000000002868                usb_dc_ep_write
 .text.usb_dc_ep_read_wait
                0x0000000000002960       0x90 zephyr/drivers/usb/device/libdrivers__usb__device.a(usb_dc_nrfx.c.obj)
                0x0000000000002960                usb_dc_ep_read_wait
 .text.usb_dc_ep_read_continue
                0x00000000000029f0       0x84 zephyr/drivers/usb/device/libdrivers__usb__device.a(usb_dc_nrfx.c.obj)
                0x00000000000029f0                usb_dc_ep_read_continue
 .text.usb_dc_ep_set_callback
                0x0000000000002a74       0x28 zephyr/drivers/usb/device/libdrivers__usb__device.a(usb_dc_nrfx.c.obj)
                0x0000000000002a74                usb_dc_ep_set_callback
 .text.usb_dc_set_status_callback
                0x0000000000002a9c        0xc zephyr/drivers/usb/device/libdrivers__usb__device.a(usb_dc_nrfx.c.obj)
                0x0000000000002a9c                usb_dc_set_status_callback
 .text.usb_dc_ep_mps
                0x0000000000002aa8       0x24 zephyr/drivers/usb/device/libdrivers__usb__device.a(usb_dc_nrfx.c.obj)
                0x0000000000002aa8                usb_dc_ep_mps
 .text.ep_state_access
                0x0000000000002acc       0x20 zephyr/drivers/usb/common/nrf_usbd_common/libdrivers__usb__common__nrf_usbd_common.a(nrf_usbd_common.c.obj)
 .text.usbd_errata_187_211_begin
                0x0000000000002aec       0x3c zephyr/drivers/usb/common/nrf_usbd_common/libdrivers__usb__common__nrf_usbd_common.a(nrf_usbd_common.c.obj)
 .text.usbd_errata_187_211_end
                0x0000000000002b28       0x3c zephyr/drivers/usb/common/nrf_usbd_common/libdrivers__usb__common__nrf_usbd_common.a(nrf_usbd_common.c.obj)
 .text.usbd_enable
                0x0000000000002b64       0x44 zephyr/drivers/usb/common/nrf_usbd_common/libdrivers__usb__common__nrf_usbd_common.a(nrf_usbd_common.c.obj)
 .text.nrf_usbd_common_uninit
                0x0000000000002ba8       0x14 zephyr/drivers/usb/common/nrf_usbd_common/libdrivers__usb__common__nrf_usbd_common.a(nrf_usbd_common.c.obj)
                0x0000000000002ba8                nrf_usbd_common_uninit
 .text.nrf_usbd_common_enable
                0x0000000000002bbc       0x98 zephyr/drivers/usb/common/nrf_usbd_common/libdrivers__usb__common__nrf_usbd_common.a(nrf_usbd_common.c.obj)
                0x0000000000002bbc                nrf_usbd_common_enable
 .text.nrf_usbd_common_start
                0x0000000000002c54       0x38 zephyr/drivers/usb/common/nrf_usbd_common/libdrivers__usb__common__nrf_usbd_common.a(nrf_usbd_common.c.obj)
                0x0000000000002c54                nrf_usbd_common_start
 .text.nrf_usbd_common_is_enabled
                0x0000000000002c8c       0x14 zephyr/drivers/usb/common/nrf_usbd_common/libdrivers__usb__common__nrf_usbd_common.a(nrf_usbd_common.c.obj)
                0x0000000000002c8c                nrf_usbd_common_is_enabled
 .text.nrf_usbd_common_suspend
                0x0000000000002ca0       0x6c zephyr/drivers/usb/common/nrf_usbd_common/libdrivers__usb__common__nrf_usbd_common.a(nrf_usbd_common.c.obj)
                0x0000000000002ca0                nrf_usbd_common_suspend
 .text.nrf_usbd_common_init
                0x0000000000002d0c       0x84 zephyr/drivers/usb/common/nrf_usbd_common/libdrivers__usb__common__nrf_usbd_common.a(nrf_usbd_common.c.obj)
                0x0000000000002d0c                nrf_usbd_common_init
 .text.nrf_usbd_common_ep_enable_check
                0x0000000000002d90       0x28 zephyr/drivers/usb/common/nrf_usbd_common/libdrivers__usb__common__nrf_usbd_common.a(nrf_usbd_common.c.obj)
                0x0000000000002d90                nrf_usbd_common_ep_enable_check
 .text.nrf_usbd_common_ep_transfer
                0x0000000000002db8       0x98 zephyr/drivers/usb/common/nrf_usbd_common/libdrivers__usb__common__nrf_usbd_common.a(nrf_usbd_common.c.obj)
                0x0000000000002db8                nrf_usbd_common_ep_transfer
 .text.nrf_usbd_common_epout_size_get
                0x0000000000002e50       0x28 zephyr/drivers/usb/common/nrf_usbd_common/libdrivers__usb__common__nrf_usbd_common.a(nrf_usbd_common.c.obj)
                0x0000000000002e50                nrf_usbd_common_epout_size_get
 .text.nrf_usbd_common_irq_handler
                0x0000000000002e78      0x48c zephyr/drivers/usb/common/nrf_usbd_common/libdrivers__usb__common__nrf_usbd_common.a(nrf_usbd_common.c.obj)
                0x0000000000002e78                nrf_usbd_common_irq_handler
 .text.nrf_usbd_common_ep_stall
                0x0000000000003304       0x10 zephyr/drivers/usb/common/nrf_usbd_common/libdrivers__usb__common__nrf_usbd_common.a(nrf_usbd_common.c.obj)
                0x0000000000003304                nrf_usbd_common_ep_stall
 .text.nrf_usbd_common_ep_stall_check
                0x0000000000003314       0x34 zephyr/drivers/usb/common/nrf_usbd_common/libdrivers__usb__common__nrf_usbd_common.a(nrf_usbd_common.c.obj)
                0x0000000000003314                nrf_usbd_common_ep_stall_check
 .text.nrf_usbd_common_ep_dtoggle_clear
                0x0000000000003348       0x14 zephyr/drivers/usb/common/nrf_usbd_common/libdrivers__usb__common__nrf_usbd_common.a(nrf_usbd_common.c.obj)
                0x0000000000003348                nrf_usbd_common_ep_dtoggle_clear
 .text.nrf_usbd_common_setup_get
                0x000000000000335c       0x44 zephyr/drivers/usb/common/nrf_usbd_common/libdrivers__usb__common__nrf_usbd_common.a(nrf_usbd_common.c.obj)
                0x000000000000335c                nrf_usbd_common_setup_get
 .text.nrf_usbd_common_setup_data_clear
                0x00000000000033a0        0xc zephyr/drivers/usb/common/nrf_usbd_common/libdrivers__usb__common__nrf_usbd_common.a(nrf_usbd_common.c.obj)
                0x00000000000033a0                nrf_usbd_common_setup_data_clear
 .text.nrf_usbd_common_setup_clear
                0x00000000000033ac        0xc zephyr/drivers/usb/common/nrf_usbd_common/libdrivers__usb__common__nrf_usbd_common.a(nrf_usbd_common.c.obj)
                0x00000000000033ac                nrf_usbd_common_setup_clear
 .text.nrf_usbd_common_setup_stall
                0x00000000000033b8        0xc zephyr/drivers/usb/common/nrf_usbd_common/libdrivers__usb__common__nrf_usbd_common.a(nrf_usbd_common.c.obj)
                0x00000000000033b8                nrf_usbd_common_setup_stall
 .text.nrf_usbd_common_last_setup_dir_get
                0x00000000000033c4        0xc zephyr/drivers/usb/common/nrf_usbd_common/libdrivers__usb__common__nrf_usbd_common.a(nrf_usbd_common.c.obj)
                0x00000000000033c4                nrf_usbd_common_last_setup_dir_get
 .text.nrf_usbd_common_transfer_out_drop
                0x00000000000033d0       0x4c zephyr/drivers/usb/common/nrf_usbd_common/libdrivers__usb__common__nrf_usbd_common.a(nrf_usbd_common.c.obj)
                0x00000000000033d0                nrf_usbd_common_transfer_out_drop
 .text.usbd_ep_abort
                0x000000000000341c       0xf0 zephyr/drivers/usb/common/nrf_usbd_common/libdrivers__usb__common__nrf_usbd_common.a(nrf_usbd_common.c.obj)
 .text.nrf_usbd_common_ep_abort
                0x000000000000350c       0x34 zephyr/drivers/usb/common/nrf_usbd_common/libdrivers__usb__common__nrf_usbd_common.a(nrf_usbd_common.c.obj)
                0x000000000000350c                nrf_usbd_common_ep_abort
 .text.nrf_usbd_common_disable
                0x0000000000003540       0xd0 zephyr/drivers/usb/common/nrf_usbd_common/libdrivers__usb__common__nrf_usbd_common.a(nrf_usbd_common.c.obj)
                0x0000000000003540                nrf_usbd_common_disable
 .text.nrf_usbd_common_ep_disable
                0x0000000000003610       0x60 zephyr/drivers/usb/common/nrf_usbd_common/libdrivers__usb__common__nrf_usbd_common.a(nrf_usbd_common.c.obj)
                0x0000000000003610                nrf_usbd_common_ep_disable
 .text.nrf_usbd_common_ep_enable
                0x0000000000003670       0x70 zephyr/drivers/usb/common/nrf_usbd_common/libdrivers__usb__common__nrf_usbd_common.a(nrf_usbd_common.c.obj)
                0x0000000000003670                nrf_usbd_common_ep_enable
 .text.nrf_usbd_common_ep_stall_clear
                0x00000000000036e0       0x20 zephyr/drivers/usb/common/nrf_usbd_common/libdrivers__usb__common__nrf_usbd_common.a(nrf_usbd_common.c.obj)
                0x00000000000036e0                nrf_usbd_common_ep_stall_clear
 .text.onoff_stop
                0x0000000000003700       0x30 zephyr/drivers/clock_control/libdrivers__clock_control.a(clock_control_nrf.c.obj)
 .text.onoff_start
                0x0000000000003730       0x44 zephyr/drivers/clock_control/libdrivers__clock_control.a(clock_control_nrf.c.obj)
 .text.generic_hfclk_stop
                0x0000000000003774       0x34 zephyr/drivers/clock_control/libdrivers__clock_control.a(clock_control_nrf.c.obj)
 .text.clk_init
                0x00000000000037a8       0x58 zephyr/drivers/clock_control/libdrivers__clock_control.a(clock_control_nrf.c.obj)
 .text.api_blocking_start
                0x0000000000003800       0x34 zephyr/drivers/clock_control/libdrivers__clock_control.a(clock_control_nrf.c.obj)
 .text.clkstarted_handle.constprop.0
                0x0000000000003834       0x4c zephyr/drivers/clock_control/libdrivers__clock_control.a(clock_control_nrf.c.obj)
 .text.generic_hfclk_start
                0x0000000000003880       0x78 zephyr/drivers/clock_control/libdrivers__clock_control.a(clock_control_nrf.c.obj)
 .text.clock_event_handler
                0x00000000000038f8       0x1c zephyr/drivers/clock_control/libdrivers__clock_control.a(clock_control_nrf.c.obj)
 .text.z_nrf_clock_control_get_onoff
                0x0000000000003914       0x10 zephyr/drivers/clock_control/libdrivers__clock_control.a(clock_control_nrf.c.obj)
                0x0000000000003914                z_nrf_clock_control_get_onoff
 .text.z_nrf_clock_control_lf_on
                0x0000000000003924       0xfc zephyr/drivers/clock_control/libdrivers__clock_control.a(clock_control_nrf.c.obj)
                0x0000000000003924                z_nrf_clock_control_lf_on
 .text.uart_console_init
                0x0000000000003a20       0x28 zephyr/drivers/console/libdrivers__console.a(uart_console.c.obj)
 .text.console_out
                0x0000000000003a48       0x28 zephyr/drivers/console/libdrivers__console.a(uart_console.c.obj)
 .text.gpio_nrfx_pin_interrupt_configure
                0x0000000000003a70      0x100 zephyr/drivers/gpio/libdrivers__gpio.a(gpio_nrfx.c.obj)
 .text.gpio_nrfx_init
                0x0000000000003b70       0x48 zephyr/drivers/gpio/libdrivers__gpio.a(gpio_nrfx.c.obj)
 .text.nrfx_gpio_handler
                0x0000000000003bb8       0x4c zephyr/drivers/gpio/libdrivers__gpio.a(gpio_nrfx.c.obj)
 .text.gpio_nrfx_pin_configure
                0x0000000000003c04      0x18c zephyr/drivers/gpio/libdrivers__gpio.a(gpio_nrfx.c.obj)
 .text.pinctrl_configure_pins
                0x0000000000003d90      0x12c zephyr/drivers/pinctrl/libdrivers__pinctrl.a(pinctrl_nrf.c.obj)
                0x0000000000003d90                pinctrl_configure_pins
 .text.transfer_next_chunk
                0x0000000000003ebc       0xd0 zephyr/drivers/spi/libdrivers__spi.a(spi_nrfx_spim.c.obj)
 .text.spi_nrfx_transceive
                0x0000000000003f8c      0x344 zephyr/drivers/spi/libdrivers__spi.a(spi_nrfx_spim.c.obj)
 .text.nrf_gpio_cfg_input
                0x00000000000042d0       0x40 zephyr/drivers/spi/libdrivers__spi.a(spi_nrfx_common.c.obj)
 .text.spi_nrfx_wake_init
                0x0000000000004310       0x60 zephyr/drivers/spi/libdrivers__spi.a(spi_nrfx_common.c.obj)
                0x0000000000004310                spi_nrfx_wake_init
 .text.compare_int_lock
                0x0000000000004370       0x48 zephyr/drivers/timer/libdrivers__timer.a(nrf_rtc_timer.c.obj)
 .text.sys_clock_timeout_handler
                0x00000000000043b8       0x48 zephyr/drivers/timer/libdrivers__timer.a(nrf_rtc_timer.c.obj)
 .text.compare_int_unlock
                0x0000000000004400       0x5c zephyr/drivers/timer/libdrivers__timer.a(nrf_rtc_timer.c.obj)
 .text.z_nrf_rtc_timer_read
                0x000000000000445c       0x44 zephyr/drivers/timer/libdrivers__timer.a(nrf_rtc_timer.c.obj)
                0x000000000000445c                z_nrf_rtc_timer_read
 .text.compare_set
                0x00000000000044a0      0x130 zephyr/drivers/timer/libdrivers__timer.a(nrf_rtc_timer.c.obj)
 .text.sys_clock_driver_init
                0x00000000000045d0       0x90 zephyr/drivers/timer/libdrivers__timer.a(nrf_rtc_timer.c.obj)
 .text.rtc_nrf_isr
                0x0000000000004660       0xd4 zephyr/drivers/timer/libdrivers__timer.a(nrf_rtc_timer.c.obj)
                0x0000000000004660                rtc_nrf_isr
 .text.sys_clock_set_timeout
                0x0000000000004734       0x5c zephyr/drivers/timer/libdrivers__timer.a(nrf_rtc_timer.c.obj)
                0x0000000000004734                sys_clock_set_timeout
 .text.sys_clock_elapsed
                0x0000000000004790       0x14 zephyr/drivers/timer/libdrivers__timer.a(nrf_rtc_timer.c.obj)
                0x0000000000004790                sys_clock_elapsed
 .text.nvmc_wait
                0x00000000000047a4       0x10 modules/hal_nordic/nrfx/libmodules__hal_nordic__nrfx.a(system_nrf52833.c.obj)
                0x00000000000047a4                nvmc_wait
 .text.SystemInit
                0x00000000000047b4      0x14c modules/hal_nordic/nrfx/libmodules__hal_nordic__nrfx.a(system_nrf52833.c.obj)
                0x00000000000047b4                SystemInit
 .text.nrfx_flag32_alloc
                0x0000000000004900       0x48 modules/hal_nordic/nrfx/libmodules__hal_nordic__nrfx.a(nrfx_flag32_allocator.c.obj)
                0x0000000000004900                nrfx_flag32_alloc
 .text.nrfx_flag32_free
                0x0000000000004948       0x40 modules/hal_nordic/nrfx/libmodules__hal_nordic__nrfx.a(nrfx_flag32_allocator.c.obj)
                0x0000000000004948                nrfx_flag32_free
 .text.nrfx_clock_init
                0x0000000000004988       0x20 modules/hal_nordic/nrfx/libmodules__hal_nordic__nrfx.a(nrfx_clock.c.obj)
                0x0000000000004988                nrfx_clock_init
 .text.nrfx_clock_enable
                0x00000000000049a8       0x30 modules/hal_nordic/nrfx/libmodules__hal_nordic__nrfx.a(nrfx_clock.c.obj)
                0x00000000000049a8                nrfx_clock_enable
 .text.nrfx_clock_start
                0x00000000000049d8       0xa8 modules/hal_nordic/nrfx/libmodules__hal_nordic__nrfx.a(nrfx_clock.c.obj)
                0x00000000000049d8                nrfx_clock_start
 .text.nrfx_clock_irq_handler
                0x0000000000004a80       0x6c modules/hal_nordic/nrfx/libmodules__hal_nordic__nrfx.a(nrfx_clock.c.obj)
                0x0000000000004a80                nrfx_clock_irq_handler
 .text.nrf_gpio_pin_port_decode
                0x0000000000004aec       0x20 modules/hal_nordic/nrfx/libmodules__hal_nordic__nrfx.a(nrfx_gpiote.c.obj)
 .text.get_pin_idx
                0x0000000000004b0c       0x14 modules/hal_nordic/nrfx/libmodules__hal_nordic__nrfx.a(nrfx_gpiote.c.obj)
 .text.call_handler.constprop.0
                0x0000000000004b20       0x40 modules/hal_nordic/nrfx/libmodules__hal_nordic__nrfx.a(nrfx_gpiote.c.obj)
 .text.pin_te_get.constprop.0
                0x0000000000004b60       0x18 modules/hal_nordic/nrfx/libmodules__hal_nordic__nrfx.a(nrfx_gpiote.c.obj)
 .text.pin_is_output.constprop.0
                0x0000000000004b78       0x18 modules/hal_nordic/nrfx/libmodules__hal_nordic__nrfx.a(nrfx_gpiote.c.obj)
 .text.pin_in_use_by_te.constprop.0
                0x0000000000004b90       0x18 modules/hal_nordic/nrfx/libmodules__hal_nordic__nrfx.a(nrfx_gpiote.c.obj)
 .text.latch_pending_read_and_check
                0x0000000000004ba8       0x40 modules/hal_nordic/nrfx/libmodules__hal_nordic__nrfx.a(nrfx_gpiote.c.obj)
 .text.release_handler.isra.0
                0x0000000000004be8       0x58 modules/hal_nordic/nrfx/libmodules__hal_nordic__nrfx.a(nrfx_gpiote.c.obj)
 .text.__nrfy_internal_gpiote_events_process.constprop.0
                0x0000000000004c40       0x5c modules/hal_nordic/nrfx/libmodules__hal_nordic__nrfx.a(nrfx_gpiote.c.obj)
 .text.pin_uninit
                0x0000000000004c9c       0x80 modules/hal_nordic/nrfx/libmodules__hal_nordic__nrfx.a(nrfx_gpiote.c.obj)
 .text.nrfx_gpiote_input_configure
                0x0000000000004d1c      0x174 modules/hal_nordic/nrfx/libmodules__hal_nordic__nrfx.a(nrfx_gpiote.c.obj)
                0x0000000000004d1c                nrfx_gpiote_input_configure
 .text.nrfx_gpiote_output_configure
                0x0000000000004e90       0xfc modules/hal_nordic/nrfx/libmodules__hal_nordic__nrfx.a(nrfx_gpiote.c.obj)
                0x0000000000004e90                nrfx_gpiote_output_configure
 .text.nrfx_gpiote_global_callback_set
                0x0000000000004f8c        0xc modules/hal_nordic/nrfx/libmodules__hal_nordic__nrfx.a(nrfx_gpiote.c.obj)
                0x0000000000004f8c                nrfx_gpiote_global_callback_set
 .text.nrfx_gpiote_channel_get
                0x0000000000004f98       0x34 modules/hal_nordic/nrfx/libmodules__hal_nordic__nrfx.a(nrfx_gpiote.c.obj)
                0x0000000000004f98                nrfx_gpiote_channel_get
 .text.nrfx_gpiote_init
                0x0000000000004fcc       0x68 modules/hal_nordic/nrfx/libmodules__hal_nordic__nrfx.a(nrfx_gpiote.c.obj)
                0x0000000000004fcc                nrfx_gpiote_init
 .text.nrfx_gpiote_init_check
                0x0000000000005034       0x14 modules/hal_nordic/nrfx/libmodules__hal_nordic__nrfx.a(nrfx_gpiote.c.obj)
                0x0000000000005034                nrfx_gpiote_init_check
 .text.nrfx_gpiote_channel_free
                0x0000000000005048        0xc modules/hal_nordic/nrfx/libmodules__hal_nordic__nrfx.a(nrfx_gpiote.c.obj)
                0x0000000000005048                nrfx_gpiote_channel_free
 .text.nrfx_gpiote_channel_alloc
                0x0000000000005054        0xc modules/hal_nordic/nrfx/libmodules__hal_nordic__nrfx.a(nrfx_gpiote.c.obj)
                0x0000000000005054                nrfx_gpiote_channel_alloc
 .text.nrfx_gpiote_trigger_enable
                0x0000000000005060       0xb0 modules/hal_nordic/nrfx/libmodules__hal_nordic__nrfx.a(nrfx_gpiote.c.obj)
                0x0000000000005060                nrfx_gpiote_trigger_enable
 .text.nrfx_gpiote_0_irq_handler
                0x0000000000005110      0x1bc modules/hal_nordic/nrfx/libmodules__hal_nordic__nrfx.a(nrfx_gpiote.c.obj)
                0x0000000000005110                nrfx_gpiote_0_irq_handler
 .text.nrfx_power_init
                0x00000000000052cc       0x3c modules/hal_nordic/nrfx/libmodules__hal_nordic__nrfx.a(nrfx_power.c.obj)
                0x00000000000052cc                nrfx_power_init
 .text.nrfx_power_usbevt_uninit
                0x0000000000005308       0x18 modules/hal_nordic/nrfx/libmodules__hal_nordic__nrfx.a(nrfx_power.c.obj)
                0x0000000000005308                nrfx_power_usbevt_uninit
 .text.nrfx_power_usbevt_init
                0x0000000000005320       0x14 modules/hal_nordic/nrfx/libmodules__hal_nordic__nrfx.a(nrfx_power.c.obj)
                0x0000000000005320                nrfx_power_usbevt_init
 .text.nrfx_power_irq_handler
                0x0000000000005334       0xa0 modules/hal_nordic/nrfx/libmodules__hal_nordic__nrfx.a(nrfx_power.c.obj)
                0x0000000000005334                nrfx_power_irq_handler
 .text.nrf_gpio_pin_port_decode
                0x00000000000053d4       0x20 modules/hal_nordic/nrfx/libmodules__hal_nordic__nrfx.a(nrfx_spim.c.obj)
 .text.spim_frequency_valid_check.constprop.0
                0x00000000000053f4       0x64 modules/hal_nordic/nrfx/libmodules__hal_nordic__nrfx.a(nrfx_spim.c.obj)
 .text.pin_init
                0x0000000000005458       0x50 modules/hal_nordic/nrfx/libmodules__hal_nordic__nrfx.a(nrfx_spim.c.obj)
 .text.spim_configure
                0x00000000000054a8      0x1c8 modules/hal_nordic/nrfx/libmodules__hal_nordic__nrfx.a(nrfx_spim.c.obj)
 .text.spim_pin_uninit
                0x0000000000005670       0x30 modules/hal_nordic/nrfx/libmodules__hal_nordic__nrfx.a(nrfx_spim.c.obj)
 .text.nrfx_spim_init
                0x00000000000056a0       0x68 modules/hal_nordic/nrfx/libmodules__hal_nordic__nrfx.a(nrfx_spim.c.obj)
                0x00000000000056a0                nrfx_spim_init
 .text.nrfx_spim_uninit
                0x0000000000005708       0x74 modules/hal_nordic/nrfx/libmodules__hal_nordic__nrfx.a(nrfx_spim.c.obj)
                0x0000000000005708                nrfx_spim_uninit
 .text.nrfx_spim_xfer
                0x000000000000577c      0x16c modules/hal_nordic/nrfx/libmodules__hal_nordic__nrfx.a(nrfx_spim.c.obj)
                0x000000000000577c                nrfx_spim_xfer
 .text.nrfx_spim_0_irq_handler
                0x00000000000058e8       0x54 modules/hal_nordic/nrfx/libmodules__hal_nordic__nrfx.a(nrfx_spim.c.obj)
                0x00000000000058e8                nrfx_spim_0_irq_handler
 .text.z_impl_device_get_binding
                0x000000000000593c       0x48 zephyr/kernel/libkernel.a(device.c.obj)
                0x000000000000593c                z_impl_device_get_binding
 .text.z_fatal_error
                0x0000000000005984       0x30 zephyr/kernel/libkernel.a(fatal.c.obj)
                0x0000000000005984                z_fatal_error
 .text.z_sys_init_run_level
                0x00000000000059b4       0x30 zephyr/kernel/libkernel.a(init.c.obj)
 .text.bg_thread_main
                0x00000000000059e4       0xc4 zephyr/kernel/libkernel.a(init.c.obj)
 .text.z_bss_zero
                0x0000000000005aa8       0x18 zephyr/kernel/libkernel.a(init.c.obj)
                0x0000000000005aa8                z_bss_zero
 .text.z_init_cpu
                0x0000000000005ac0       0x68 zephyr/kernel/libkernel.a(init.c.obj)
                0x0000000000005ac0                z_init_cpu
 .text.z_cstart
                0x0000000000005b28       0xc8 zephyr/kernel/libkernel.a(init.c.obj)
                0x0000000000005b28                z_cstart
 .text.init_mem_slab_obj_core_list
                0x0000000000005bf0       0x24 zephyr/kernel/libkernel.a(mem_slab.c.obj)
 .text.k_mem_slab_alloc
                0x0000000000005c14       0x5c zephyr/kernel/libkernel.a(mem_slab.c.obj)
                0x0000000000005c14                k_mem_slab_alloc
 .text.z_impl_k_mutex_lock
                0x0000000000005c70       0xf0 zephyr/kernel/libkernel.a(mutex.c.obj)
                0x0000000000005c70                z_impl_k_mutex_lock
 .text.z_impl_k_mutex_unlock
                0x0000000000005d60       0xa0 zephyr/kernel/libkernel.a(mutex.c.obj)
                0x0000000000005d60                z_impl_k_mutex_unlock
 .text.z_impl_k_queue_get
                0x0000000000005e00       0x64 zephyr/kernel/libkernel.a(queue.c.obj)
                0x0000000000005e00                z_impl_k_queue_get
 .text.z_impl_k_sem_give
                0x0000000000005e64       0x68 zephyr/kernel/libkernel.a(sem.c.obj)
                0x0000000000005e64                z_impl_k_sem_give
 .text.z_impl_k_sem_take
                0x0000000000005ecc       0x4c zephyr/kernel/libkernel.a(sem.c.obj)
                0x0000000000005ecc                z_impl_k_sem_take
 .text.z_impl_k_sem_reset
                0x0000000000005f18       0x74 zephyr/kernel/libkernel.a(sem.c.obj)
                0x0000000000005f18                z_impl_k_sem_reset
 .text.work_queue_main
                0x0000000000005f8c      0x144 zephyr/kernel/libkernel.a(work.c.obj)
 .text.submit_to_queue_locked
                0x00000000000060d0       0xb0 zephyr/kernel/libkernel.a(work.c.obj)
 .text.k_work_queue_start
                0x0000000000006180       0x7c zephyr/kernel/libkernel.a(work.c.obj)
                0x0000000000006180                k_work_queue_start
 .text.k_work_schedule_for_queue
                0x00000000000061fc       0x54 zephyr/kernel/libkernel.a(work.c.obj)
                0x00000000000061fc                k_work_schedule_for_queue
 .text.z_setup_new_thread
                0x0000000000006250       0x70 zephyr/kernel/libkernel.a(thread.c.obj)
                0x0000000000006250                z_setup_new_thread
 .text.z_impl_k_thread_create
                0x00000000000062c0       0x58 zephyr/kernel/libkernel.a(thread.c.obj)
                0x00000000000062c0                z_impl_k_thread_create
 .text.z_dummy_thread_init
                0x0000000000006318       0x14 zephyr/kernel/libkernel.a(thread.c.obj)
                0x0000000000006318                z_dummy_thread_init
 .text.z_swap_irqlock
                0x000000000000632c       0x30 zephyr/kernel/libkernel.a(sched.c.obj)
 .text.ready_thread
                0x000000000000635c       0x84 zephyr/kernel/libkernel.a(sched.c.obj)
 .text.unready_thread
                0x00000000000063e0       0x54 zephyr/kernel/libkernel.a(sched.c.obj)
 .text.move_thread_to_end_of_prio_q
                0x0000000000006434       0x90 zephyr/kernel/libkernel.a(sched.c.obj)
                0x0000000000006434                move_thread_to_end_of_prio_q
 .text.z_pend_curr
                0x00000000000064c4       0x58 zephyr/kernel/libkernel.a(sched.c.obj)
                0x00000000000064c4                z_pend_curr
 .text.z_thread_prio_set
                0x000000000000651c       0xe4 zephyr/kernel/libkernel.a(sched.c.obj)
                0x000000000000651c                z_thread_prio_set
 .text.z_reschedule
                0x0000000000006600       0x24 zephyr/kernel/libkernel.a(sched.c.obj)
                0x0000000000006600                z_reschedule
 .text.z_reschedule_irqlock
                0x0000000000006624       0x28 zephyr/kernel/libkernel.a(sched.c.obj)
                0x0000000000006624                z_reschedule_irqlock
 .text.k_sched_lock
                0x000000000000664c       0x28 zephyr/kernel/libkernel.a(sched.c.obj)
                0x000000000000664c                k_sched_lock
 .text.k_sched_unlock
                0x0000000000006674       0x68 zephyr/kernel/libkernel.a(sched.c.obj)
                0x0000000000006674                k_sched_unlock
 .text.z_sched_init
                0x00000000000066dc       0x10 zephyr/kernel/libkernel.a(sched.c.obj)
                0x00000000000066dc                z_sched_init
 .text.z_impl_k_yield
                0x00000000000066ec       0x88 zephyr/kernel/libkernel.a(sched.c.obj)
                0x00000000000066ec                z_impl_k_yield
 .text.z_tick_sleep
                0x0000000000006774       0x80 zephyr/kernel/libkernel.a(sched.c.obj)
 .text.z_impl_k_usleep
                0x00000000000067f4       0x3c zephyr/kernel/libkernel.a(sched.c.obj)
                0x00000000000067f4                z_impl_k_usleep
 .text.z_impl_k_wakeup
                0x0000000000006830       0x48 zephyr/kernel/libkernel.a(sched.c.obj)
                0x0000000000006830                z_impl_k_wakeup
 .text.z_impl_k_sched_current_thread_query
                0x0000000000006878        0xc zephyr/kernel/libkernel.a(sched.c.obj)
                0x0000000000006878                z_impl_k_sched_current_thread_query
 .text.z_thread_abort
                0x0000000000006884      0x138 zephyr/kernel/libkernel.a(sched.c.obj)
                0x0000000000006884                z_thread_abort
 .text.z_sched_wait
                0x00000000000069bc       0x24 zephyr/kernel/libkernel.a(sched.c.obj)
                0x00000000000069bc                z_sched_wait
 .text.slice_timeout
                0x00000000000069e0       0x20 zephyr/kernel/libkernel.a(timeslicing.c.obj)
 .text.thread_is_sliceable
                0x0000000000006a00       0x3c zephyr/kernel/libkernel.a(timeslicing.c.obj)
                0x0000000000006a00                thread_is_sliceable
 .text.z_reset_time_slice
                0x0000000000006a3c       0x50 zephyr/kernel/libkernel.a(timeslicing.c.obj)
                0x0000000000006a3c                z_reset_time_slice
 .text.z_time_slice
                0x0000000000006a8c       0x60 zephyr/kernel/libkernel.a(timeslicing.c.obj)
                0x0000000000006a8c                z_time_slice
 .text.z_data_copy
                0x0000000000006aec       0x38 zephyr/kernel/libkernel.a(xip.c.obj)
                0x0000000000006aec                z_data_copy
 .text.first    0x0000000000006b24       0x10 zephyr/kernel/libkernel.a(timeout.c.obj)
 .text.elapsed  0x0000000000006b34       0x14 zephyr/kernel/libkernel.a(timeout.c.obj)
 .text.remove_timeout
                0x0000000000006b48       0x38 zephyr/kernel/libkernel.a(timeout.c.obj)
 .text.z_add_timeout
                0x0000000000006b80       0xec zephyr/kernel/libkernel.a(timeout.c.obj)
                0x0000000000006b80                z_add_timeout
 .text.sys_clock_announce
                0x0000000000006c6c       0xbc zephyr/kernel/libkernel.a(timeout.c.obj)
                0x0000000000006c6c                sys_clock_announce
 .text.sys_clock_tick_get
                0x0000000000006d28       0x30 zephyr/kernel/libkernel.a(timeout.c.obj)
                0x0000000000006d28                sys_clock_tick_get
 .text.z_thread_aligned_alloc
                0x0000000000006d58       0x40 zephyr/kernel/libkernel.a(mempool.c.obj)
                0x0000000000006d58                z_thread_aligned_alloc
 .text.boot_banner
                0x0000000000006d98        0xc zephyr/kernel/libkernel.a(banner.c.obj)
                0x0000000000006d98                boot_banner
 .text.statics_init
                0x0000000000006da4       0x24 zephyr/kernel/libkernel.a(kheap.c.obj)
 .text.k_sys_work_q_init
                0x0000000000006dc8       0x34 zephyr/kernel/libkernel.a(system_work_q.c.obj)
 .text.__l_vfprintf
                0x0000000000006dfc      0x4b8 /home/sinis/zephyr-sdk-0.17.0/arm-zephyr-eabi/bin/../lib/gcc/../../picolibc/arm-zephyr-eabi/lib/thumb/v7e-m/nofp/libc.a(libc_tinystdio_vflprintf.c.o)
                0x0000000000006dfc                __l_vfprintf
 .text._OffsetAbsSyms
                0x00000000000072b4        0x2 zephyr/CMakeFiles/offsets.dir/./arch/arm/core/offsets/offsets.c.obj
                0x00000000000072b4                _OffsetAbsSyms
 .text.chunk_size
                0x00000000000072b6        0xa zephyr/libzephyr.a(heap.c.obj)
 .text.free_list_add
                0x00000000000072c0       0x4e zephyr/libzephyr.a(heap.c.obj)
 .text.free_list_remove_bidx
                0x000000000000730e       0x3a zephyr/libzephyr.a(heap.c.obj)
 .text.free_list_remove
                0x0000000000007348       0x1a zephyr/libzephyr.a(heap.c.obj)
 .text.alloc_chunk
                0x0000000000007362       0x6e zephyr/libzephyr.a(heap.c.obj)
 .text.merge_chunks
                0x00000000000073d0       0x2c zephyr/libzephyr.a(heap.c.obj)
 .text.split_chunks
                0x00000000000073fc       0x34 zephyr/libzephyr.a(heap.c.obj)
 .text.free_chunk
                0x0000000000007430       0x62 zephyr/libzephyr.a(heap.c.obj)
 .text.sys_heap_free
                0x0000000000007492       0x1e zephyr/libzephyr.a(heap.c.obj)
                0x0000000000007492                sys_heap_free
 .text.sys_heap_alloc
                0x00000000000074b0       0x52 zephyr/libzephyr.a(heap.c.obj)
                0x00000000000074b0                sys_heap_alloc
 .text.sys_heap_aligned_alloc
                0x0000000000007502       0xd0 zephyr/libzephyr.a(heap.c.obj)
                0x0000000000007502                sys_heap_aligned_alloc
 .text.sys_heap_init
                0x00000000000075d2       0x7a zephyr/libzephyr.a(heap.c.obj)
                0x00000000000075d2                sys_heap_init
 .text.arch_printk_char_out
                0x000000000000764c        0x4 zephyr/libzephyr.a(printk.c.obj)
                0x000000000000764c                arch_printk_char_out
 .text.printk   0x0000000000007650       0x1a zephyr/libzephyr.a(printk.c.obj)
                0x0000000000007650                printk
 .text.sys_slist_find_and_remove
                0x000000000000766a       0x36 zephyr/libzephyr.a(onoff.c.obj)
 .text.process_recheck
                0x00000000000076a0       0x38 zephyr/libzephyr.a(onoff.c.obj)
 .text.validate_args
                0x00000000000076d8       0x20 zephyr/libzephyr.a(onoff.c.obj)
 .text.notify_one
                0x00000000000076f8       0x2c zephyr/libzephyr.a(onoff.c.obj)
 .text.transition_complete
                0x0000000000007724       0x1a zephyr/libzephyr.a(onoff.c.obj)
 .text.onoff_manager_init
                0x000000000000773e       0x26 zephyr/libzephyr.a(onoff.c.obj)
                0x000000000000773e                onoff_manager_init
 .text.onoff_request
                0x0000000000007764       0xae zephyr/libzephyr.a(onoff.c.obj)
                0x0000000000007764                onoff_request
 .text.onoff_release
                0x0000000000007812       0x48 zephyr/libzephyr.a(onoff.c.obj)
                0x0000000000007812                onoff_release
 .text.onoff_cancel
                0x000000000000785a       0x36 zephyr/libzephyr.a(onoff.c.obj)
                0x000000000000785a                onoff_cancel
 .text.sys_notify_validate
                0x0000000000007890       0x22 zephyr/libzephyr.a(notify.c.obj)
                0x0000000000007890                sys_notify_validate
 .text.sys_notify_finalize
                0x00000000000078b2       0x1a zephyr/libzephyr.a(notify.c.obj)
                0x00000000000078b2                sys_notify_finalize
 .text.ring_buf_area_claim
                0x00000000000078cc       0x30 zephyr/libzephyr.a(ring_buffer.c.obj)
                0x00000000000078cc                ring_buf_area_claim
 .text.ring_buf_put_claim
                0x00000000000078fc       0x1e zephyr/libzephyr.a(ring_buffer.c.obj)
 .text.ring_buf_get_claim
                0x000000000000791a       0x1e zephyr/libzephyr.a(ring_buffer.c.obj)
 .text.ring_buf_area_finish
                0x0000000000007938       0x32 zephyr/libzephyr.a(ring_buffer.c.obj)
                0x0000000000007938                ring_buf_area_finish
 .text.ring_buf_put
                0x000000000000796a       0x40 zephyr/libzephyr.a(ring_buffer.c.obj)
                0x000000000000796a                ring_buf_put
 .text.ring_buf_get
                0x00000000000079aa       0x44 zephyr/libzephyr.a(ring_buffer.c.obj)
                0x00000000000079aa                ring_buf_get
 .text._ConfigAbsSyms
                0x00000000000079ee        0x2 zephyr/libzephyr.a(configs.c.obj)
                0x00000000000079ee                _ConfigAbsSyms
 .text.get_ep_bm_from_addr
                0x00000000000079f0       0x1c zephyr/libzephyr.a(usb_device.c.obj)
 .text.usb_write
                0x0000000000007a0c       0x30 zephyr/libzephyr.a(usb_device.c.obj)
                0x0000000000007a0c                usb_write
 .text.usb_get_dev_data_by_cfg
                0x0000000000007a3c       0x18 zephyr/libzephyr.a(usb_descriptor.c.obj)
                0x0000000000007a3c                usb_get_dev_data_by_cfg
 .text.usb_get_dev_data_by_iface
                0x0000000000007a54       0x1c zephyr/libzephyr.a(usb_descriptor.c.obj)
                0x0000000000007a54                usb_get_dev_data_by_iface
 .text.usb_get_dev_data_by_ep
                0x0000000000007a70       0x2c zephyr/libzephyr.a(usb_descriptor.c.obj)
                0x0000000000007a70                usb_get_dev_data_by_ep
 .text.usb_transfer_is_busy
                0x0000000000007a9c       0x16 zephyr/libzephyr.a(usb_transfer.c.obj)
                0x0000000000007a9c                usb_transfer_is_busy
 .text.cdc_interface_config
                0x0000000000007ab2       0x14 zephyr/libzephyr.a(cdc_acm.c.obj)
 .text.cdc_acm_irq_callback_work_handler
                0x0000000000007ac6        0xa zephyr/libzephyr.a(cdc_acm.c.obj)
 .text.cdc_acm_irq_tx_disable
                0x0000000000007ad0        0xa zephyr/libzephyr.a(cdc_acm.c.obj)
 .text.cdc_acm_irq_tx_ready
                0x0000000000007ada       0x20 zephyr/libzephyr.a(cdc_acm.c.obj)
 .text.cdc_acm_irq_rx_disable
                0x0000000000007afa        0xa zephyr/libzephyr.a(cdc_acm.c.obj)
 .text.cdc_acm_irq_rx_ready
                0x0000000000007b04        0xe zephyr/libzephyr.a(cdc_acm.c.obj)
 .text.cdc_acm_irq_is_pending
                0x0000000000007b12       0x1c zephyr/libzephyr.a(cdc_acm.c.obj)
 .text.cdc_acm_irq_callback_set
                0x0000000000007b2e        0x8 zephyr/libzephyr.a(cdc_acm.c.obj)
 .text.cdc_acm_line_ctrl_get
                0x0000000000007b36       0x32 zephyr/libzephyr.a(cdc_acm.c.obj)
 .text.cdc_acm_line_ctrl_set
                0x0000000000007b68       0xbe zephyr/libzephyr.a(cdc_acm.c.obj)
 .text.cdc_acm_fifo_read
                0x0000000000007c26       0x48 zephyr/libzephyr.a(cdc_acm.c.obj)
 .text.cdc_acm_poll_in
                0x0000000000007c6e       0x12 zephyr/libzephyr.a(cdc_acm.c.obj)
 .text.cdc_acm_irq_update
                0x0000000000007c80       0x30 zephyr/libzephyr.a(cdc_acm.c.obj)
 .text.z_arm_fatal_error
                0x0000000000007cb0        0xc zephyr/arch/arch/arm/core/libarch__arm__core.a(fatal.c.obj)
                0x0000000000007cb0                z_arm_fatal_error
 .text.z_do_kernel_oops
                0x0000000000007cbc        0x8 zephyr/arch/arch/arm/core/libarch__arm__core.a(fatal.c.obj)
                0x0000000000007cbc                z_do_kernel_oops
 .text.z_arm_nmi
                0x0000000000007cc4        0xe zephyr/arch/arch/arm/core/libarch__arm__core.a(nmi.c.obj)
                0x0000000000007cc4                z_arm_nmi
 .text.z_irq_spurious
                0x0000000000007cd2        0x8 zephyr/arch/arch/arm/core/cortex_m/libarch__arm__core__cortex_m.a(irq_manage.c.obj)
                0x0000000000007cd2                z_irq_spurious
 .text.arch_irq_unlock_outlined
                0x0000000000007cda        0xe zephyr/arch/arch/arm/core/cortex_m/libarch__arm__core__cortex_m.a(thread.c.obj)
                0x0000000000007cda                arch_irq_unlock_outlined
 .text.arch_cpu_idle
                0x0000000000007ce8       0x1a zephyr/arch/arch/arm/core/cortex_m/libarch__arm__core__cortex_m.a(cpu_idle.c.obj)
                0x0000000000007ce8                arch_cpu_idle
 .text.arch_cpu_atomic_idle
                0x0000000000007d02       0x1e zephyr/arch/arch/arm/core/cortex_m/libarch__arm__core__cortex_m.a(cpu_idle.c.obj)
                0x0000000000007d02                arch_cpu_atomic_idle
 .text.picolibc_put
                0x0000000000007d20        0xa zephyr/lib/libc/picolibc/liblib__libc__picolibc.a(stdio.c.obj)
 .text.ep_ctx_reset
                0x0000000000007d2a       0x26 zephyr/drivers/usb/device/libdrivers__usb__device.a(usb_dc_nrfx.c.obj)
 .text.k_mutex_lock.constprop.0.isra.0
                0x0000000000007d50        0x4 zephyr/drivers/usb/device/libdrivers__usb__device.a(usb_dc_nrfx.c.obj)
 .text.k_mutex_unlock.isra.0
                0x0000000000007d54        0x4 zephyr/drivers/usb/device/libdrivers__usb__device.a(usb_dc_nrfx.c.obj)
 .text.usb_dc_ep_check_cap
                0x0000000000007d58       0x2a zephyr/drivers/usb/device/libdrivers__usb__device.a(usb_dc_nrfx.c.obj)
                0x0000000000007d58                usb_dc_ep_check_cap
 .text.usb_dc_ep_disable
                0x0000000000007d82       0x32 zephyr/drivers/usb/device/libdrivers__usb__device.a(usb_dc_nrfx.c.obj)
                0x0000000000007d82                usb_dc_ep_disable
 .text.usb_dc_ep_read
                0x0000000000007db4       0x1e zephyr/drivers/usb/device/libdrivers__usb__device.a(usb_dc_nrfx.c.obj)
                0x0000000000007db4                usb_dc_ep_read
 .text.ep2bit   0x0000000000007dd2       0x10 zephyr/drivers/usb/common/nrf_usbd_common/libdrivers__usb__common__nrf_usbd_common.a(nrf_usbd_common.c.obj)
 .text.nrf_usbd_common_ep_max_packet_size_set
                0x0000000000007de2        0xa zephyr/drivers/usb/common/nrf_usbd_common/libdrivers__usb__common__nrf_usbd_common.a(nrf_usbd_common.c.obj)
                0x0000000000007de2                nrf_usbd_common_ep_max_packet_size_set
 .text.nrf_usbd_common_ep_status_get
                0x0000000000007dec       0x2c zephyr/drivers/usb/common/nrf_usbd_common/libdrivers__usb__common__nrf_usbd_common.a(nrf_usbd_common.c.obj)
                0x0000000000007dec                nrf_usbd_common_ep_status_get
 .text.get_status
                0x0000000000007e18       0x12 zephyr/drivers/clock_control/libdrivers__clock_control.a(clock_control_nrf.c.obj)
 .text.stop     0x0000000000007e2a       0x52 zephyr/drivers/clock_control/libdrivers__clock_control.a(clock_control_nrf.c.obj)
 .text.api_stop
                0x0000000000007e7c        0x6 zephyr/drivers/clock_control/libdrivers__clock_control.a(clock_control_nrf.c.obj)
 .text.async_start
                0x0000000000007e82       0x5c zephyr/drivers/clock_control/libdrivers__clock_control.a(clock_control_nrf.c.obj)
 .text.api_start
                0x0000000000007ede        0xe zephyr/drivers/clock_control/libdrivers__clock_control.a(clock_control_nrf.c.obj)
 .text.onoff_started_callback
                0x0000000000007eec       0x12 zephyr/drivers/clock_control/libdrivers__clock_control.a(clock_control_nrf.c.obj)
 .text.lfclk_start
                0x0000000000007efe        0x6 zephyr/drivers/clock_control/libdrivers__clock_control.a(clock_control_nrf.c.obj)
 .text.lfclk_stop
                0x0000000000007f04        0x6 zephyr/drivers/clock_control/libdrivers__clock_control.a(clock_control_nrf.c.obj)
 .text.blocking_start_callback
                0x0000000000007f0a        0x6 zephyr/drivers/clock_control/libdrivers__clock_control.a(clock_control_nrf.c.obj)
 .text.gpio_nrfx_port_get_raw
                0x0000000000007f10        0xe zephyr/drivers/gpio/libdrivers__gpio.a(gpio_nrfx.c.obj)
 .text.gpio_nrfx_port_set_masked_raw
                0x0000000000007f1e       0x18 zephyr/drivers/gpio/libdrivers__gpio.a(gpio_nrfx.c.obj)
 .text.gpio_nrfx_port_set_bits_raw
                0x0000000000007f36        0xc zephyr/drivers/gpio/libdrivers__gpio.a(gpio_nrfx.c.obj)
 .text.gpio_nrfx_port_clear_bits_raw
                0x0000000000007f42        0xc zephyr/drivers/gpio/libdrivers__gpio.a(gpio_nrfx.c.obj)
 .text.gpio_nrfx_port_toggle_bits
                0x0000000000007f4e       0x1a zephyr/drivers/gpio/libdrivers__gpio.a(gpio_nrfx.c.obj)
 .text.gpio_nrfx_manage_callback
                0x0000000000007f68       0x52 zephyr/drivers/gpio/libdrivers__gpio.a(gpio_nrfx.c.obj)
 .text.z_impl_hwinfo_get_device_id
                0x0000000000007fba       0x28 zephyr/drivers/hwinfo/libdrivers__hwinfo.a(hwinfo_nrf.c.obj)
                0x0000000000007fba                z_impl_hwinfo_get_device_id
 .text.pinctrl_lookup_state
                0x0000000000007fe2       0x26 zephyr/drivers/pinctrl/libdrivers__pinctrl.a(common.c.obj)
                0x0000000000007fe2                pinctrl_lookup_state
 .text.irq_connect0
                0x0000000000008008        0xa zephyr/drivers/spi/libdrivers__spi.a(spi_nrfx_spim.c.obj)
 .text.spi_context_get_next_buf.constprop.0
                0x0000000000008012       0x26 zephyr/drivers/spi/libdrivers__spi.a(spi_nrfx_spim.c.obj)
 .text.pinctrl_apply_state.constprop.0
                0x0000000000008038       0x20 zephyr/drivers/spi/libdrivers__spi.a(spi_nrfx_spim.c.obj)
 .text.gpio_pin_set_dt.isra.0
                0x0000000000008058       0x28 zephyr/drivers/spi/libdrivers__spi.a(spi_nrfx_spim.c.obj)
 .text._spi_context_cs_control
                0x0000000000008080       0x40 zephyr/drivers/spi/libdrivers__spi.a(spi_nrfx_spim.c.obj)
 .text.spi_context_unlock_unconditionally
                0x00000000000080c0       0x20 zephyr/drivers/spi/libdrivers__spi.a(spi_nrfx_spim.c.obj)
 .text.spi_nrfx_release
                0x00000000000080e0       0x24 zephyr/drivers/spi/libdrivers__spi.a(spi_nrfx_spim.c.obj)
 .text.spi_nrfx_init
                0x0000000000008104       0xb8 zephyr/drivers/spi/libdrivers__spi.a(spi_nrfx_spim.c.obj)
 .text.finish_transaction
                0x00000000000081bc       0x22 zephyr/drivers/spi/libdrivers__spi.a(spi_nrfx_spim.c.obj)
 .text.event_handler
                0x00000000000081de       0xb2 zephyr/drivers/spi/libdrivers__spi.a(spi_nrfx_spim.c.obj)
 .text.spi_nrfx_wake_request
                0x0000000000008290       0x50 zephyr/drivers/spi/libdrivers__spi.a(spi_nrfx_common.c.obj)
                0x0000000000008290                spi_nrfx_wake_request
 .text.event_clear
                0x00000000000082e0       0x18 zephyr/drivers/timer/libdrivers__timer.a(nrf_rtc_timer.c.obj)
 .text.sys_clock_cycle_get_32
                0x00000000000082f8        0x8 zephyr/drivers/timer/libdrivers__timer.a(nrf_rtc_timer.c.obj)
                0x00000000000082f8                sys_clock_cycle_get_32
 .text.nrfx_isr
                0x0000000000008300        0x2 modules/hal_nordic/nrfx/libmodules__hal_nordic__nrfx.a(nrfx_glue.c.obj)
                0x0000000000008300                nrfx_isr
 .text.nrfx_busy_wait
                0x0000000000008302        0x4 modules/hal_nordic/nrfx/libmodules__hal_nordic__nrfx.a(nrfx_glue.c.obj)
                0x0000000000008302                nrfx_busy_wait
 .text.clock_stop
                0x0000000000008306       0xb0 modules/hal_nordic/nrfx/libmodules__hal_nordic__nrfx.a(nrfx_clock.c.obj)
 .text.nrfx_clock_stop
                0x00000000000083b6        0x4 modules/hal_nordic/nrfx/libmodules__hal_nordic__nrfx.a(nrfx_clock.c.obj)
                0x00000000000083b6                nrfx_clock_stop
 .text.nrf_gpio_reconfigure
                0x00000000000083ba       0x92 modules/hal_nordic/nrfx/libmodules__hal_nordic__nrfx.a(nrfx_gpiote.c.obj)
 .text.nrf_gpio_cfg_sense_set
                0x000000000000844c       0x1e modules/hal_nordic/nrfx/libmodules__hal_nordic__nrfx.a(nrfx_gpiote.c.obj)
 .text.pin_in_event_get.isra.0
                0x000000000000846a       0x22 modules/hal_nordic/nrfx/libmodules__hal_nordic__nrfx.a(nrfx_gpiote.c.obj)
 .text.pin_trigger_disable
                0x000000000000848c       0x48 modules/hal_nordic/nrfx/libmodules__hal_nordic__nrfx.a(nrfx_gpiote.c.obj)
 .text.nrfx_gpiote_pin_uninit
                0x00000000000084d4        0x4 modules/hal_nordic/nrfx/libmodules__hal_nordic__nrfx.a(nrfx_gpiote.c.obj)
                0x00000000000084d4                nrfx_gpiote_pin_uninit
 .text.nrfx_gpiote_trigger_disable
                0x00000000000084d8        0x4 modules/hal_nordic/nrfx/libmodules__hal_nordic__nrfx.a(nrfx_gpiote.c.obj)
                0x00000000000084d8                nrfx_gpiote_trigger_disable
 .text.nrfx_gpiote_in_event_get
                0x00000000000084dc        0x6 modules/hal_nordic/nrfx/libmodules__hal_nordic__nrfx.a(nrfx_gpiote.c.obj)
                0x00000000000084dc                nrfx_gpiote_in_event_get
 .text.nrf_power_event_get_and_clear.constprop.0
                0x00000000000084e2       0x18 modules/hal_nordic/nrfx/libmodules__hal_nordic__nrfx.a(nrfx_power.c.obj)
 .text.nrfx_power_usbevt_enable
                0x00000000000084fa        0xe modules/hal_nordic/nrfx/libmodules__hal_nordic__nrfx.a(nrfx_power.c.obj)
                0x00000000000084fa                nrfx_power_usbevt_enable
 .text.nrfx_power_usbevt_disable
                0x0000000000008508        0xe modules/hal_nordic/nrfx/libmodules__hal_nordic__nrfx.a(nrfx_power.c.obj)
                0x0000000000008508                nrfx_power_usbevt_disable
 .text.nrfx_power_clock_irq_handler
                0x0000000000008516        0xe modules/hal_nordic/nrfx/libmodules__hal_nordic__nrfx.a(nrfx_power.c.obj)
                0x0000000000008516                nrfx_power_clock_irq_handler
 .text.__nrfy_internal_spim_event_handle
                0x0000000000008524       0x2a modules/hal_nordic/nrfx/libmodules__hal_nordic__nrfx.a(nrfx_spim.c.obj)
 .text.__nrfy_internal_spim_events_process
                0x000000000000854e       0x7c modules/hal_nordic/nrfx/libmodules__hal_nordic__nrfx.a(nrfx_spim.c.obj)
 .text.nrf_gpio_pin_set
                0x00000000000085ca       0x1a modules/hal_nordic/nrfx/libmodules__hal_nordic__nrfx.a(nrfx_spim.c.obj)
 .text.nrf_gpio_pin_clear
                0x00000000000085e4       0x1a modules/hal_nordic/nrfx/libmodules__hal_nordic__nrfx.a(nrfx_spim.c.obj)
 .text.spim_abort
                0x00000000000085fe       0x2c modules/hal_nordic/nrfx/libmodules__hal_nordic__nrfx.a(nrfx_spim.c.obj)
 .text.z_impl_k_busy_wait
                0x000000000000862a        0x8 zephyr/kernel/libkernel.a(busy_wait.c.obj)
                0x000000000000862a                z_impl_k_busy_wait
 .text.z_device_state_init
                0x0000000000008632        0x2 zephyr/kernel/libkernel.a(device.c.obj)
                0x0000000000008632                z_device_state_init
 .text.z_impl_device_is_ready
                0x0000000000008634       0x16 zephyr/kernel/libkernel.a(device.c.obj)
                0x0000000000008634                z_impl_device_is_ready
 .text.arch_system_halt
                0x000000000000864a       0x10 zephyr/kernel/libkernel.a(fatal.c.obj)
                0x000000000000864a                arch_system_halt
 .text.k_sys_fatal_error_handler
                0x000000000000865a        0x6 zephyr/kernel/libkernel.a(fatal.c.obj)
                0x000000000000865a                k_sys_fatal_error_handler
 .text.do_device_init
                0x0000000000008660       0x2e zephyr/kernel/libkernel.a(init.c.obj)
 .text.z_early_memset
                0x000000000000868e        0x4 zephyr/kernel/libkernel.a(init.c.obj)
                0x000000000000868e                z_early_memset
 .text.z_early_memcpy
                0x0000000000008692        0x4 zephyr/kernel/libkernel.a(init.c.obj)
                0x0000000000008692                z_early_memcpy
 .text.z_init_static
                0x0000000000008696        0x2 zephyr/kernel/libkernel.a(init_static.c.obj)
                0x0000000000008696                z_init_static
 .text.create_free_list
                0x0000000000008698       0x34 zephyr/kernel/libkernel.a(mem_slab.c.obj)
 .text.k_mem_slab_free
                0x00000000000086cc       0x6e zephyr/kernel/libkernel.a(mem_slab.c.obj)
                0x00000000000086cc                k_mem_slab_free
 .text.idle     0x000000000000873a       0x16 zephyr/kernel/libkernel.a(idle.c.obj)
                0x000000000000873a                idle
 .text.adjust_owner_prio.isra.0
                0x0000000000008750       0x10 zephyr/kernel/libkernel.a(mutex.c.obj)
 .text.z_impl_k_mutex_init
                0x0000000000008760        0xe zephyr/kernel/libkernel.a(mutex.c.obj)
                0x0000000000008760                z_impl_k_mutex_init
 .text.unpend_thread_no_timeout
                0x000000000000876e       0x1a zephyr/kernel/libkernel.a(queue.c.obj)
 .text.queue_insert
                0x0000000000008788       0xd0 zephyr/kernel/libkernel.a(queue.c.obj)
 .text.z_queue_node_peek
                0x0000000000008858       0x18 zephyr/kernel/libkernel.a(queue.c.obj)
                0x0000000000008858                z_queue_node_peek
 .text.k_queue_append
                0x0000000000008870       0x16 zephyr/kernel/libkernel.a(queue.c.obj)
                0x0000000000008870                k_queue_append
 .text.z_impl_k_sem_init
                0x0000000000008886       0x18 zephyr/kernel/libkernel.a(sem.c.obj)
                0x0000000000008886                z_impl_k_sem_init
 .text.flag_test_and_clear
                0x000000000000889e       0x16 zephyr/kernel/libkernel.a(work.c.obj)
 .text.notify_queue_locked.isra.0
                0x00000000000088b4        0xe zephyr/kernel/libkernel.a(work.c.obj)
 .text.work_timeout
                0x00000000000088c2       0x3c zephyr/kernel/libkernel.a(work.c.obj)
 .text.k_work_init
                0x00000000000088fe       0x12 zephyr/kernel/libkernel.a(work.c.obj)
                0x00000000000088fe                k_work_init
 .text.z_work_submit_to_queue
                0x0000000000008910       0x26 zephyr/kernel/libkernel.a(work.c.obj)
                0x0000000000008910                z_work_submit_to_queue
 .text.k_work_submit_to_queue
                0x0000000000008936       0x20 zephyr/kernel/libkernel.a(work.c.obj)
                0x0000000000008936                k_work_submit_to_queue
 .text.k_work_init_delayable
                0x0000000000008956       0x18 zephyr/kernel/libkernel.a(work.c.obj)
                0x0000000000008956                k_work_init_delayable
 .text.k_is_in_isr
                0x000000000000896e        0xc zephyr/kernel/libkernel.a(thread.c.obj)
                0x000000000000896e                k_is_in_isr
 .text.z_impl_k_thread_name_set
                0x000000000000897a        0x6 zephyr/kernel/libkernel.a(thread.c.obj)
                0x000000000000897a                z_impl_k_thread_name_set
 .text.sys_dlist_remove
                0x0000000000008980       0x10 zephyr/kernel/libkernel.a(sched.c.obj)
 .text.unpend_thread_no_timeout
                0x0000000000008990       0x14 zephyr/kernel/libkernel.a(sched.c.obj)
 .text.add_to_waitq_locked
                0x00000000000089a4       0x50 zephyr/kernel/libkernel.a(sched.c.obj)
 .text.z_ready_thread
                0x00000000000089f4       0x1e zephyr/kernel/libkernel.a(sched.c.obj)
                0x00000000000089f4                z_ready_thread
 .text.z_unpend_thread_no_timeout
                0x0000000000008a12       0x22 zephyr/kernel/libkernel.a(sched.c.obj)
                0x0000000000008a12                z_unpend_thread_no_timeout
 .text.z_sched_wake_thread
                0x0000000000008a34       0x3a zephyr/kernel/libkernel.a(sched.c.obj)
                0x0000000000008a34                z_sched_wake_thread
 .text.z_thread_timeout
                0x0000000000008a6e        0x8 zephyr/kernel/libkernel.a(sched.c.obj)
                0x0000000000008a6e                z_thread_timeout
 .text.z_unpend_thread
                0x0000000000008a76       0x10 zephyr/kernel/libkernel.a(sched.c.obj)
                0x0000000000008a76                z_unpend_thread
 .text.z_unpend_all
                0x0000000000008a86       0x28 zephyr/kernel/libkernel.a(sched.c.obj)
                0x0000000000008a86                z_unpend_all
 .text.z_impl_k_sleep
                0x0000000000008aae       0x4e zephyr/kernel/libkernel.a(sched.c.obj)
                0x0000000000008aae                z_impl_k_sleep
 .text.z_sched_wake
                0x0000000000008afc       0x44 zephyr/kernel/libkernel.a(sched.c.obj)
                0x0000000000008afc                z_sched_wake
 .text.next_timeout
                0x0000000000008b40       0x32 zephyr/kernel/libkernel.a(timeout.c.obj)
 .text.z_abort_timeout
                0x0000000000008b72       0x42 zephyr/kernel/libkernel.a(timeout.c.obj)
                0x0000000000008b72                z_abort_timeout
 .text.sys_clock_tick_get_32
                0x0000000000008bb4        0x8 zephyr/kernel/libkernel.a(timeout.c.obj)
                0x0000000000008bb4                sys_clock_tick_get_32
 .text.sys_timepoint_calc
                0x0000000000008bbc       0x48 zephyr/kernel/libkernel.a(timeout.c.obj)
                0x0000000000008bbc                sys_timepoint_calc
 .text.sys_timepoint_timeout
                0x0000000000008c04       0x42 zephyr/kernel/libkernel.a(timeout.c.obj)
                0x0000000000008c04                sys_timepoint_timeout
 .text.k_free   0x0000000000008c46        0xe zephyr/kernel/libkernel.a(mempool.c.obj)
                0x0000000000008c46                k_free
 .text.k_heap_init
                0x0000000000008c54       0x10 zephyr/kernel/libkernel.a(kheap.c.obj)
                0x0000000000008c54                k_heap_init
 .text.k_heap_aligned_alloc
                0x0000000000008c64       0x82 zephyr/kernel/libkernel.a(kheap.c.obj)
                0x0000000000008c64                k_heap_aligned_alloc
 .text.k_heap_free
                0x0000000000008ce6       0x38 zephyr/kernel/libkernel.a(kheap.c.obj)
                0x0000000000008ce6                k_heap_free
 .text.memcpy   0x0000000000008d1e       0x1c /home/sinis/zephyr-sdk-0.17.0/arm-zephyr-eabi/bin/../lib/gcc/../../picolibc/arm-zephyr-eabi/lib/thumb/v7e-m/nofp/libc.a(memcpy.c.o)
                0x0000000000008d1e                memcpy
                0x0000000000008d1e                __aeabi_memcpy
                0x0000000000008d1e                __aeabi_memcpy4
                0x0000000000008d1e                __aeabi_memcpy8
 .text.memset   0x0000000000008d3a       0x10 /home/sinis/zephyr-sdk-0.17.0/arm-zephyr-eabi/bin/../lib/gcc/../../picolibc/arm-zephyr-eabi/lib/thumb/v7e-m/nofp/libc.a(memset.c.o)
                0x0000000000008d3a                memset
 .text.strnlen  0x0000000000008d4a       0x18 /home/sinis/zephyr-sdk-0.17.0/arm-zephyr-eabi/bin/../lib/gcc/../../picolibc/arm-zephyr-eabi/lib/thumb/v7e-m/nofp/libc.a(libc_string_strnlen.c.o)
                0x0000000000008d4a                strnlen
 .text.__ultoa_invert
                0x0000000000008d62       0xae /home/sinis/zephyr-sdk-0.17.0/arm-zephyr-eabi/bin/../lib/gcc/../../picolibc/arm-zephyr-eabi/lib/thumb/v7e-m/nofp/libc.a(libc_tinystdio_vflprintf.c.o)
 *(SORT_BY_ALIGNMENT(.TEXT.*))
 .TEXT.__aeabi_read_tp
                0x0000000000008e10        0xc zephyr/arch/arch/arm/core/cortex_m/libarch__arm__core__cortex_m.a(__aeabi_read_tp.S.obj)
                0x0000000000008e10                __aeabi_read_tp
 *(SORT_BY_ALIGNMENT(.gnu.linkonce.t.*))
 *(SORT_BY_ALIGNMENT(.glue_7t))
 .glue_7t       0x0000000000008e1c        0x0 linker stubs
 *(SORT_BY_ALIGNMENT(.glue_7))
 .glue_7        0x0000000000008e1c        0x0 linker stubs
 *(SORT_BY_ALIGNMENT(.vfp11_veneer))
 .vfp11_veneer  0x0000000000008e1c        0x0 linker stubs
 *(SORT_BY_ALIGNMENT(.v4_bx))
 .v4_bx         0x0000000000008e1c        0x0 linker stubs
                0x0000000000008e1c                . = ALIGN (0x4)
                0x0000000000008e1c                __text_region_end = .

.ARM.exidx      0x0000000000008e1c        0x8
                0x0000000000008e1c                __exidx_start = .
 *(SORT_BY_ALIGNMENT(.ARM.exidx*) SORT_BY_ALIGNMENT(gnu.linkonce.armexidx.*))
 .ARM.exidx     0x0000000000008e1c        0x8 /home/sinis/zephyr-sdk-0.17.0/arm-zephyr-eabi/bin/../lib/gcc/../../picolibc/arm-zephyr-eabi/lib/thumb/v7e-m/nofp/libc.a(strcmp.S.o)
 .ARM.exidx     0x0000000000008e24        0x0 /home/sinis/zephyr-sdk-0.17.0/arm-zephyr-eabi/bin/../lib/gcc/../../picolibc/arm-zephyr-eabi/lib/thumb/v7e-m/nofp/libc.a(strlen.S.o)
                                          0x8 (size before relaxing)
 .ARM.exidx     0x0000000000008e24        0x0 /home/sinis/zephyr-sdk-0.17.0/arm-zephyr-eabi/bin/../lib/gcc/arm-zephyr-eabi/12.2.0/thumb/v7e-m/nofp/libgcc.a(_udivmoddi4.o)
                                          0x8 (size before relaxing)
                0x0000000000008e24                __exidx_end = .
                0x0000000000008e24                __rodata_region_start = .

initlevel       0x0000000000008e24       0x70
                0x0000000000008e24                __init_start = .
                0x0000000000008e24                __init_EARLY_start = .
 *(SORT_BY_NAME(SORT_BY_ALIGNMENT(.z_init_EARLY_P_?_*)))
 *(SORT_BY_NAME(SORT_BY_ALIGNMENT(.z_init_EARLY_P_??_*)))
 *(SORT_BY_NAME(SORT_BY_ALIGNMENT(.z_init_EARLY_P_???_*)))
                0x0000000000008e24                __init_PRE_KERNEL_1_start = .
 *(SORT_BY_NAME(SORT_BY_ALIGNMENT(.z_init_PRE_KERNEL_1_P_?_*)))
 .z_init_PRE_KERNEL_1_P_0_SUB_0_
                0x0000000000008e24        0x8 zephyr/soc/soc/nrf52833/libsoc__nordic.a(soc.c.obj)
 *(SORT_BY_NAME(SORT_BY_ALIGNMENT(.z_init_PRE_KERNEL_1_P_??_*)))
 .z_init_PRE_KERNEL_1_P_30_SUB_00028_
                0x0000000000008e2c        0x8 zephyr/drivers/clock_control/libdrivers__clock_control.a(clock_control_nrf.c.obj)
 .z_init_PRE_KERNEL_1_P_30_SUB_0_
                0x0000000000008e34        0x8 zephyr/kernel/libkernel.a(mem_slab.c.obj)
 .z_init_PRE_KERNEL_1_P_30_SUB_0_
                0x0000000000008e3c        0x8 zephyr/kernel/libkernel.a(kheap.c.obj)
 .z_init_PRE_KERNEL_1_P_40_SUB_00013_
                0x0000000000008e44        0x8 zephyr/drivers/gpio/libdrivers__gpio.a(gpio_nrfx.c.obj)
 .z_init_PRE_KERNEL_1_P_40_SUB_00038_
                0x0000000000008e4c        0x8 zephyr/drivers/gpio/libdrivers__gpio.a(gpio_nrfx.c.obj)
 .z_init_PRE_KERNEL_1_P_50_SUB_00087_
                0x0000000000008e54        0x8 zephyr/libzephyr.a(cdc_acm.c.obj)
 .z_init_PRE_KERNEL_1_P_60_SUB_0_
                0x0000000000008e5c        0x8 zephyr/drivers/console/libdrivers__console.a(uart_console.c.obj)
 *(SORT_BY_NAME(SORT_BY_ALIGNMENT(.z_init_PRE_KERNEL_1_P_???_*)))
                0x0000000000008e64                __init_PRE_KERNEL_2_start = .
 *(SORT_BY_NAME(SORT_BY_ALIGNMENT(.z_init_PRE_KERNEL_2_P_?_*)))
 .z_init_PRE_KERNEL_2_P_0_SUB_0_
                0x0000000000008e64        0x8 zephyr/drivers/timer/libdrivers__timer.a(nrf_rtc_timer.c.obj)
 *(SORT_BY_NAME(SORT_BY_ALIGNMENT(.z_init_PRE_KERNEL_2_P_??_*)))
 *(SORT_BY_NAME(SORT_BY_ALIGNMENT(.z_init_PRE_KERNEL_2_P_???_*)))
                0x0000000000008e6c                __init_POST_KERNEL_start = .
 *(SORT_BY_NAME(SORT_BY_ALIGNMENT(.z_init_POST_KERNEL_P_?_*)))
 *(SORT_BY_NAME(SORT_BY_ALIGNMENT(.z_init_POST_KERNEL_P_??_*)))
 .z_init_POST_KERNEL_P_35_SUB_0_
                0x0000000000008e6c        0x8 zephyr/lib/libc/common/liblib__libc__common.a(malloc.c.obj)
 .z_init_POST_KERNEL_P_40_SUB_0_
                0x0000000000008e74        0x8 zephyr/libzephyr.a(usb_work_q.c.obj)
 .z_init_POST_KERNEL_P_40_SUB_0_
                0x0000000000008e7c        0x8 zephyr/kernel/libkernel.a(system_work_q.c.obj)
 .z_init_POST_KERNEL_P_50_SUB_00084_
                0x0000000000008e84        0x8 zephyr/drivers/spi/libdrivers__spi.a(spi_nrfx_spim.c.obj)
 .z_init_POST_KERNEL_P_50_SUB_0_
                0x0000000000008e8c        0x8 zephyr/drivers/usb/device/libdrivers__usb__device.a(usb_dc_nrfx.c.obj)
 *(SORT_BY_NAME(SORT_BY_ALIGNMENT(.z_init_POST_KERNEL_P_???_*)))
                0x0000000000008e94                __init_APPLICATION_start = .
 *(SORT_BY_NAME(SORT_BY_ALIGNMENT(.z_init_APPLICATION_P_?_*)))
 *(SORT_BY_NAME(SORT_BY_ALIGNMENT(.z_init_APPLICATION_P_??_*)))
 *(SORT_BY_NAME(SORT_BY_ALIGNMENT(.z_init_APPLICATION_P_???_*)))
                0x0000000000008e94                __init_SMP_start = .
 *(SORT_BY_NAME(SORT_BY_ALIGNMENT(.z_init_SMP_P_?_*)))
 *(SORT_BY_NAME(SORT_BY_ALIGNMENT(.z_init_SMP_P_??_*)))
 *(SORT_BY_NAME(SORT_BY_ALIGNMENT(.z_init_SMP_P_???_*)))
                0x0000000000008e94                __init_end = .

device_area     0x0000000000008e94       0xa0
                0x0000000000008e94                _device_list_start = .
 *(SORT_BY_NAME(SORT_BY_ALIGNMENT(._device.static.*_?_*)))
 *(SORT_BY_NAME(SORT_BY_ALIGNMENT(._device.static.*_??_*)))
 ._device.static.1_30_
                0x0000000000008e94       0x20 zephyr/drivers/clock_control/libdrivers__clock_control.a(clock_control_nrf.c.obj)
                0x0000000000008e94                __device_dts_ord_28
 ._device.static.1_40_
                0x0000000000008eb4       0x40 zephyr/drivers/gpio/libdrivers__gpio.a(gpio_nrfx.c.obj)
                0x0000000000008eb4                __device_dts_ord_38
                0x0000000000008ed4                __device_dts_ord_13
 ._device.static.1_50_
                0x0000000000008ef4       0x20 zephyr/libzephyr.a(cdc_acm.c.obj)
                0x0000000000008ef4                __device_dts_ord_87
 ._device.static.3_50_
                0x0000000000008f14       0x20 zephyr/drivers/spi/libdrivers__spi.a(spi_nrfx_spim.c.obj)
                0x0000000000008f14                __device_dts_ord_84
 *(SORT_BY_NAME(SORT_BY_ALIGNMENT(._device.static.*_???_*)))
 *(SORT_BY_NAME(SORT_BY_ALIGNMENT(._device.static.*_????_*)))
 *(SORT_BY_NAME(SORT_BY_ALIGNMENT(._device.static.*_?????_*)))
                0x0000000000008f34                _device_list_end = .

sw_isr_table    0x0000000000008f34      0x180
                0x0000000000008f34                . = ALIGN (0x4)
 *(SORT_BY_ALIGNMENT(.gnu.linkonce.sw_isr_table*))
 .gnu.linkonce.sw_isr_table
                0x0000000000008f34      0x180 zephyr/arch/common/libisr_tables.a(isr_tables.c.obj)
                0x0000000000008f34                _sw_isr_table

initlevel_error
                0x0000000000008e24        0x0
 *(SORT_BY_NAME(SORT_BY_ALIGNMENT(.z_init_*)))
                0x0000000000000001                ASSERT ((SIZEOF (initlevel_error) == 0x0), Undefined initialization levels used.)

app_shmem_regions
                0x00000000000090b4        0x0
                0x00000000000090b4                __app_shmem_regions_start = .
 *(SORT_BY_NAME(SORT_BY_ALIGNMENT(.app_regions.*)))
                0x00000000000090b4                __app_shmem_regions_end = .

k_p4wq_initparam_area
                0x00000000000090b4        0x0
                0x00000000000090b4                _k_p4wq_initparam_list_start = .
 *(SORT_BY_NAME(SORT_BY_ALIGNMENT(._k_p4wq_initparam.static.*)))
                0x00000000000090b4                _k_p4wq_initparam_list_end = .

_static_thread_data_area
                0x00000000000090b4        0x0
                0x00000000000090b4                __static_thread_data_list_start = .
 *(SORT_BY_NAME(SORT_BY_ALIGNMENT(.__static_thread_data.static.*)))
                0x00000000000090b4                __static_thread_data_list_end = .

device_deps     0x00000000000090b4        0x0
                0x00000000000090b4                __device_deps_start = .
 *(SORT_BY_NAME(SORT_BY_ALIGNMENT(.__device_deps_pass2*)))
                0x00000000000090b4                __device_deps_end = .

gpio_driver_api_area
                0x00000000000090b4       0x24
                0x00000000000090b4                _gpio_driver_api_list_start = .
 *(SORT_BY_NAME(SORT_BY_ALIGNMENT(._gpio_driver_api.static.*)))
 ._gpio_driver_api.static.gpio_nrfx_drv_api_funcs_
                0x00000000000090b4       0x24 zephyr/drivers/gpio/libdrivers__gpio.a(gpio_nrfx.c.obj)
                0x00000000000090d8                _gpio_driver_api_list_end = .

spi_driver_api_area
                0x00000000000090d8        0x8
                0x00000000000090d8                _spi_driver_api_list_start = .
 *(SORT_BY_NAME(SORT_BY_ALIGNMENT(._spi_driver_api.static.*)))
 ._spi_driver_api.static.spi_nrfx_driver_api_
                0x00000000000090d8        0x8 zephyr/drivers/spi/libdrivers__spi.a(spi_nrfx_spim.c.obj)
                0x00000000000090e0                _spi_driver_api_list_end = .

shared_irq_driver_api_area
                0x00000000000090e0        0x0
                0x00000000000090e0                _shared_irq_driver_api_list_start = .
 *(SORT_BY_NAME(SORT_BY_ALIGNMENT(._shared_irq_driver_api.static.*)))
                0x00000000000090e0                _shared_irq_driver_api_list_end = .

crypto_driver_api_area
                0x00000000000090e0        0x0
                0x00000000000090e0                _crypto_driver_api_list_start = .
 *(SORT_BY_NAME(SORT_BY_ALIGNMENT(._crypto_driver_api.static.*)))
                0x00000000000090e0                _crypto_driver_api_list_end = .

adc_driver_api_area
                0x00000000000090e0        0x0
                0x00000000000090e0                _adc_driver_api_list_start = .
 *(SORT_BY_NAME(SORT_BY_ALIGNMENT(._adc_driver_api.static.*)))
                0x00000000000090e0                _adc_driver_api_list_end = .

auxdisplay_driver_api_area
                0x00000000000090e0        0x0
                0x00000000000090e0                _auxdisplay_driver_api_list_start = .
 *(SORT_BY_NAME(SORT_BY_ALIGNMENT(._auxdisplay_driver_api.static.*)))
                0x00000000000090e0                _auxdisplay_driver_api_list_end = .

bbram_driver_api_area
                0x00000000000090e0        0x0
                0x00000000000090e0                _bbram_driver_api_list_start = .
 *(SORT_BY_NAME(SORT_BY_ALIGNMENT(._bbram_driver_api.static.*)))
                0x00000000000090e0                _bbram_driver_api_list_end = .

bt_hci_driver_api_area
                0x00000000000090e0        0x0
                0x00000000000090e0                _bt_hci_driver_api_list_start = .
 *(SORT_BY_NAME(SORT_BY_ALIGNMENT(._bt_hci_driver_api.static.*)))
                0x00000000000090e0                _bt_hci_driver_api_list_end = .

can_driver_api_area
                0x00000000000090e0        0x0
                0x00000000000090e0                _can_driver_api_list_start = .
 *(SORT_BY_NAME(SORT_BY_ALIGNMENT(._can_driver_api.static.*)))
                0x00000000000090e0                _can_driver_api_list_end = .

cellular_driver_api_area
                0x00000000000090e0        0x0
                0x00000000000090e0                _cellular_driver_api_list_start = .
 *(SORT_BY_NAME(SORT_BY_ALIGNMENT(._cellular_driver_api.static.*)))
                0x00000000000090e0                _cellular_driver_api_list_end = .

charger_driver_api_area
                0x00000000000090e0        0x0
                0x00000000000090e0                _charger_driver_api_list_start = .
 *(SORT_BY_NAME(SORT_BY_ALIGNMENT(._charger_driver_api.static.*)))
                0x00000000000090e0                _charger_driver_api_list_end = .

clock_control_driver_api_area
                0x00000000000090e0       0x1c
                0x00000000000090e0                _clock_control_driver_api_list_start = .
 *(SORT_BY_NAME(SORT_BY_ALIGNMENT(._clock_control_driver_api.static.*)))
 ._clock_control_driver_api.static.clock_control_api_
                0x00000000000090e0       0x1c zephyr/drivers/clock_control/libdrivers__clock_control.a(clock_control_nrf.c.obj)
                0x00000000000090fc                _clock_control_driver_api_list_end = .

comparator_driver_api_area
                0x00000000000090fc        0x0
                0x00000000000090fc                _comparator_driver_api_list_start = .
 *(SORT_BY_NAME(SORT_BY_ALIGNMENT(._comparator_driver_api.static.*)))
                0x00000000000090fc                _comparator_driver_api_list_end = .

coredump_driver_api_area
                0x00000000000090fc        0x0
                0x00000000000090fc                _coredump_driver_api_list_start = .
 *(SORT_BY_NAME(SORT_BY_ALIGNMENT(._coredump_driver_api.static.*)))
                0x00000000000090fc                _coredump_driver_api_list_end = .

counter_driver_api_area
                0x00000000000090fc        0x0
                0x00000000000090fc                _counter_driver_api_list_start = .
 *(SORT_BY_NAME(SORT_BY_ALIGNMENT(._counter_driver_api.static.*)))
                0x00000000000090fc                _counter_driver_api_list_end = .

dac_driver_api_area
                0x00000000000090fc        0x0
                0x00000000000090fc                _dac_driver_api_list_start = .
 *(SORT_BY_NAME(SORT_BY_ALIGNMENT(._dac_driver_api.static.*)))
                0x00000000000090fc                _dac_driver_api_list_end = .

dai_driver_api_area
                0x00000000000090fc        0x0
                0x00000000000090fc                _dai_driver_api_list_start = .
 *(SORT_BY_NAME(SORT_BY_ALIGNMENT(._dai_driver_api.static.*)))
                0x00000000000090fc                _dai_driver_api_list_end = .

display_driver_api_area
                0x00000000000090fc        0x0
                0x00000000000090fc                _display_driver_api_list_start = .
 *(SORT_BY_NAME(SORT_BY_ALIGNMENT(._display_driver_api.static.*)))
                0x00000000000090fc                _display_driver_api_list_end = .

dma_driver_api_area
                0x00000000000090fc        0x0
                0x00000000000090fc                _dma_driver_api_list_start = .
 *(SORT_BY_NAME(SORT_BY_ALIGNMENT(._dma_driver_api.static.*)))
                0x00000000000090fc                _dma_driver_api_list_end = .

edac_driver_api_area
                0x00000000000090fc        0x0
                0x00000000000090fc                _edac_driver_api_list_start = .
 *(SORT_BY_NAME(SORT_BY_ALIGNMENT(._edac_driver_api.static.*)))
                0x00000000000090fc                _edac_driver_api_list_end = .

eeprom_driver_api_area
                0x00000000000090fc        0x0
                0x00000000000090fc                _eeprom_driver_api_list_start = .
 *(SORT_BY_NAME(SORT_BY_ALIGNMENT(._eeprom_driver_api.static.*)))
                0x00000000000090fc                _eeprom_driver_api_list_end = .

emul_bbram_driver_api_area
                0x00000000000090fc        0x0
                0x00000000000090fc                _emul_bbram_driver_api_list_start = .
 *(SORT_BY_NAME(SORT_BY_ALIGNMENT(._emul_bbram_driver_api.static.*)))
                0x00000000000090fc                _emul_bbram_driver_api_list_end = .

fuel_gauge_emul_driver_api_area
                0x00000000000090fc        0x0
                0x00000000000090fc                _fuel_gauge_emul_driver_api_list_start = .
 *(SORT_BY_NAME(SORT_BY_ALIGNMENT(._fuel_gauge_emul_driver_api.static.*)))
                0x00000000000090fc                _fuel_gauge_emul_driver_api_list_end = .

emul_sensor_driver_api_area
                0x00000000000090fc        0x0
                0x00000000000090fc                _emul_sensor_driver_api_list_start = .
 *(SORT_BY_NAME(SORT_BY_ALIGNMENT(._emul_sensor_driver_api.static.*)))
                0x00000000000090fc                _emul_sensor_driver_api_list_end = .

entropy_driver_api_area
                0x00000000000090fc        0x0
                0x00000000000090fc                _entropy_driver_api_list_start = .
 *(SORT_BY_NAME(SORT_BY_ALIGNMENT(._entropy_driver_api.static.*)))
                0x00000000000090fc                _entropy_driver_api_list_end = .

espi_driver_api_area
                0x00000000000090fc        0x0